<html>
<body>
<pre>
<h1>µVision Build Log</h1>
<h2>Tool Versions:</h2>
IDE-Version: µVision V5.38.0.0
Copyright (C) 2022 ARM Ltd and ARM Germany GmbH. All rights reserved.
License Information: Tarun kumar Nexty electronic Flex license: MDK Essential 5.36 (Flex): 1 user(s) (mdk_essential) Support: Feb 2024
 
Tool Versions:
Toolchain:       MDK Essential 5.36 (Flex): 1 user(s)  Version: 5.36.0.0
Toolchain Path:  C:\Keil_v5\ARM\ARMCC\Bin
C Compiler:      Armcc.exe V5.06 update 7 (build 960)
Assembler:       Armasm.exe V5.06 update 7 (build 960)
Linker/Locator:  ArmLink.exe V5.06 update 7 (build 960)
Library Manager: ArmAr.exe V5.06 update 7 (build 960)
Hex Converter:   FromElf.exe V5.06 update 7 (build 960)
CPU DLL:         SARMCM3.DLL V5.36.0.0
Dialog DLL:      DARMCM1.DLL V1.19.4.0
Target DLL:      Segger\JL2CM3.dll V2.99.40.0
Dialog DLL:      TARMCM1.DLL V1.14.4.0
 
<h2>Project:</h2>
C:\Users\tarun.kumar\Desktop\BB_DRIVE_MODBUS\Modbus Software\BB_V 1.8\Examples\Motor_Application\Keil\A31M22x\A31M22x_FOC_1Shunt.uvprojx
Project File Date:  02/09/2026

<h2>Output:</h2>
*** Using Compiler 'V5.06 update 7 (build 960)', folder: 'C:\Keil_v5\ARM\ARMCC\Bin'
Build target 'A31M22x_FOC_1Shunt'
compiling Analog_Pwm_Output.c...
linking...
Program Size: Code=24512 RO-data=40724 RW-data=400 ZI-data=5344  
FromELF: creating hex file...
".\out\A31M22x_FOC_1Shunt.axf" - 0 Error(s), 0 Warning(s).

<h2>Software Packages used:</h2>

Package Vendor: ARM
                http://www.keil.com/pack/ARM.CMSIS.5.8.0.pack
                ARM.CMSIS.5.8.0
                CMSIS (Common Microcontroller Software Interface Standard)

<h2>Collection of Component include folders:</h2>
  C:/Users/tarun.kumar/AppData/Local/Arm/Packs/ARM/CMSIS/5.8.0/Device/ARM/ARMCM0plus/Include

<h2>Collection of Component Files used:</h2>
Build Time Elapsed:  00:00:01
</pre>
</body>
</html>
