<!doctype html public "-//w3c//dtd html 4.0 transitional//en">
<html><head>
<title>Static Call Graph - [.\out\A31M22x_FOC_1Shunt.axf]</title></head>
<body><HR>
<H1>Static Call Graph for image .\out\A31M22x_FOC_1Shunt.axf</H1><HR>
<BR><P>#&#060CALLGRAPH&#062# ARM Linker, 5060960: Last Updated: Tue Feb 24 10:13:37 2026
<BR><P>
<H3>Maximum Stack Usage =        916 bytes + Unknown(Functions without stacksize, Cycles, Untraceable Function Pointers)</H3><H3>
Call chain for Maximum Stack Depth:</H3>
__rt_entry_main &rArr; main &rArr; MAL_MainLoop &rArr; FAULT_EVENT &rArr; FlashWriting &rArr; Data_write_to_flash &rArr; CFMCProgramPage
<P>
<H3>
Functions with no stack information
</H3><UL>
 <LI><a href="#[ce]">__user_initial_stackheap</a>
</UL>
</UL>
<P>
<H3>
Mutually Recursive functions
</H3> <LI><a href="#[7]">NMI_Handler</a>&nbsp;&nbsp;&nbsp;&rArr;&nbsp;&nbsp;&nbsp;<a href="#[7]">NMI_Handler</a><BR>
 <LI><a href="#[8]">HardFault_Handler</a>&nbsp;&nbsp;&nbsp;&rArr;&nbsp;&nbsp;&nbsp;<a href="#[8]">HardFault_Handler</a><BR>
 <LI><a href="#[9]">SVC_Handler</a>&nbsp;&nbsp;&nbsp;&rArr;&nbsp;&nbsp;&nbsp;<a href="#[9]">SVC_Handler</a><BR>
 <LI><a href="#[a]">PendSV_Handler</a>&nbsp;&nbsp;&nbsp;&rArr;&nbsp;&nbsp;&nbsp;<a href="#[a]">PendSV_Handler</a><BR>
 <LI><a href="#[b]">SysTick_Handler</a>&nbsp;&nbsp;&nbsp;&rArr;&nbsp;&nbsp;&nbsp;<a href="#[b]">SysTick_Handler</a><BR>
 <LI><a href="#[12]">CFMC_IRQHandler</a>&nbsp;&nbsp;&nbsp;&rArr;&nbsp;&nbsp;&nbsp;<a href="#[12]">CFMC_IRQHandler</a><BR>
</UL>
<P>
<H3>
Function Pointers
</H3><UL>
 <LI><a href="#[22]">ADC_IRQHandler</a> from a31m22x_adc.o(.text) referenced from a31m22x_startup_arm.o(RESET)
 <LI><a href="#[12]">CFMC_IRQHandler</a> from a31m22x_startup_arm.o(.text) referenced from a31m22x_startup_arm.o(RESET)
 <LI><a href="#[25]">CMP_IRQHandler</a> from a31m22x_startup_arm.o(.text) referenced from a31m22x_startup_arm.o(RESET)
 <LI><a href="#[23]">CRC_IRQHandler</a> from a31m22x_startup_arm.o(.text) referenced from a31m22x_startup_arm.o(RESET)
 <LI><a href="#[11]">FRT_IRQHandler</a> from a31m22x_startup_arm.o(.text) referenced from a31m22x_startup_arm.o(RESET)
 <LI><a href="#[17]">GPIOA_IRQHandler</a> from a31m22x_startup_arm.o(.text) referenced from a31m22x_startup_arm.o(RESET)
 <LI><a href="#[18]">GPIOB_IRQHandler</a> from motordriverlayer_a31m22x.o(.text) referenced from a31m22x_startup_arm.o(RESET)
 <LI><a href="#[19]">GPIOC_IRQHandler</a> from a31m22x_startup_arm.o(.text) referenced from a31m22x_startup_arm.o(RESET)
 <LI><a href="#[1a]">GPIOD_IRQHandler</a> from a31m22x_startup_arm.o(.text) referenced from a31m22x_startup_arm.o(RESET)
 <LI><a href="#[e]">HSEFAIL_IRQHandler</a> from a31m22x_scu.o(.text) referenced from a31m22x_startup_arm.o(RESET)
 <LI><a href="#[8]">HardFault_Handler</a> from a31m22x_startup_arm.o(.text) referenced from a31m22x_startup_arm.o(RESET)
 <LI><a href="#[1f]">I2C_IRQHandler</a> from a31m22x_startup_arm.o(.text) referenced from a31m22x_startup_arm.o(RESET)
 <LI><a href="#[f]">LSEFAIL_IRQHandler</a> from a31m22x_scu.o(.text) referenced from a31m22x_startup_arm.o(RESET)
 <LI><a href="#[c]">LVI_IRQHandler</a> from lvd_status.o(.text) referenced from a31m22x_startup_arm.o(RESET)
 <LI><a href="#[1c]">MPWMOV_IRQHandler</a> from a31m22x_mpwm.o(.text) referenced from a31m22x_startup_arm.o(RESET)
 <LI><a href="#[1b]">MPWMPROT_IRQHandler</a> from a31m22x_startup_arm.o(.text) referenced from a31m22x_startup_arm.o(RESET)
 <LI><a href="#[1d]">MPWM_IRQHandler</a> from analog_pwm_output.o(.text) referenced from analog_pwm_output.o(.text)
 <LI><a href="#[1d]">MPWM_IRQHandler</a> from analog_pwm_output.o(.text) referenced from a31m22x_startup_arm.o(RESET)
 <LI><a href="#[2b]">MY_HANDLER</a> from digital_pwm_output.o(.text) referenced from digital_pwm_output.o(.text)
 <LI><a href="#[7]">NMI_Handler</a> from a31m22x_startup_arm.o(.text) referenced from a31m22x_startup_arm.o(RESET)
 <LI><a href="#[a]">PendSV_Handler</a> from a31m22x_startup_arm.o(.text) referenced from a31m22x_startup_arm.o(RESET)
 <LI><a href="#[6]">Reset_Handler</a> from a31m22x_startup_arm.o(.text) referenced from a31m22x_startup_arm.o(RESET)
 <LI><a href="#[1e]">SPI_IRQHandler</a> from a31m22x_spi.o(.text) referenced from a31m22x_startup_arm.o(RESET)
 <LI><a href="#[24]">SRAM_IRQHandler</a> from a31m22x_startup_arm.o(.text) referenced from a31m22x_startup_arm.o(RESET)
 <LI><a href="#[9]">SVC_Handler</a> from a31m22x_startup_arm.o(.text) referenced from a31m22x_startup_arm.o(RESET)
 <LI><a href="#[d]">SYSCLKFAIL_IRQHandler</a> from a31m22x_scu.o(.text) referenced from a31m22x_startup_arm.o(RESET)
 <LI><a href="#[b]">SysTick_Handler</a> from a31m22x_startup_arm.o(.text) referenced from a31m22x_startup_arm.o(RESET)
 <LI><a href="#[26]">SystemInit</a> from a31m22x_system.o(.text) referenced from a31m22x_startup_arm.o(.text)
 <LI><a href="#[13]">TIMER0_IRQHandler</a> from a31m22x_timer.o(.text) referenced from a31m22x_startup_arm.o(RESET)
 <LI><a href="#[14]">TIMER1_IRQHandler</a> from a31m22x_timer.o(.text) referenced from a31m22x_startup_arm.o(RESET)
 <LI><a href="#[15]">TIMER2_IRQHandler</a> from a31m22x_timer.o(.text) referenced from a31m22x_startup_arm.o(RESET)
 <LI><a href="#[16]">TIMER3_IRQHandler</a> from a31m22x_timer.o(.text) referenced from a31m22x_startup_arm.o(RESET)
 <LI><a href="#[20]">UART0_IRQHandler</a> from a31m22x_uart.o(.text) referenced from a31m22x_startup_arm.o(RESET)
 <LI><a href="#[21]">UART1_IRQHandler</a> from a31m22x_uart.o(.text) referenced from a31m22x_startup_arm.o(RESET)
 <LI><a href="#[10]">WDT_IRQHandler</a> from a31m22x_wdt.o(.text) referenced from a31m22x_startup_arm.o(RESET)
 <LI><a href="#[2c]">__main</a> from __main.o(!!!main) referenced from a31m22x_startup_arm.o(.text)
 <LI><a href="#[28]">app_timer_irq_handler</a> from user_timer.o(.text) referenced from user_timer.o(.text)
 <LI><a href="#[29]">uart_irq_handler</a> from modbus_comm.o(.text) referenced from modbus_comm.o(.text)
 <LI><a href="#[2a]">uart_irq_handler_uart0</a> from nxp_comm_uart.o(.text) referenced from nxp_comm_uart.o(.text)
</UL>
<P>
<H3>
Global Symbols
</H3>
<P><STRONG><a name="[2c]"></a>__main</STRONG> (Thumb, 8 bytes, Stack size 0 bytes, __main.o(!!!main))
<BR><BR>[Calls]<UL><LI><a href="#[2e]">&gt;&gt;</a>&nbsp;&nbsp;&nbsp;__rt_entry
<LI><a href="#[2d]">&gt;&gt;</a>&nbsp;&nbsp;&nbsp;__scatterload
</UL>

<P><STRONG><a name="[2d]"></a>__scatterload</STRONG> (Thumb, 0 bytes, Stack size unknown bytes, __scatter.o(!!!scatter))
<BR><BR>[Called By]<UL><LI><a href="#[2c]">&gt;&gt;</a>&nbsp;&nbsp;&nbsp;__main
</UL>

<P><STRONG><a name="[2f]"></a>__scatterload_rt2</STRONG> (Thumb, 52 bytes, Stack size unknown bytes, __scatter.o(!!!scatter), UNUSED)
<BR><BR>[Calls]<UL><LI><a href="#[2e]">&gt;&gt;</a>&nbsp;&nbsp;&nbsp;__rt_entry
</UL>

<P><STRONG><a name="[d8]"></a>__scatterload_rt2_thumb_only</STRONG> (Thumb, 0 bytes, Stack size unknown bytes, __scatter.o(!!!scatter), UNUSED)

<P><STRONG><a name="[d9]"></a>__scatterload_null</STRONG> (Thumb, 0 bytes, Stack size unknown bytes, __scatter.o(!!!scatter), UNUSED)

<P><STRONG><a name="[da]"></a>__scatterload_zeroinit</STRONG> (Thumb, 28 bytes, Stack size unknown bytes, __scatter_zi.o(!!handler_zi), UNUSED)

<P><STRONG><a name="[33]"></a>__rt_lib_init</STRONG> (Thumb, 0 bytes, Stack size unknown bytes, libinit.o(.ARM.Collect$$libinit$$00000000))
<BR><BR>[Called By]<UL><LI><a href="#[32]">&gt;&gt;</a>&nbsp;&nbsp;&nbsp;__rt_entry_li
</UL>

<P><STRONG><a name="[db]"></a>__rt_lib_init_alloca_1</STRONG> (Thumb, 0 bytes, Stack size unknown bytes, libinit2.o(.ARM.Collect$$libinit$$0000002E))

<P><STRONG><a name="[dc]"></a>__rt_lib_init_argv_1</STRONG> (Thumb, 0 bytes, Stack size unknown bytes, libinit2.o(.ARM.Collect$$libinit$$0000002C))

<P><STRONG><a name="[dd]"></a>__rt_lib_init_atexit_1</STRONG> (Thumb, 0 bytes, Stack size unknown bytes, libinit2.o(.ARM.Collect$$libinit$$0000001B))

<P><STRONG><a name="[de]"></a>__rt_lib_init_clock_1</STRONG> (Thumb, 0 bytes, Stack size unknown bytes, libinit2.o(.ARM.Collect$$libinit$$00000021))

<P><STRONG><a name="[df]"></a>__rt_lib_init_cpp_1</STRONG> (Thumb, 0 bytes, Stack size unknown bytes, libinit2.o(.ARM.Collect$$libinit$$00000032))

<P><STRONG><a name="[e0]"></a>__rt_lib_init_exceptions_1</STRONG> (Thumb, 0 bytes, Stack size unknown bytes, libinit2.o(.ARM.Collect$$libinit$$00000030))

<P><STRONG><a name="[e1]"></a>__rt_lib_init_fp_1</STRONG> (Thumb, 0 bytes, Stack size unknown bytes, libinit2.o(.ARM.Collect$$libinit$$00000002))

<P><STRONG><a name="[e2]"></a>__rt_lib_init_fp_trap_1</STRONG> (Thumb, 0 bytes, Stack size unknown bytes, libinit2.o(.ARM.Collect$$libinit$$0000001F))

<P><STRONG><a name="[e3]"></a>__rt_lib_init_getenv_1</STRONG> (Thumb, 0 bytes, Stack size unknown bytes, libinit2.o(.ARM.Collect$$libinit$$00000023))

<P><STRONG><a name="[e4]"></a>__rt_lib_init_heap_1</STRONG> (Thumb, 0 bytes, Stack size unknown bytes, libinit2.o(.ARM.Collect$$libinit$$0000000A))

<P><STRONG><a name="[e5]"></a>__rt_lib_init_lc_collate_1</STRONG> (Thumb, 0 bytes, Stack size unknown bytes, libinit2.o(.ARM.Collect$$libinit$$00000011))

<P><STRONG><a name="[e6]"></a>__rt_lib_init_lc_ctype_1</STRONG> (Thumb, 0 bytes, Stack size unknown bytes, libinit2.o(.ARM.Collect$$libinit$$00000013))

<P><STRONG><a name="[e7]"></a>__rt_lib_init_lc_monetary_1</STRONG> (Thumb, 0 bytes, Stack size unknown bytes, libinit2.o(.ARM.Collect$$libinit$$00000015))

<P><STRONG><a name="[e8]"></a>__rt_lib_init_lc_numeric_1</STRONG> (Thumb, 0 bytes, Stack size unknown bytes, libinit2.o(.ARM.Collect$$libinit$$00000017))

<P><STRONG><a name="[e9]"></a>__rt_lib_init_lc_time_1</STRONG> (Thumb, 0 bytes, Stack size unknown bytes, libinit2.o(.ARM.Collect$$libinit$$00000019))

<P><STRONG><a name="[ea]"></a>__rt_lib_init_preinit_1</STRONG> (Thumb, 0 bytes, Stack size unknown bytes, libinit2.o(.ARM.Collect$$libinit$$00000004))

<P><STRONG><a name="[eb]"></a>__rt_lib_init_rand_1</STRONG> (Thumb, 0 bytes, Stack size unknown bytes, libinit2.o(.ARM.Collect$$libinit$$0000000E))

<P><STRONG><a name="[ec]"></a>__rt_lib_init_return</STRONG> (Thumb, 0 bytes, Stack size unknown bytes, libinit2.o(.ARM.Collect$$libinit$$00000033))

<P><STRONG><a name="[ed]"></a>__rt_lib_init_signal_1</STRONG> (Thumb, 0 bytes, Stack size unknown bytes, libinit2.o(.ARM.Collect$$libinit$$0000001D))

<P><STRONG><a name="[ee]"></a>__rt_lib_init_stdio_1</STRONG> (Thumb, 0 bytes, Stack size unknown bytes, libinit2.o(.ARM.Collect$$libinit$$00000025))

<P><STRONG><a name="[ef]"></a>__rt_lib_init_user_alloc_1</STRONG> (Thumb, 0 bytes, Stack size unknown bytes, libinit2.o(.ARM.Collect$$libinit$$0000000C))

<P><STRONG><a name="[38]"></a>__rt_lib_shutdown</STRONG> (Thumb, 0 bytes, Stack size unknown bytes, libshutdown.o(.ARM.Collect$$libshutdown$$00000000))
<BR><BR>[Called By]<UL><LI><a href="#[37]">&gt;&gt;</a>&nbsp;&nbsp;&nbsp;__rt_exit_ls
</UL>

<P><STRONG><a name="[f0]"></a>__rt_lib_shutdown_cpp_1</STRONG> (Thumb, 0 bytes, Stack size unknown bytes, libshutdown2.o(.ARM.Collect$$libshutdown$$00000004))

<P><STRONG><a name="[f1]"></a>__rt_lib_shutdown_fini_1</STRONG> (Thumb, 0 bytes, Stack size unknown bytes, libshutdown2.o(.ARM.Collect$$libshutdown$$00000002))

<P><STRONG><a name="[f2]"></a>__rt_lib_shutdown_fp_trap_1</STRONG> (Thumb, 0 bytes, Stack size unknown bytes, libshutdown2.o(.ARM.Collect$$libshutdown$$00000009))

<P><STRONG><a name="[f3]"></a>__rt_lib_shutdown_heap_1</STRONG> (Thumb, 0 bytes, Stack size unknown bytes, libshutdown2.o(.ARM.Collect$$libshutdown$$00000011))

<P><STRONG><a name="[f4]"></a>__rt_lib_shutdown_return</STRONG> (Thumb, 0 bytes, Stack size unknown bytes, libshutdown2.o(.ARM.Collect$$libshutdown$$00000012))

<P><STRONG><a name="[f5]"></a>__rt_lib_shutdown_signal_1</STRONG> (Thumb, 0 bytes, Stack size unknown bytes, libshutdown2.o(.ARM.Collect$$libshutdown$$0000000C))

<P><STRONG><a name="[f6]"></a>__rt_lib_shutdown_stdio_1</STRONG> (Thumb, 0 bytes, Stack size unknown bytes, libshutdown2.o(.ARM.Collect$$libshutdown$$00000006))

<P><STRONG><a name="[f7]"></a>__rt_lib_shutdown_user_alloc_1</STRONG> (Thumb, 0 bytes, Stack size unknown bytes, libshutdown2.o(.ARM.Collect$$libshutdown$$0000000E))

<P><STRONG><a name="[2e]"></a>__rt_entry</STRONG> (Thumb, 0 bytes, Stack size unknown bytes, __rtentry.o(.ARM.Collect$$rtentry$$00000000))
<BR><BR>[Called By]<UL><LI><a href="#[2c]">&gt;&gt;</a>&nbsp;&nbsp;&nbsp;__main
<LI><a href="#[2f]">&gt;&gt;</a>&nbsp;&nbsp;&nbsp;__scatterload_rt2
</UL>

<P><STRONG><a name="[f8]"></a>__rt_entry_presh_1</STRONG> (Thumb, 0 bytes, Stack size unknown bytes, __rtentry2.o(.ARM.Collect$$rtentry$$00000002))

<P><STRONG><a name="[30]"></a>__rt_entry_sh</STRONG> (Thumb, 0 bytes, Stack size unknown bytes, __rtentry4.o(.ARM.Collect$$rtentry$$00000004))
<BR><BR>[Stack]<UL><LI>Max Depth = 8 + Unknown Stack Size
<LI>Call Chain = __rt_entry_sh &rArr; __user_setup_stackheap
</UL>
<BR>[Calls]<UL><LI><a href="#[31]">&gt;&gt;</a>&nbsp;&nbsp;&nbsp;__user_setup_stackheap
</UL>

<P><STRONG><a name="[32]"></a>__rt_entry_li</STRONG> (Thumb, 0 bytes, Stack size unknown bytes, __rtentry2.o(.ARM.Collect$$rtentry$$0000000A))
<BR><BR>[Calls]<UL><LI><a href="#[33]">&gt;&gt;</a>&nbsp;&nbsp;&nbsp;__rt_lib_init
</UL>

<P><STRONG><a name="[f9]"></a>__rt_entry_postsh_1</STRONG> (Thumb, 0 bytes, Stack size unknown bytes, __rtentry2.o(.ARM.Collect$$rtentry$$00000009))

<P><STRONG><a name="[34]"></a>__rt_entry_main</STRONG> (Thumb, 0 bytes, Stack size unknown bytes, __rtentry2.o(.ARM.Collect$$rtentry$$0000000D))
<BR><BR>[Stack]<UL><LI>Max Depth = 916 + Unknown Stack Size
<LI>Call Chain = __rt_entry_main &rArr; main &rArr; MAL_MainLoop &rArr; FAULT_EVENT &rArr; FlashWriting &rArr; Data_write_to_flash &rArr; CFMCProgramPage
</UL>
<BR>[Calls]<UL><LI><a href="#[35]">&gt;&gt;</a>&nbsp;&nbsp;&nbsp;main
<LI><a href="#[36]">&gt;&gt;</a>&nbsp;&nbsp;&nbsp;exit
</UL>

<P><STRONG><a name="[fa]"></a>__rt_entry_postli_1</STRONG> (Thumb, 0 bytes, Stack size unknown bytes, __rtentry2.o(.ARM.Collect$$rtentry$$0000000C))

<P><STRONG><a name="[d0]"></a>__rt_exit</STRONG> (Thumb, 0 bytes, Stack size unknown bytes, rtexit.o(.ARM.Collect$$rtexit$$00000000))
<BR><BR>[Called By]<UL><LI><a href="#[36]">&gt;&gt;</a>&nbsp;&nbsp;&nbsp;exit
</UL>

<P><STRONG><a name="[37]"></a>__rt_exit_ls</STRONG> (Thumb, 0 bytes, Stack size unknown bytes, rtexit2.o(.ARM.Collect$$rtexit$$00000003))
<BR><BR>[Calls]<UL><LI><a href="#[38]">&gt;&gt;</a>&nbsp;&nbsp;&nbsp;__rt_lib_shutdown
</UL>

<P><STRONG><a name="[fb]"></a>__rt_exit_prels_1</STRONG> (Thumb, 0 bytes, Stack size unknown bytes, rtexit2.o(.ARM.Collect$$rtexit$$00000002))

<P><STRONG><a name="[39]"></a>__rt_exit_exit</STRONG> (Thumb, 0 bytes, Stack size unknown bytes, rtexit2.o(.ARM.Collect$$rtexit$$00000004))
<BR><BR>[Calls]<UL><LI><a href="#[3a]">&gt;&gt;</a>&nbsp;&nbsp;&nbsp;_sys_exit
</UL>

<P><STRONG><a name="[fc]"></a>SPI_GetStatus</STRONG> (Thumb, 4 bytes, Stack size 0 bytes, motordriverlayer_a31m22x.o(.text), UNUSED)

<P><STRONG><a name="[18]"></a>GPIOB_IRQHandler</STRONG> (Thumb, 2 bytes, Stack size 0 bytes, motordriverlayer_a31m22x.o(.text))
<BR>[Address Reference Count : 1]<UL><LI> a31m22x_startup_arm.o(RESET)
</UL>
<P><STRONG><a name="[65]"></a>USER_ADC_Init</STRONG> (Thumb, 74 bytes, Stack size 0 bytes, motordriverlayer_a31m22x.o(.text))
<BR><BR>[Called By]<UL><LI><a href="#[35]">&gt;&gt;</a>&nbsp;&nbsp;&nbsp;main
</UL>

<P><STRONG><a name="[ab]"></a>MDL_ADC_OPAMP</STRONG> (Thumb, 44 bytes, Stack size 0 bytes, motordriverlayer_a31m22x.o(.text))
<BR><BR>[Called By]<UL><LI><a href="#[aa]">&gt;&gt;</a>&nbsp;&nbsp;&nbsp;ANALOG_SENSE_0_10_VOLT_FILT
<LI><a href="#[70]">&gt;&gt;</a>&nbsp;&nbsp;&nbsp;Volts_10
<LI><a href="#[7f]">&gt;&gt;</a>&nbsp;&nbsp;&nbsp;ANALOG_CONTROL_MODE
</UL>

<P><STRONG><a name="[3b]"></a>MDL_PCU_Init</STRONG> (Thumb, 128 bytes, Stack size 8 bytes, motordriverlayer_a31m22x.o(.text))
<BR><BR>[Stack]<UL><LI>Max Depth = 20<LI>Call Chain = MDL_PCU_Init &rArr; HAL_GPIO_EXTI_Config
</UL>
<BR>[Calls]<UL><LI><a href="#[3c]">&gt;&gt;</a>&nbsp;&nbsp;&nbsp;HAL_GPIO_EXTI_Config
</UL>
<BR>[Called By]<UL><LI><a href="#[35]">&gt;&gt;</a>&nbsp;&nbsp;&nbsp;main
</UL>

<P><STRONG><a name="[69]"></a>USER_OPAMP_Init</STRONG> (Thumb, 38 bytes, Stack size 0 bytes, motordriverlayer_a31m22x.o(.text))
<BR><BR>[Called By]<UL><LI><a href="#[35]">&gt;&gt;</a>&nbsp;&nbsp;&nbsp;main
</UL>

<P><STRONG><a name="[fd]"></a>MDL_IPM_Fault_Setting</STRONG> (Thumb, 2 bytes, Stack size 0 bytes, motordriverlayer_a31m22x.o(.text), UNUSED)

<P><STRONG><a name="[fe]"></a>MDL_FRT_Init</STRONG> (Thumb, 54 bytes, Stack size 0 bytes, motordriverlayer_a31m22x.o(.text), UNUSED)

<P><STRONG><a name="[ff]"></a>MDL_FRT_CNT_Zero</STRONG> (Thumb, 8 bytes, Stack size 0 bytes, motordriverlayer_a31m22x.o(.text), UNUSED)

<P><STRONG><a name="[100]"></a>MDL_FRT_CNT_Read</STRONG> (Thumb, 6 bytes, Stack size 0 bytes, motordriverlayer_a31m22x.o(.text), UNUSED)

<P><STRONG><a name="[101]"></a>MDL_DAC_Init</STRONG> (Thumb, 2 bytes, Stack size 0 bytes, motordriverlayer_a31m22x.o(.text), UNUSED)

<P><STRONG><a name="[102]"></a>MDL_DAC_SetData</STRONG> (Thumb, 2 bytes, Stack size 0 bytes, motordriverlayer_a31m22x.o(.text), UNUSED)

<P><STRONG><a name="[6a]"></a>MDL_WDT_Init</STRONG> (Thumb, 38 bytes, Stack size 0 bytes, motordriverlayer_a31m22x.o(.text))
<BR><BR>[Called By]<UL><LI><a href="#[35]">&gt;&gt;</a>&nbsp;&nbsp;&nbsp;main
</UL>

<P><STRONG><a name="[103]"></a>MDL_WDT_Start</STRONG> (Thumb, 22 bytes, Stack size 0 bytes, motordriverlayer_a31m22x.o(.text), UNUSED)

<P><STRONG><a name="[104]"></a>MDL_WDT_Clear</STRONG> (Thumb, 8 bytes, Stack size 0 bytes, motordriverlayer_a31m22x.o(.text), UNUSED)

<P><STRONG><a name="[105]"></a>SPI_Init</STRONG> (Thumb, 108 bytes, Stack size 4 bytes, motordriverlayer_a31m22x.o(.text), UNUSED)

<P><STRONG><a name="[106]"></a>SPI_Cmd</STRONG> (Thumb, 10 bytes, Stack size 0 bytes, motordriverlayer_a31m22x.o(.text), UNUSED)

<P><STRONG><a name="[107]"></a>SPI_DelayConfig</STRONG> (Thumb, 30 bytes, Stack size 4 bytes, motordriverlayer_a31m22x.o(.text), UNUSED)

<P><STRONG><a name="[108]"></a>SPI_SendData</STRONG> (Thumb, 4 bytes, Stack size 0 bytes, motordriverlayer_a31m22x.o(.text), UNUSED)

<P><STRONG><a name="[109]"></a>GPIODE_IRQHandler</STRONG> (Thumb, 2 bytes, Stack size 0 bytes, motordriverlayer_a31m22x.o(.text), UNUSED)

<P><STRONG><a name="[3d]"></a>DriveStateMachine</STRONG> (Thumb, 132 bytes, Stack size 24 bytes, bharat_bijleee.o(.text), UNUSED)
<BR><BR>[Calls]<UL><LI><a href="#[43]">&gt;&gt;</a>&nbsp;&nbsp;&nbsp;user_delay
<LI><a href="#[3e]">&gt;&gt;</a>&nbsp;&nbsp;&nbsp;SystemHourStatus
<LI><a href="#[45]">&gt;&gt;</a>&nbsp;&nbsp;&nbsp;SET_TARGET_SPEED_TO_MOTOR
<LI><a href="#[40]">&gt;&gt;</a>&nbsp;&nbsp;&nbsp;Read_Flash_U32
<LI><a href="#[42]">&gt;&gt;</a>&nbsp;&nbsp;&nbsp;NodeAddresInit
<LI><a href="#[41]">&gt;&gt;</a>&nbsp;&nbsp;&nbsp;HourCounterInit
<LI><a href="#[3f]">&gt;&gt;</a>&nbsp;&nbsp;&nbsp;FAULT_EVENT
<LI><a href="#[44]">&gt;&gt;</a>&nbsp;&nbsp;&nbsp;EVENT_OCCUR_1_MS
</UL>

<P><STRONG><a name="[46]"></a>MAL_MainLoop</STRONG> (Thumb, 142 bytes, Stack size 0 bytes, bharat_bijleee.o(.text))
<BR><BR>[Stack]<UL><LI>Max Depth = 908<LI>Call Chain = MAL_MainLoop &rArr; FAULT_EVENT &rArr; FlashWriting &rArr; Data_write_to_flash &rArr; CFMCProgramPage
</UL>
<BR>[Calls]<UL><LI><a href="#[43]">&gt;&gt;</a>&nbsp;&nbsp;&nbsp;user_delay
<LI><a href="#[3e]">&gt;&gt;</a>&nbsp;&nbsp;&nbsp;SystemHourStatus
<LI><a href="#[45]">&gt;&gt;</a>&nbsp;&nbsp;&nbsp;SET_TARGET_SPEED_TO_MOTOR
<LI><a href="#[40]">&gt;&gt;</a>&nbsp;&nbsp;&nbsp;Read_Flash_U32
<LI><a href="#[42]">&gt;&gt;</a>&nbsp;&nbsp;&nbsp;NodeAddresInit
<LI><a href="#[41]">&gt;&gt;</a>&nbsp;&nbsp;&nbsp;HourCounterInit
<LI><a href="#[3f]">&gt;&gt;</a>&nbsp;&nbsp;&nbsp;FAULT_EVENT
<LI><a href="#[44]">&gt;&gt;</a>&nbsp;&nbsp;&nbsp;EVENT_OCCUR_1_MS
</UL>
<BR>[Called By]<UL><LI><a href="#[35]">&gt;&gt;</a>&nbsp;&nbsp;&nbsp;main
</UL>

<P><STRONG><a name="[26]"></a>SystemInit</STRONG> (Thumb, 92 bytes, Stack size 0 bytes, a31m22x_system.o(.text))
<BR><BR>[Called By]<UL><LI><a href="#[35]">&gt;&gt;</a>&nbsp;&nbsp;&nbsp;main
</UL>
<BR>[Address Reference Count : 1]<UL><LI> a31m22x_startup_arm.o(.text)
</UL>
<P><STRONG><a name="[10a]"></a>SystemDelay</STRONG> (Thumb, 18 bytes, Stack size 0 bytes, a31m22x_system.o(.text), UNUSED)

<P><STRONG><a name="[48]"></a>HAL_ADC_SetConvSamplingTime</STRONG> (Thumb, 50 bytes, Stack size 4 bytes, a31m22x_adc.o(.text), UNUSED)
<BR><BR>[Called By]<UL><LI><a href="#[47]">&gt;&gt;</a>&nbsp;&nbsp;&nbsp;HAL_ADC_Init
</UL>

<P><STRONG><a name="[47]"></a>HAL_ADC_Init</STRONG> (Thumb, 362 bytes, Stack size 20 bytes, a31m22x_adc.o(.text), UNUSED)
<BR><BR>[Calls]<UL><LI><a href="#[48]">&gt;&gt;</a>&nbsp;&nbsp;&nbsp;HAL_ADC_SetConvSamplingTime
</UL>

<P><STRONG><a name="[10b]"></a>HAL_ADC_DeInit</STRONG> (Thumb, 46 bytes, Stack size 8 bytes, a31m22x_adc.o(.text), UNUSED)

<P><STRONG><a name="[10c]"></a>HAL_ADC_Calibration</STRONG> (Thumb, 2 bytes, Stack size 0 bytes, a31m22x_adc.o(.text), UNUSED)

<P><STRONG><a name="[10d]"></a>HAL_ADC_SetClock</STRONG> (Thumb, 10 bytes, Stack size 0 bytes, a31m22x_adc.o(.text), UNUSED)

<P><STRONG><a name="[10e]"></a>HAL_ADC_SetMR</STRONG> (Thumb, 12 bytes, Stack size 0 bytes, a31m22x_adc.o(.text), UNUSED)

<P><STRONG><a name="[10f]"></a>HAL_ADC_GetData</STRONG> (Thumb, 18 bytes, Stack size 0 bytes, a31m22x_adc.o(.text), UNUSED)

<P><STRONG><a name="[110]"></a>HAL_ADC_GetSequenceData</STRONG> (Thumb, 110 bytes, Stack size 0 bytes, a31m22x_adc.o(.text), UNUSED)

<P><STRONG><a name="[49]"></a>HAL_ADC_SetDMA</STRONG> (Thumb, 54 bytes, Stack size 16 bytes, a31m22x_adc.o(.text), UNUSED)
<BR><BR>[Calls]<UL><LI><a href="#[4b]">&gt;&gt;</a>&nbsp;&nbsp;&nbsp;HAL_DMA_Setup
<LI><a href="#[4a]">&gt;&gt;</a>&nbsp;&nbsp;&nbsp;HAL_DMA_Init
<LI><a href="#[4c]">&gt;&gt;</a>&nbsp;&nbsp;&nbsp;HAL_DMA_Clear
</UL>

<P><STRONG><a name="[4d]"></a>HAL_ADC_StartSingle</STRONG> (Thumb, 120 bytes, Stack size 16 bytes, a31m22x_adc.o(.text), UNUSED)
<BR><BR>[Calls]<UL><LI><a href="#[4e]">&gt;&gt;</a>&nbsp;&nbsp;&nbsp;HAL_DMA_Start
</UL>

<P><STRONG><a name="[4f]"></a>HAL_ADC_StartBurst</STRONG> (Thumb, 168 bytes, Stack size 16 bytes, a31m22x_adc.o(.text), UNUSED)
<BR><BR>[Calls]<UL><LI><a href="#[4e]">&gt;&gt;</a>&nbsp;&nbsp;&nbsp;HAL_DMA_Start
</UL>

<P><STRONG><a name="[50]"></a>HAL_ADC_StartSequence</STRONG> (Thumb, 206 bytes, Stack size 16 bytes, a31m22x_adc.o(.text), UNUSED)
<BR><BR>[Calls]<UL><LI><a href="#[4e]">&gt;&gt;</a>&nbsp;&nbsp;&nbsp;HAL_DMA_Start
</UL>

<P><STRONG><a name="[111]"></a>HAL_ADC_StartMultiple</STRONG> (Thumb, 132 bytes, Stack size 12 bytes, a31m22x_adc.o(.text), UNUSED)

<P><STRONG><a name="[112]"></a>HAL_ADC_Stop</STRONG> (Thumb, 14 bytes, Stack size 0 bytes, a31m22x_adc.o(.text), UNUSED)

<P><STRONG><a name="[113]"></a>HAL_ADC_EnterPowerdownMode</STRONG> (Thumb, 6 bytes, Stack size 0 bytes, a31m22x_adc.o(.text), UNUSED)

<P><STRONG><a name="[114]"></a>HAL_ADC_SelectChannel</STRONG> (Thumb, 50 bytes, Stack size 4 bytes, a31m22x_adc.o(.text), UNUSED)

<P><STRONG><a name="[115]"></a>HAL_ADC_SelectChannel1</STRONG> (Thumb, 12 bytes, Stack size 0 bytes, a31m22x_adc.o(.text), UNUSED)

<P><STRONG><a name="[116]"></a>HAL_ADC_SelectChannel2</STRONG> (Thumb, 12 bytes, Stack size 0 bytes, a31m22x_adc.o(.text), UNUSED)

<P><STRONG><a name="[117]"></a>HAL_ADC_SelectTriggerTimer</STRONG> (Thumb, 50 bytes, Stack size 8 bytes, a31m22x_adc.o(.text), UNUSED)

<P><STRONG><a name="[118]"></a>HAL_ADC_SelectTriggerMPWM</STRONG> (Thumb, 50 bytes, Stack size 8 bytes, a31m22x_adc.o(.text), UNUSED)

<P><STRONG><a name="[119]"></a>HAL_ADC_GetStatus</STRONG> (Thumb, 14 bytes, Stack size 0 bytes, a31m22x_adc.o(.text), UNUSED)

<P><STRONG><a name="[11a]"></a>HAL_ADC_ClearStatus</STRONG> (Thumb, 12 bytes, Stack size 0 bytes, a31m22x_adc.o(.text), UNUSED)

<P><STRONG><a name="[11b]"></a>HAL_ADC_SetIRQ</STRONG> (Thumb, 62 bytes, Stack size 4 bytes, a31m22x_adc.o(.text), UNUSED)

<P><STRONG><a name="[22]"></a>ADC_IRQHandler</STRONG> (Thumb, 318 bytes, Stack size 24 bytes, a31m22x_adc.o(.text))
<BR><BR>[Stack]<UL><LI>Max Depth = 32<LI>Call Chain = ADC_IRQHandler &rArr; HAL_DMA_Start
</UL>
<BR>[Calls]<UL><LI><a href="#[4e]">&gt;&gt;</a>&nbsp;&nbsp;&nbsp;HAL_DMA_Start
</UL>
<BR>[Address Reference Count : 1]<UL><LI> a31m22x_startup_arm.o(RESET)
</UL>
<P><STRONG><a name="[11c]"></a>HAL_MPWM_DisablePWMOutput</STRONG> (Thumb, 14 bytes, Stack size 0 bytes, a31m22x_mpwm.o(.text), UNUSED)

<P><STRONG><a name="[92]"></a>HAL_MPWM_Init</STRONG> (Thumb, 106 bytes, Stack size 16 bytes, a31m22x_mpwm.o(.text))
<BR><BR>[Stack]<UL><LI>Max Depth = 16<LI>Call Chain = HAL_MPWM_Init
</UL>
<BR>[Called By]<UL><LI><a href="#[6b]">&gt;&gt;</a>&nbsp;&nbsp;&nbsp;ANALOG_PWM_INIT
</UL>

<P><STRONG><a name="[11d]"></a>HAL_MPWM_Deinit</STRONG> (Thumb, 34 bytes, Stack size 0 bytes, a31m22x_mpwm.o(.text), UNUSED)

<P><STRONG><a name="[93]"></a>HAL_MPWM_SetIRQConfig</STRONG> (Thumb, 188 bytes, Stack size 12 bytes, a31m22x_mpwm.o(.text))
<BR><BR>[Stack]<UL><LI>Max Depth = 12<LI>Call Chain = HAL_MPWM_SetIRQConfig
</UL>
<BR>[Called By]<UL><LI><a href="#[6b]">&gt;&gt;</a>&nbsp;&nbsp;&nbsp;ANALOG_PWM_INIT
</UL>

<P><STRONG><a name="[11e]"></a>HAL_MPWM_SetPotectionInputConfig</STRONG> (Thumb, 58 bytes, Stack size 0 bytes, a31m22x_mpwm.o(.text), UNUSED)

<P><STRONG><a name="[11f]"></a>HAL_MPWM_SetProtectionOutputConfig</STRONG> (Thumb, 6 bytes, Stack size 0 bytes, a31m22x_mpwm.o(.text), UNUSED)

<P><STRONG><a name="[120]"></a>HAL_MPWM_SetOverCurrentInputConfig</STRONG> (Thumb, 38 bytes, Stack size 0 bytes, a31m22x_mpwm.o(.text), UNUSED)

<P><STRONG><a name="[121]"></a>HAL_MPWM_SetOverCurrentOutputConfig</STRONG> (Thumb, 6 bytes, Stack size 0 bytes, a31m22x_mpwm.o(.text), UNUSED)

<P><STRONG><a name="[122]"></a>HAL_MPWM_SetDeadTimeConfig</STRONG> (Thumb, 56 bytes, Stack size 0 bytes, a31m22x_mpwm.o(.text), UNUSED)

<P><STRONG><a name="[123]"></a>HAL_MPWM_SetADCTriggerConfig</STRONG> (Thumb, 72 bytes, Stack size 4 bytes, a31m22x_mpwm.o(.text), UNUSED)

<P><STRONG><a name="[124]"></a>HAL_MPWM_SetIRQinterval</STRONG> (Thumb, 22 bytes, Stack size 0 bytes, a31m22x_mpwm.o(.text), UNUSED)

<P><STRONG><a name="[96]"></a>HAL_MPWM_ControlPWMOutput</STRONG> (Thumb, 126 bytes, Stack size 8 bytes, a31m22x_mpwm.o(.text))
<BR><BR>[Stack]<UL><LI>Max Depth = 8<LI>Call Chain = HAL_MPWM_ControlPWMOutput
</UL>
<BR>[Called By]<UL><LI><a href="#[6b]">&gt;&gt;</a>&nbsp;&nbsp;&nbsp;ANALOG_PWM_INIT
</UL>

<P><STRONG><a name="[125]"></a>HAL_MPWM_SetDisabledOutputLevel</STRONG> (Thumb, 126 bytes, Stack size 8 bytes, a31m22x_mpwm.o(.text), UNUSED)

<P><STRONG><a name="[126]"></a>HAL_MPWM_SetStartOutputLevel</STRONG> (Thumb, 122 bytes, Stack size 8 bytes, a31m22x_mpwm.o(.text), UNUSED)

<P><STRONG><a name="[127]"></a>HAL_MPWM_SetForceOutputLevel</STRONG> (Thumb, 152 bytes, Stack size 8 bytes, a31m22x_mpwm.o(.text), UNUSED)

<P><STRONG><a name="[94]"></a>HAL_MPWM_SetPeriod</STRONG> (Thumb, 18 bytes, Stack size 0 bytes, a31m22x_mpwm.o(.text))
<BR><BR>[Called By]<UL><LI><a href="#[6b]">&gt;&gt;</a>&nbsp;&nbsp;&nbsp;ANALOG_PWM_INIT
</UL>

<P><STRONG><a name="[95]"></a>HAL_MPWM_SetDuty</STRONG> (Thumb, 64 bytes, Stack size 0 bytes, a31m22x_mpwm.o(.text))
<BR><BR>[Called By]<UL><LI><a href="#[6b]">&gt;&gt;</a>&nbsp;&nbsp;&nbsp;ANALOG_PWM_INIT
</UL>

<P><STRONG><a name="[97]"></a>HAL_MPWM_Start</STRONG> (Thumb, 14 bytes, Stack size 0 bytes, a31m22x_mpwm.o(.text))
<BR><BR>[Called By]<UL><LI><a href="#[6b]">&gt;&gt;</a>&nbsp;&nbsp;&nbsp;ANALOG_PWM_INIT
</UL>

<P><STRONG><a name="[128]"></a>HAL_MPWM_Stop</STRONG> (Thumb, 14 bytes, Stack size 0 bytes, a31m22x_mpwm.o(.text), UNUSED)

<P><STRONG><a name="[129]"></a>HAL_MPWM_Halt</STRONG> (Thumb, 14 bytes, Stack size 0 bytes, a31m22x_mpwm.o(.text), UNUSED)

<P><STRONG><a name="[12a]"></a>HAL_MPWM_Resume</STRONG> (Thumb, 14 bytes, Stack size 0 bytes, a31m22x_mpwm.o(.text), UNUSED)

<P><STRONG><a name="[12b]"></a>HAL_MPWM_ReadCount</STRONG> (Thumb, 10 bytes, Stack size 0 bytes, a31m22x_mpwm.o(.text), UNUSED)

<P><STRONG><a name="[12c]"></a>HAL_MPWM_ReadStatus</STRONG> (Thumb, 10 bytes, Stack size 0 bytes, a31m22x_mpwm.o(.text), UNUSED)

<P><STRONG><a name="[12d]"></a>HAL_MPWM_ReadProtectionStatus</STRONG> (Thumb, 10 bytes, Stack size 0 bytes, a31m22x_mpwm.o(.text), UNUSED)

<P><STRONG><a name="[12e]"></a>HAL_MPWM_ReadOverCurrentStatus</STRONG> (Thumb, 10 bytes, Stack size 0 bytes, a31m22x_mpwm.o(.text), UNUSED)

<P><STRONG><a name="[98]"></a>HAL_MPWM_EnablePWMOutput</STRONG> (Thumb, 22 bytes, Stack size 0 bytes, a31m22x_mpwm.o(.text))
<BR><BR>[Called By]<UL><LI><a href="#[6b]">&gt;&gt;</a>&nbsp;&nbsp;&nbsp;ANALOG_PWM_INIT
</UL>

<P><STRONG><a name="[12f]"></a>MPWMPRT_IRQHandler</STRONG> (Thumb, 16 bytes, Stack size 0 bytes, a31m22x_mpwm.o(.text), UNUSED)

<P><STRONG><a name="[1c]"></a>MPWMOV_IRQHandler</STRONG> (Thumb, 16 bytes, Stack size 0 bytes, a31m22x_mpwm.o(.text))
<BR>[Address Reference Count : 1]<UL><LI> a31m22x_startup_arm.o(RESET)
</UL>
<P><STRONG><a name="[130]"></a>HAL_GPIO_ConfigFunction</STRONG> (Thumb, 46 bytes, Stack size 4 bytes, a31m22x_pcu.o(.text), UNUSED)

<P><STRONG><a name="[131]"></a>HAL_GPIO_ConfigOutput</STRONG> (Thumb, 22 bytes, Stack size 4 bytes, a31m22x_pcu.o(.text), UNUSED)

<P><STRONG><a name="[132]"></a>HAL_GPIO_ConfigPullup</STRONG> (Thumb, 22 bytes, Stack size 4 bytes, a31m22x_pcu.o(.text), UNUSED)

<P><STRONG><a name="[133]"></a>HAL_GPIO_SetDebouncePin</STRONG> (Thumb, 22 bytes, Stack size 4 bytes, a31m22x_pcu.o(.text), UNUSED)

<P><STRONG><a name="[3c]"></a>HAL_GPIO_EXTI_Config</STRONG> (Thumb, 60 bytes, Stack size 12 bytes, a31m22x_pcu.o(.text))
<BR><BR>[Stack]<UL><LI>Max Depth = 12<LI>Call Chain = HAL_GPIO_EXTI_Config
</UL>
<BR>[Called By]<UL><LI><a href="#[3b]">&gt;&gt;</a>&nbsp;&nbsp;&nbsp;MDL_PCU_Init
</UL>

<P><STRONG><a name="[134]"></a>HAL_GPIO_EXTI_GetStatus</STRONG> (Thumb, 4 bytes, Stack size 0 bytes, a31m22x_pcu.o(.text), UNUSED)

<P><STRONG><a name="[135]"></a>HAL_GPIO_EXTI_ClearPin</STRONG> (Thumb, 4 bytes, Stack size 0 bytes, a31m22x_pcu.o(.text), UNUSED)

<P><STRONG><a name="[8d]"></a>HAL_GPIO_SetPin</STRONG> (Thumb, 4 bytes, Stack size 0 bytes, a31m22x_pcu.o(.text))
<BR><BR>[Called By]<UL><LI><a href="#[bf]">&gt;&gt;</a>&nbsp;&nbsp;&nbsp;RelayControl
<LI><a href="#[7c]">&gt;&gt;</a>&nbsp;&nbsp;&nbsp;RelayOperation
<LI><a href="#[78]">&gt;&gt;</a>&nbsp;&nbsp;&nbsp;ReDeModbus
</UL>

<P><STRONG><a name="[8e]"></a>HAL_GPIO_ClearPin</STRONG> (Thumb, 4 bytes, Stack size 0 bytes, a31m22x_pcu.o(.text))
<BR><BR>[Called By]<UL><LI><a href="#[bf]">&gt;&gt;</a>&nbsp;&nbsp;&nbsp;RelayControl
<LI><a href="#[7c]">&gt;&gt;</a>&nbsp;&nbsp;&nbsp;RelayOperation
<LI><a href="#[78]">&gt;&gt;</a>&nbsp;&nbsp;&nbsp;ReDeModbus
</UL>

<P><STRONG><a name="[a8]"></a>HAL_GPIO_ReadPin</STRONG> (Thumb, 6 bytes, Stack size 0 bytes, a31m22x_pcu.o(.text))
<BR><BR>[Called By]<UL><LI><a href="#[a9]">&gt;&gt;</a>&nbsp;&nbsp;&nbsp;DI1_ENABLE
<LI><a href="#[a7]">&gt;&gt;</a>&nbsp;&nbsp;&nbsp;DI2_ENABLE
<LI><a href="#[75]">&gt;&gt;</a>&nbsp;&nbsp;&nbsp;MODE_SELECTION
</UL>

<P><STRONG><a name="[136]"></a>HAL_GPIO_WritePin</STRONG> (Thumb, 4 bytes, Stack size 0 bytes, a31m22x_pcu.o(.text), UNUSED)

<P><STRONG><a name="[51]"></a>HAL_SCU_UpdateMainClock</STRONG> (Thumb, 284 bytes, Stack size 24 bytes, a31m22x_scu.o(.text), UNUSED)
<BR><BR>[Calls]<UL><LI><a href="#[53]">&gt;&gt;</a>&nbsp;&nbsp;&nbsp;__ARM_common_ll_muluu
<LI><a href="#[52]">&gt;&gt;</a>&nbsp;&nbsp;&nbsp;__aeabi_uidivmod
<LI><a href="#[54]">&gt;&gt;</a>&nbsp;&nbsp;&nbsp;__aeabi_uldivmod
</UL>

<P><STRONG><a name="[137]"></a>HAL_SCU_SetPLLPrediv</STRONG> (Thumb, 50 bytes, Stack size 0 bytes, a31m22x_scu.o(.text), UNUSED)

<P><STRONG><a name="[138]"></a>HAL_SCU_SetPLLConfig</STRONG> (Thumb, 272 bytes, Stack size 16 bytes, a31m22x_scu.o(.text), UNUSED)

<P><STRONG><a name="[139]"></a>HAL_SCU_EnableClock</STRONG> (Thumb, 56 bytes, Stack size 0 bytes, a31m22x_scu.o(.text), UNUSED)

<P><STRONG><a name="[13a]"></a>HAL_SCU_DisableClock</STRONG> (Thumb, 80 bytes, Stack size 0 bytes, a31m22x_scu.o(.text), UNUSED)

<P><STRONG><a name="[13b]"></a>HAL_SCU_EnableClockMonitor</STRONG> (Thumb, 148 bytes, Stack size 16 bytes, a31m22x_scu.o(.text), UNUSED)

<P><STRONG><a name="[13c]"></a>HAL_SCU_DisableClockMonitor</STRONG> (Thumb, 66 bytes, Stack size 4 bytes, a31m22x_scu.o(.text), UNUSED)

<P><STRONG><a name="[13d]"></a>HAL_SCU_EnableClockOut</STRONG> (Thumb, 110 bytes, Stack size 0 bytes, a31m22x_scu.o(.text), UNUSED)

<P><STRONG><a name="[13e]"></a>HAL_SCU_DisableClockOut</STRONG> (Thumb, 14 bytes, Stack size 0 bytes, a31m22x_scu.o(.text), UNUSED)

<P><STRONG><a name="[13f]"></a>HAL_SCU_EnableWakeupSource</STRONG> (Thumb, 14 bytes, Stack size 0 bytes, a31m22x_scu.o(.text), UNUSED)

<P><STRONG><a name="[140]"></a>HAL_SCU_DisableWakeupSource</STRONG> (Thumb, 14 bytes, Stack size 0 bytes, a31m22x_scu.o(.text), UNUSED)

<P><STRONG><a name="[141]"></a>HAL_SCU_EnableResetSource</STRONG> (Thumb, 14 bytes, Stack size 0 bytes, a31m22x_scu.o(.text), UNUSED)

<P><STRONG><a name="[142]"></a>HAL_SCU_DisableResetSource</STRONG> (Thumb, 14 bytes, Stack size 0 bytes, a31m22x_scu.o(.text), UNUSED)

<P><STRONG><a name="[143]"></a>HAL_SCU_GetResetReason</STRONG> (Thumb, 14 bytes, Stack size 0 bytes, a31m22x_scu.o(.text), UNUSED)

<P><STRONG><a name="[144]"></a>HAL_SCU_GetWakeupReason</STRONG> (Thumb, 14 bytes, Stack size 0 bytes, a31m22x_scu.o(.text), UNUSED)

<P><STRONG><a name="[d]"></a>SYSCLKFAIL_IRQHandler</STRONG> (Thumb, 32 bytes, Stack size 0 bytes, a31m22x_scu.o(.text))
<BR>[Address Reference Count : 1]<UL><LI> a31m22x_startup_arm.o(RESET)
</UL>
<P><STRONG><a name="[e]"></a>HSEFAIL_IRQHandler</STRONG> (Thumb, 32 bytes, Stack size 0 bytes, a31m22x_scu.o(.text))
<BR>[Address Reference Count : 1]<UL><LI> a31m22x_startup_arm.o(RESET)
</UL>
<P><STRONG><a name="[f]"></a>LSEFAIL_IRQHandler</STRONG> (Thumb, 32 bytes, Stack size 0 bytes, a31m22x_scu.o(.text))
<BR>[Address Reference Count : 1]<UL><LI> a31m22x_startup_arm.o(RESET)
</UL>
<P><STRONG><a name="[145]"></a>HAL_SPI_Deinit</STRONG> (Thumb, 48 bytes, Stack size 4 bytes, a31m22x_spi.o(.text), UNUSED)

<P><STRONG><a name="[146]"></a>HAL_SPI_Init</STRONG> (Thumb, 274 bytes, Stack size 20 bytes, a31m22x_spi.o(.text), UNUSED)

<P><STRONG><a name="[147]"></a>HAL_SPI_SetDelay</STRONG> (Thumb, 24 bytes, Stack size 4 bytes, a31m22x_spi.o(.text), UNUSED)

<P><STRONG><a name="[148]"></a>HAL_SPI_SSManual</STRONG> (Thumb, 34 bytes, Stack size 0 bytes, a31m22x_spi.o(.text), UNUSED)

<P><STRONG><a name="[55]"></a>HAL_SPI_Transfer</STRONG> (Thumb, 434 bytes, Stack size 24 bytes, a31m22x_spi.o(.text), UNUSED)
<BR><BR>[Calls]<UL><LI><a href="#[4e]">&gt;&gt;</a>&nbsp;&nbsp;&nbsp;HAL_DMA_Start
</UL>

<P><STRONG><a name="[56]"></a>HAL_SPI_SetTransmitDMA</STRONG> (Thumb, 78 bytes, Stack size 16 bytes, a31m22x_spi.o(.text), UNUSED)
<BR><BR>[Calls]<UL><LI><a href="#[4b]">&gt;&gt;</a>&nbsp;&nbsp;&nbsp;HAL_DMA_Setup
<LI><a href="#[4a]">&gt;&gt;</a>&nbsp;&nbsp;&nbsp;HAL_DMA_Init
</UL>

<P><STRONG><a name="[57]"></a>HAL_SPI_SetReceiveDMA</STRONG> (Thumb, 74 bytes, Stack size 16 bytes, a31m22x_spi.o(.text), UNUSED)
<BR><BR>[Calls]<UL><LI><a href="#[4b]">&gt;&gt;</a>&nbsp;&nbsp;&nbsp;HAL_DMA_Setup
<LI><a href="#[4a]">&gt;&gt;</a>&nbsp;&nbsp;&nbsp;HAL_DMA_Init
</UL>

<P><STRONG><a name="[1e]"></a>SPI_IRQHandler</STRONG> (Thumb, 560 bytes, Stack size 24 bytes, a31m22x_spi.o(.text))
<BR><BR>[Stack]<UL><LI>Max Depth = 24<LI>Call Chain = SPI_IRQHandler
</UL>
<BR>[Address Reference Count : 1]<UL><LI> a31m22x_startup_arm.o(RESET)
</UL>
<P><STRONG><a name="[149]"></a>HAL_TIMER_Deinit</STRONG> (Thumb, 46 bytes, Stack size 8 bytes, a31m22x_timer.o(.text), UNUSED)

<P><STRONG><a name="[6d]"></a>HAL_TIMER_Init</STRONG> (Thumb, 258 bytes, Stack size 20 bytes, a31m22x_timer.o(.text))
<BR><BR>[Stack]<UL><LI>Max Depth = 20<LI>Call Chain = HAL_TIMER_Init
</UL>
<BR>[Called By]<UL><LI><a href="#[66]">&gt;&gt;</a>&nbsp;&nbsp;&nbsp;USER_TIMER0_Init
<LI><a href="#[6c]">&gt;&gt;</a>&nbsp;&nbsp;&nbsp;DIGITAL_PWM_INIT
</UL>

<P><STRONG><a name="[14a]"></a>HAL_TIMER_GetStatus</STRONG> (Thumb, 14 bytes, Stack size 0 bytes, a31m22x_timer.o(.text), UNUSED)

<P><STRONG><a name="[6e]"></a>HAL_TIMER_Start</STRONG> (Thumb, 36 bytes, Stack size 0 bytes, a31m22x_timer.o(.text))
<BR><BR>[Called By]<UL><LI><a href="#[66]">&gt;&gt;</a>&nbsp;&nbsp;&nbsp;USER_TIMER0_Init
</UL>

<P><STRONG><a name="[9b]"></a>HAL_TIMER_StartPWM</STRONG> (Thumb, 78 bytes, Stack size 16 bytes, a31m22x_timer.o(.text))
<BR><BR>[Stack]<UL><LI>Max Depth = 16<LI>Call Chain = HAL_TIMER_StartPWM
</UL>
<BR>[Called By]<UL><LI><a href="#[6c]">&gt;&gt;</a>&nbsp;&nbsp;&nbsp;DIGITAL_PWM_INIT
</UL>

<P><STRONG><a name="[14b]"></a>HAL_TIMER_StartCapture</STRONG> (Thumb, 34 bytes, Stack size 0 bytes, a31m22x_timer.o(.text), UNUSED)

<P><STRONG><a name="[14c]"></a>HAL_TIMER_EnableSynch</STRONG> (Thumb, 44 bytes, Stack size 16 bytes, a31m22x_timer.o(.text), UNUSED)

<P><STRONG><a name="[14d]"></a>HAL_TIMER_DisableSynch</STRONG> (Thumb, 20 bytes, Stack size 0 bytes, a31m22x_timer.o(.text), UNUSED)

<P><STRONG><a name="[14e]"></a>HAL_TIMER_Stop</STRONG> (Thumb, 18 bytes, Stack size 0 bytes, a31m22x_timer.o(.text), UNUSED)

<P><STRONG><a name="[14f]"></a>HAL_TIMER_GetCount</STRONG> (Thumb, 14 bytes, Stack size 0 bytes, a31m22x_timer.o(.text), UNUSED)

<P><STRONG><a name="[150]"></a>HAL_TIMER_ClearCount</STRONG> (Thumb, 14 bytes, Stack size 0 bytes, a31m22x_timer.o(.text), UNUSED)

<P><STRONG><a name="[151]"></a>HAL_TIMER_GetCaptureCount</STRONG> (Thumb, 22 bytes, Stack size 0 bytes, a31m22x_timer.o(.text), UNUSED)

<P><STRONG><a name="[152]"></a>HAL_TIMER_SetClock</STRONG> (Thumb, 82 bytes, Stack size 12 bytes, a31m22x_timer.o(.text), UNUSED)

<P><STRONG><a name="[153]"></a>HAL_TIMER_SetIRQ</STRONG> (Thumb, 84 bytes, Stack size 0 bytes, a31m22x_timer.o(.text), UNUSED)

<P><STRONG><a name="[13]"></a>TIMER0_IRQHandler</STRONG> (Thumb, 4 bytes, Stack size 0 bytes, a31m22x_timer.o(.text))
<BR><BR>[Stack]<UL><LI>Max Depth = 8<LI>Call Chain = TIMER0_IRQHandler &rArr; TIMER_IRQHandler
</UL>
<BR>[Calls]<UL><LI><a href="#[58]">&gt;&gt;</a>&nbsp;&nbsp;&nbsp;TIMER_IRQHandler
</UL>
<BR>[Address Reference Count : 1]<UL><LI> a31m22x_startup_arm.o(RESET)
</UL>
<P><STRONG><a name="[14]"></a>TIMER1_IRQHandler</STRONG> (Thumb, 4 bytes, Stack size 0 bytes, a31m22x_timer.o(.text))
<BR><BR>[Stack]<UL><LI>Max Depth = 8<LI>Call Chain = TIMER1_IRQHandler &rArr; TIMER_IRQHandler
</UL>
<BR>[Calls]<UL><LI><a href="#[58]">&gt;&gt;</a>&nbsp;&nbsp;&nbsp;TIMER_IRQHandler
</UL>
<BR>[Address Reference Count : 1]<UL><LI> a31m22x_startup_arm.o(RESET)
</UL>
<P><STRONG><a name="[15]"></a>TIMER2_IRQHandler</STRONG> (Thumb, 4 bytes, Stack size 0 bytes, a31m22x_timer.o(.text))
<BR><BR>[Stack]<UL><LI>Max Depth = 8<LI>Call Chain = TIMER2_IRQHandler &rArr; TIMER_IRQHandler
</UL>
<BR>[Calls]<UL><LI><a href="#[58]">&gt;&gt;</a>&nbsp;&nbsp;&nbsp;TIMER_IRQHandler
</UL>
<BR>[Address Reference Count : 1]<UL><LI> a31m22x_startup_arm.o(RESET)
</UL>
<P><STRONG><a name="[16]"></a>TIMER3_IRQHandler</STRONG> (Thumb, 4 bytes, Stack size 0 bytes, a31m22x_timer.o(.text))
<BR><BR>[Stack]<UL><LI>Max Depth = 8<LI>Call Chain = TIMER3_IRQHandler &rArr; TIMER_IRQHandler
</UL>
<BR>[Calls]<UL><LI><a href="#[58]">&gt;&gt;</a>&nbsp;&nbsp;&nbsp;TIMER_IRQHandler
</UL>
<BR>[Address Reference Count : 1]<UL><LI> a31m22x_startup_arm.o(RESET)
</UL>
<P><STRONG><a name="[154]"></a>HAL_UART_Deinit</STRONG> (Thumb, 46 bytes, Stack size 8 bytes, a31m22x_uart.o(.text), UNUSED)

<P><STRONG><a name="[59]"></a>HAL_UART_Init</STRONG> (Thumb, 376 bytes, Stack size 40 bytes, a31m22x_uart.o(.text))
<BR><BR>[Stack]<UL><LI>Max Depth = 40<LI>Call Chain = HAL_UART_Init
</UL>
<BR>[Calls]<UL><LI><a href="#[52]">&gt;&gt;</a>&nbsp;&nbsp;&nbsp;__aeabi_uidivmod
</UL>
<BR>[Called By]<UL><LI><a href="#[68]">&gt;&gt;</a>&nbsp;&nbsp;&nbsp;UserUart0init
<LI><a href="#[67]">&gt;&gt;</a>&nbsp;&nbsp;&nbsp;UserRs485init
</UL>

<P><STRONG><a name="[5a]"></a>HAL_UART_Transmit</STRONG> (Thumb, 154 bytes, Stack size 16 bytes, a31m22x_uart.o(.text))
<BR><BR>[Stack]<UL><LI>Max Depth = 24<LI>Call Chain = HAL_UART_Transmit &rArr; HAL_DMA_Start
</UL>
<BR>[Calls]<UL><LI><a href="#[4e]">&gt;&gt;</a>&nbsp;&nbsp;&nbsp;HAL_DMA_Start
</UL>
<BR>[Called By]<UL><LI><a href="#[8f]">&gt;&gt;</a>&nbsp;&nbsp;&nbsp;TransmitParameter
<LI><a href="#[88]">&gt;&gt;</a>&nbsp;&nbsp;&nbsp;TransmitData
<LI><a href="#[76]">&gt;&gt;</a>&nbsp;&nbsp;&nbsp;ModbusStateMachine
</UL>

<P><STRONG><a name="[5b]"></a>HAL_UART_Receive</STRONG> (Thumb, 174 bytes, Stack size 24 bytes, a31m22x_uart.o(.text))
<BR><BR>[Stack]<UL><LI>Max Depth = 32<LI>Call Chain = HAL_UART_Receive &rArr; HAL_DMA_Start
</UL>
<BR>[Calls]<UL><LI><a href="#[4e]">&gt;&gt;</a>&nbsp;&nbsp;&nbsp;HAL_DMA_Start
</UL>
<BR>[Called By]<UL><LI><a href="#[68]">&gt;&gt;</a>&nbsp;&nbsp;&nbsp;UserUart0init
<LI><a href="#[67]">&gt;&gt;</a>&nbsp;&nbsp;&nbsp;UserRs485init
<LI><a href="#[2a]">&gt;&gt;</a>&nbsp;&nbsp;&nbsp;uart_irq_handler_uart0
<LI><a href="#[29]">&gt;&gt;</a>&nbsp;&nbsp;&nbsp;uart_irq_handler
</UL>

<P><STRONG><a name="[155]"></a>HAL_UART_Abort</STRONG> (Thumb, 44 bytes, Stack size 0 bytes, a31m22x_uart.o(.text), UNUSED)

<P><STRONG><a name="[5c]"></a>HAL_UART_SetTransmitDMA</STRONG> (Thumb, 60 bytes, Stack size 16 bytes, a31m22x_uart.o(.text), UNUSED)
<BR><BR>[Calls]<UL><LI><a href="#[4b]">&gt;&gt;</a>&nbsp;&nbsp;&nbsp;HAL_DMA_Setup
<LI><a href="#[4a]">&gt;&gt;</a>&nbsp;&nbsp;&nbsp;HAL_DMA_Init
<LI><a href="#[4c]">&gt;&gt;</a>&nbsp;&nbsp;&nbsp;HAL_DMA_Clear
</UL>

<P><STRONG><a name="[5d]"></a>HAL_UART_SetReceiveDMA</STRONG> (Thumb, 60 bytes, Stack size 16 bytes, a31m22x_uart.o(.text), UNUSED)
<BR><BR>[Calls]<UL><LI><a href="#[4b]">&gt;&gt;</a>&nbsp;&nbsp;&nbsp;HAL_DMA_Setup
<LI><a href="#[4a]">&gt;&gt;</a>&nbsp;&nbsp;&nbsp;HAL_DMA_Init
<LI><a href="#[4c]">&gt;&gt;</a>&nbsp;&nbsp;&nbsp;HAL_DMA_Clear
</UL>

<P><STRONG><a name="[156]"></a>HAL_UART_GetBusyStatus</STRONG> (Thumb, 24 bytes, Stack size 0 bytes, a31m22x_uart.o(.text), UNUSED)

<P><STRONG><a name="[157]"></a>HAL_UART_GetLineStatus</STRONG> (Thumb, 18 bytes, Stack size 0 bytes, a31m22x_uart.o(.text), UNUSED)

<P><STRONG><a name="[158]"></a>HAL_UART_SetIFDelay</STRONG> (Thumb, 12 bytes, Stack size 0 bytes, a31m22x_uart.o(.text), UNUSED)

<P><STRONG><a name="[8c]"></a>HAL_UART_SetIRQ</STRONG> (Thumb, 118 bytes, Stack size 0 bytes, a31m22x_uart.o(.text))
<BR><BR>[Called By]<UL><LI><a href="#[68]">&gt;&gt;</a>&nbsp;&nbsp;&nbsp;UserUart0init
<LI><a href="#[67]">&gt;&gt;</a>&nbsp;&nbsp;&nbsp;UserRs485init
</UL>

<P><STRONG><a name="[20]"></a>UART0_IRQHandler</STRONG> (Thumb, 4 bytes, Stack size 0 bytes, a31m22x_uart.o(.text))
<BR><BR>[Stack]<UL><LI>Max Depth = 24<LI>Call Chain = UART0_IRQHandler &rArr; UART_IRQHandler
</UL>
<BR>[Calls]<UL><LI><a href="#[5e]">&gt;&gt;</a>&nbsp;&nbsp;&nbsp;UART_IRQHandler
</UL>
<BR>[Address Reference Count : 1]<UL><LI> a31m22x_startup_arm.o(RESET)
</UL>
<P><STRONG><a name="[21]"></a>UART1_IRQHandler</STRONG> (Thumb, 4 bytes, Stack size 0 bytes, a31m22x_uart.o(.text))
<BR><BR>[Stack]<UL><LI>Max Depth = 24<LI>Call Chain = UART1_IRQHandler &rArr; UART_IRQHandler
</UL>
<BR>[Calls]<UL><LI><a href="#[5e]">&gt;&gt;</a>&nbsp;&nbsp;&nbsp;UART_IRQHandler
</UL>
<BR>[Address Reference Count : 1]<UL><LI> a31m22x_startup_arm.o(RESET)
</UL>
<P><STRONG><a name="[159]"></a>WDT_AccessEnable</STRONG> (Thumb, 8 bytes, Stack size 0 bytes, a31m22x_wdt.o(.text), UNUSED)

<P><STRONG><a name="[15a]"></a>WDT_AccessDisable</STRONG> (Thumb, 8 bytes, Stack size 0 bytes, a31m22x_wdt.o(.text), UNUSED)

<P><STRONG><a name="[15b]"></a>HAL_WDT_Init</STRONG> (Thumb, 84 bytes, Stack size 0 bytes, a31m22x_wdt.o(.text), UNUSED)

<P><STRONG><a name="[15c]"></a>HAL_WDT_Deinit</STRONG> (Thumb, 24 bytes, Stack size 0 bytes, a31m22x_wdt.o(.text), UNUSED)

<P><STRONG><a name="[15d]"></a>HAL_WDT_Start</STRONG> (Thumb, 20 bytes, Stack size 0 bytes, a31m22x_wdt.o(.text), UNUSED)

<P><STRONG><a name="[15e]"></a>HAL_WDT_Stop</STRONG> (Thumb, 20 bytes, Stack size 0 bytes, a31m22x_wdt.o(.text), UNUSED)

<P><STRONG><a name="[15f]"></a>HAL_WDT_Feed</STRONG> (Thumb, 12 bytes, Stack size 0 bytes, a31m22x_wdt.o(.text), UNUSED)

<P><STRONG><a name="[160]"></a>HAL_WDT_GetCounter</STRONG> (Thumb, 10 bytes, Stack size 0 bytes, a31m22x_wdt.o(.text), UNUSED)

<P><STRONG><a name="[10]"></a>WDT_IRQHandler</STRONG> (Thumb, 14 bytes, Stack size 0 bytes, a31m22x_wdt.o(.text))
<BR>[Address Reference Count : 1]<UL><LI> a31m22x_startup_arm.o(RESET)
</UL>
<P><STRONG><a name="[161]"></a>CFMC_CacheCmd</STRONG> (Thumb, 28 bytes, Stack size 0 bytes, a31m22x_cfmc.o(.text), UNUSED)

<P><STRONG><a name="[162]"></a>CFMC_BootBlockCmd</STRONG> (Thumb, 22 bytes, Stack size 0 bytes, a31m22x_cfmc.o(.text), UNUSED)

<P><STRONG><a name="[63]"></a>CFMC_WaitCmd</STRONG> (Thumb, 20 bytes, Stack size 0 bytes, a31m22x_cfmc.o(.text))
<BR><BR>[Called By]<UL><LI><a href="#[62]">&gt;&gt;</a>&nbsp;&nbsp;&nbsp;A31M22x_InitClock
</UL>

<P><STRONG><a name="[bd]"></a>CFMC_FlashAccessCmd</STRONG> (Thumb, 28 bytes, Stack size 0 bytes, a31m22x_cfmc.o(.text))
<BR><BR>[Called By]<UL><LI><a href="#[9e]">&gt;&gt;</a>&nbsp;&nbsp;&nbsp;Data_write_to_flash
</UL>

<P><STRONG><a name="[163]"></a>CFMC_INFOAccessCmd</STRONG> (Thumb, 28 bytes, Stack size 0 bytes, a31m22x_cfmc.o(.text), UNUSED)

<P><STRONG><a name="[164]"></a>CFMC_FlashPROTCmd</STRONG> (Thumb, 18 bytes, Stack size 0 bytes, a31m22x_cfmc.o(.text), UNUSED)

<P><STRONG><a name="[165]"></a>CFMC_FlashRPROTCmd</STRONG> (Thumb, 20 bytes, Stack size 0 bytes, a31m22x_cfmc.o(.text), UNUSED)

<P><STRONG><a name="[166]"></a>CFMC_INFOPROTCmd</STRONG> (Thumb, 18 bytes, Stack size 0 bytes, a31m22x_cfmc.o(.text), UNUSED)

<P><STRONG><a name="[167]"></a>CFMC_LockCmd</STRONG> (Thumb, 16 bytes, Stack size 0 bytes, a31m22x_cfmc.o(.text), UNUSED)

<P><STRONG><a name="[168]"></a>CFMC_InterruptCmd</STRONG> (Thumb, 54 bytes, Stack size 8 bytes, a31m22x_cfmc.o(.text), UNUSED)

<P><STRONG><a name="[169]"></a>CFMC_GetAccessStatus</STRONG> (Thumb, 8 bytes, Stack size 0 bytes, a31m22x_cfmc.o(.text), UNUSED)

<P><STRONG><a name="[16a]"></a>CFMC_ClearAccessStatus</STRONG> (Thumb, 8 bytes, Stack size 0 bytes, a31m22x_cfmc.o(.text), UNUSED)

<P><STRONG><a name="[16b]"></a>CFMC_FlashChecksumCmd</STRONG> (Thumb, 18 bytes, Stack size 0 bytes, a31m22x_cfmc.o(.text), UNUSED)

<P><STRONG><a name="[16c]"></a>CFMC_GetChecksumData</STRONG> (Thumb, 10 bytes, Stack size 0 bytes, a31m22x_cfmc.o(.text), UNUSED)

<P><STRONG><a name="[16d]"></a>CFMC_GetChecksumCmd</STRONG> (Thumb, 12 bytes, Stack size 0 bytes, a31m22x_cfmc.o(.text), UNUSED)

<P><STRONG><a name="[16e]"></a>CFMC_ChecksumAddrCmd</STRONG> (Thumb, 14 bytes, Stack size 0 bytes, a31m22x_cfmc.o(.text), UNUSED)

<P><STRONG><a name="[60]"></a>cflash_acc_status_check</STRONG> (Thumb, 164 bytes, Stack size 0 bytes, a31m22x_cfmc.o(.text))
<BR><BR>[Called By]<UL><LI><a href="#[61]">&gt;&gt;</a>&nbsp;&nbsp;&nbsp;CFMCProgramPage
<LI><a href="#[5f]">&gt;&gt;</a>&nbsp;&nbsp;&nbsp;CFMCErase
</UL>

<P><STRONG><a name="[5f]"></a>CFMCErase</STRONG> (Thumb, 44 bytes, Stack size 0 bytes, a31m22x_cfmc.o(.text))
<BR><BR>[Calls]<UL><LI><a href="#[60]">&gt;&gt;</a>&nbsp;&nbsp;&nbsp;cflash_acc_status_check
</UL>
<BR>[Called By]<UL><LI><a href="#[9e]">&gt;&gt;</a>&nbsp;&nbsp;&nbsp;Data_write_to_flash
</UL>

<P><STRONG><a name="[be]"></a>CFMC_WriteCmd</STRONG> (Thumb, 22 bytes, Stack size 0 bytes, a31m22x_cfmc.o(.text))
<BR><BR>[Called By]<UL><LI><a href="#[9e]">&gt;&gt;</a>&nbsp;&nbsp;&nbsp;Data_write_to_flash
</UL>

<P><STRONG><a name="[61]"></a>CFMCProgramPage</STRONG> (Thumb, 96 bytes, Stack size 12 bytes, a31m22x_cfmc.o(.text))
<BR><BR>[Stack]<UL><LI>Max Depth = 12<LI>Call Chain = CFMCProgramPage
</UL>
<BR>[Calls]<UL><LI><a href="#[60]">&gt;&gt;</a>&nbsp;&nbsp;&nbsp;cflash_acc_status_check
</UL>
<BR>[Called By]<UL><LI><a href="#[9e]">&gt;&gt;</a>&nbsp;&nbsp;&nbsp;Data_write_to_flash
</UL>

<P><STRONG><a name="[16f]"></a>CFMCVerify</STRONG> (Thumb, 40 bytes, Stack size 16 bytes, a31m22x_cfmc.o(.text), UNUSED)

<P><STRONG><a name="[64]"></a>HAL_SCU_MiscClockConfig</STRONG> (Thumb, 172 bytes, Stack size 12 bytes, a31m22x_initclock.o(.text))
<BR><BR>[Stack]<UL><LI>Max Depth = 12<LI>Call Chain = HAL_SCU_MiscClockConfig
</UL>
<BR>[Called By]<UL><LI><a href="#[62]">&gt;&gt;</a>&nbsp;&nbsp;&nbsp;A31M22x_InitClock
</UL>

<P><STRONG><a name="[170]"></a>HAL_SCU_SystemClockChange</STRONG> (Thumb, 18 bytes, Stack size 0 bytes, a31m22x_initclock.o(.text), UNUSED)

<P><STRONG><a name="[171]"></a>HAL_SCU_PLL_ClockConfig</STRONG> (Thumb, 142 bytes, Stack size 24 bytes, a31m22x_initclock.o(.text), UNUSED)

<P><STRONG><a name="[172]"></a>HAL_SCU_PLLPREDIVCmd</STRONG> (Thumb, 20 bytes, Stack size 0 bytes, a31m22x_initclock.o(.text), UNUSED)

<P><STRONG><a name="[173]"></a>HAL_SCU_PLLINCLKCmd</STRONG> (Thumb, 18 bytes, Stack size 0 bytes, a31m22x_initclock.o(.text), UNUSED)

<P><STRONG><a name="[174]"></a>HAL_SCU_PCLKDIVCmd</STRONG> (Thumb, 20 bytes, Stack size 0 bytes, a31m22x_initclock.o(.text), UNUSED)

<P><STRONG><a name="[175]"></a>HAL_SCU_HCLKDIVCmd</STRONG> (Thumb, 20 bytes, Stack size 0 bytes, a31m22x_initclock.o(.text), UNUSED)

<P><STRONG><a name="[176]"></a>HAL_SCU_ClockSRCCmd</STRONG> (Thumb, 32 bytes, Stack size 4 bytes, a31m22x_initclock.o(.text), UNUSED)

<P><STRONG><a name="[177]"></a>HAL_SCU_ClockMonitoringCmd</STRONG> (Thumb, 16 bytes, Stack size 0 bytes, a31m22x_initclock.o(.text), UNUSED)

<P><STRONG><a name="[178]"></a>HAL_SCU_ClockOutput</STRONG> (Thumb, 22 bytes, Stack size 0 bytes, a31m22x_initclock.o(.text), UNUSED)

<P><STRONG><a name="[62]"></a>A31M22x_InitClock</STRONG> (Thumb, 210 bytes, Stack size 16 bytes, a31m22x_initclock.o(.text))
<BR><BR>[Stack]<UL><LI>Max Depth = 28<LI>Call Chain = A31M22x_InitClock &rArr; HAL_SCU_MiscClockConfig
</UL>
<BR>[Calls]<UL><LI><a href="#[64]">&gt;&gt;</a>&nbsp;&nbsp;&nbsp;HAL_SCU_MiscClockConfig
<LI><a href="#[63]">&gt;&gt;</a>&nbsp;&nbsp;&nbsp;CFMC_WaitCmd
</UL>
<BR>[Called By]<UL><LI><a href="#[35]">&gt;&gt;</a>&nbsp;&nbsp;&nbsp;main
</UL>

<P><STRONG><a name="[4a]"></a>HAL_DMA_Init</STRONG> (Thumb, 64 bytes, Stack size 4 bytes, a31m22x_dma.o(.text), UNUSED)
<BR><BR>[Called By]<UL><LI><a href="#[5d]">&gt;&gt;</a>&nbsp;&nbsp;&nbsp;HAL_UART_SetReceiveDMA
<LI><a href="#[5c]">&gt;&gt;</a>&nbsp;&nbsp;&nbsp;HAL_UART_SetTransmitDMA
<LI><a href="#[57]">&gt;&gt;</a>&nbsp;&nbsp;&nbsp;HAL_SPI_SetReceiveDMA
<LI><a href="#[56]">&gt;&gt;</a>&nbsp;&nbsp;&nbsp;HAL_SPI_SetTransmitDMA
<LI><a href="#[49]">&gt;&gt;</a>&nbsp;&nbsp;&nbsp;HAL_ADC_SetDMA
</UL>

<P><STRONG><a name="[179]"></a>HAL_DMA_Deinit</STRONG> (Thumb, 48 bytes, Stack size 0 bytes, a31m22x_dma.o(.text), UNUSED)

<P><STRONG><a name="[4b]"></a>HAL_DMA_Setup</STRONG> (Thumb, 60 bytes, Stack size 8 bytes, a31m22x_dma.o(.text), UNUSED)
<BR><BR>[Called By]<UL><LI><a href="#[5d]">&gt;&gt;</a>&nbsp;&nbsp;&nbsp;HAL_UART_SetReceiveDMA
<LI><a href="#[5c]">&gt;&gt;</a>&nbsp;&nbsp;&nbsp;HAL_UART_SetTransmitDMA
<LI><a href="#[57]">&gt;&gt;</a>&nbsp;&nbsp;&nbsp;HAL_SPI_SetReceiveDMA
<LI><a href="#[56]">&gt;&gt;</a>&nbsp;&nbsp;&nbsp;HAL_SPI_SetTransmitDMA
<LI><a href="#[49]">&gt;&gt;</a>&nbsp;&nbsp;&nbsp;HAL_ADC_SetDMA
</UL>

<P><STRONG><a name="[4c]"></a>HAL_DMA_Clear</STRONG> (Thumb, 10 bytes, Stack size 0 bytes, a31m22x_dma.o(.text), UNUSED)
<BR><BR>[Called By]<UL><LI><a href="#[5d]">&gt;&gt;</a>&nbsp;&nbsp;&nbsp;HAL_UART_SetReceiveDMA
<LI><a href="#[5c]">&gt;&gt;</a>&nbsp;&nbsp;&nbsp;HAL_UART_SetTransmitDMA
<LI><a href="#[49]">&gt;&gt;</a>&nbsp;&nbsp;&nbsp;HAL_ADC_SetDMA
</UL>

<P><STRONG><a name="[4e]"></a>HAL_DMA_Start</STRONG> (Thumb, 54 bytes, Stack size 8 bytes, a31m22x_dma.o(.text))
<BR><BR>[Stack]<UL><LI>Max Depth = 8<LI>Call Chain = HAL_DMA_Start
</UL>
<BR>[Called By]<UL><LI><a href="#[5b]">&gt;&gt;</a>&nbsp;&nbsp;&nbsp;HAL_UART_Receive
<LI><a href="#[5a]">&gt;&gt;</a>&nbsp;&nbsp;&nbsp;HAL_UART_Transmit
<LI><a href="#[55]">&gt;&gt;</a>&nbsp;&nbsp;&nbsp;HAL_SPI_Transfer
<LI><a href="#[22]">&gt;&gt;</a>&nbsp;&nbsp;&nbsp;ADC_IRQHandler
<LI><a href="#[50]">&gt;&gt;</a>&nbsp;&nbsp;&nbsp;HAL_ADC_StartSequence
<LI><a href="#[4f]">&gt;&gt;</a>&nbsp;&nbsp;&nbsp;HAL_ADC_StartBurst
<LI><a href="#[4d]">&gt;&gt;</a>&nbsp;&nbsp;&nbsp;HAL_ADC_StartSingle
</UL>

<P><STRONG><a name="[17a]"></a>HAL_DMA_Stop</STRONG> (Thumb, 18 bytes, Stack size 0 bytes, a31m22x_dma.o(.text), UNUSED)

<P><STRONG><a name="[35]"></a>main</STRONG> (Thumb, 58 bytes, Stack size 8 bytes, main.o(.text))
<BR><BR>[Stack]<UL><LI>Max Depth = 916<LI>Call Chain = main &rArr; MAL_MainLoop &rArr; FAULT_EVENT &rArr; FlashWriting &rArr; Data_write_to_flash &rArr; CFMCProgramPage
</UL>
<BR>[Calls]<UL><LI><a href="#[68]">&gt;&gt;</a>&nbsp;&nbsp;&nbsp;UserUart0init
<LI><a href="#[67]">&gt;&gt;</a>&nbsp;&nbsp;&nbsp;UserRs485init
<LI><a href="#[66]">&gt;&gt;</a>&nbsp;&nbsp;&nbsp;USER_TIMER0_Init
<LI><a href="#[6c]">&gt;&gt;</a>&nbsp;&nbsp;&nbsp;DIGITAL_PWM_INIT
<LI><a href="#[6b]">&gt;&gt;</a>&nbsp;&nbsp;&nbsp;ANALOG_PWM_INIT
<LI><a href="#[62]">&gt;&gt;</a>&nbsp;&nbsp;&nbsp;A31M22x_InitClock
<LI><a href="#[26]">&gt;&gt;</a>&nbsp;&nbsp;&nbsp;SystemInit
<LI><a href="#[46]">&gt;&gt;</a>&nbsp;&nbsp;&nbsp;MAL_MainLoop
<LI><a href="#[6a]">&gt;&gt;</a>&nbsp;&nbsp;&nbsp;MDL_WDT_Init
<LI><a href="#[69]">&gt;&gt;</a>&nbsp;&nbsp;&nbsp;USER_OPAMP_Init
<LI><a href="#[3b]">&gt;&gt;</a>&nbsp;&nbsp;&nbsp;MDL_PCU_Init
<LI><a href="#[65]">&gt;&gt;</a>&nbsp;&nbsp;&nbsp;USER_ADC_Init
</UL>
<BR>[Called By]<UL><LI><a href="#[34]">&gt;&gt;</a>&nbsp;&nbsp;&nbsp;__rt_entry_main
</UL>

<P><STRONG><a name="[6]"></a>Reset_Handler</STRONG> (Thumb, 8 bytes, Stack size 0 bytes, a31m22x_startup_arm.o(.text))
<BR>[Address Reference Count : 1]<UL><LI> a31m22x_startup_arm.o(RESET)
</UL>
<P><STRONG><a name="[7]"></a>NMI_Handler</STRONG> (Thumb, 2 bytes, Stack size 0 bytes, a31m22x_startup_arm.o(.text))
<BR><BR>[Calls]<UL><LI><a href="#[7]">&gt;&gt;</a>&nbsp;&nbsp;&nbsp;NMI_Handler
</UL>
<BR>[Called By]<UL><LI><a href="#[7]">&gt;&gt;</a>&nbsp;&nbsp;&nbsp;NMI_Handler
</UL>
<BR>[Address Reference Count : 1]<UL><LI> a31m22x_startup_arm.o(RESET)
</UL>
<P><STRONG><a name="[8]"></a>HardFault_Handler</STRONG> (Thumb, 2 bytes, Stack size 0 bytes, a31m22x_startup_arm.o(.text))
<BR><BR>[Calls]<UL><LI><a href="#[8]">&gt;&gt;</a>&nbsp;&nbsp;&nbsp;HardFault_Handler
</UL>
<BR>[Called By]<UL><LI><a href="#[8]">&gt;&gt;</a>&nbsp;&nbsp;&nbsp;HardFault_Handler
</UL>
<BR>[Address Reference Count : 1]<UL><LI> a31m22x_startup_arm.o(RESET)
</UL>
<P><STRONG><a name="[9]"></a>SVC_Handler</STRONG> (Thumb, 2 bytes, Stack size 0 bytes, a31m22x_startup_arm.o(.text))
<BR><BR>[Calls]<UL><LI><a href="#[9]">&gt;&gt;</a>&nbsp;&nbsp;&nbsp;SVC_Handler
</UL>
<BR>[Called By]<UL><LI><a href="#[9]">&gt;&gt;</a>&nbsp;&nbsp;&nbsp;SVC_Handler
</UL>
<BR>[Address Reference Count : 1]<UL><LI> a31m22x_startup_arm.o(RESET)
</UL>
<P><STRONG><a name="[a]"></a>PendSV_Handler</STRONG> (Thumb, 2 bytes, Stack size 0 bytes, a31m22x_startup_arm.o(.text))
<BR><BR>[Calls]<UL><LI><a href="#[a]">&gt;&gt;</a>&nbsp;&nbsp;&nbsp;PendSV_Handler
</UL>
<BR>[Called By]<UL><LI><a href="#[a]">&gt;&gt;</a>&nbsp;&nbsp;&nbsp;PendSV_Handler
</UL>
<BR>[Address Reference Count : 1]<UL><LI> a31m22x_startup_arm.o(RESET)
</UL>
<P><STRONG><a name="[b]"></a>SysTick_Handler</STRONG> (Thumb, 2 bytes, Stack size 0 bytes, a31m22x_startup_arm.o(.text))
<BR><BR>[Calls]<UL><LI><a href="#[b]">&gt;&gt;</a>&nbsp;&nbsp;&nbsp;SysTick_Handler
</UL>
<BR>[Called By]<UL><LI><a href="#[b]">&gt;&gt;</a>&nbsp;&nbsp;&nbsp;SysTick_Handler
</UL>
<BR>[Address Reference Count : 1]<UL><LI> a31m22x_startup_arm.o(RESET)
</UL>
<P><STRONG><a name="[12]"></a>CFMC_IRQHandler</STRONG> (Thumb, 0 bytes, Stack size 0 bytes, a31m22x_startup_arm.o(.text))
<BR><BR>[Calls]<UL><LI><a href="#[12]">&gt;&gt;</a>&nbsp;&nbsp;&nbsp;CFMC_IRQHandler
</UL>
<BR>[Called By]<UL><LI><a href="#[12]">&gt;&gt;</a>&nbsp;&nbsp;&nbsp;CFMC_IRQHandler
</UL>
<BR>[Address Reference Count : 1]<UL><LI> a31m22x_startup_arm.o(RESET)
</UL>
<P><STRONG><a name="[25]"></a>CMP_IRQHandler</STRONG> (Thumb, 0 bytes, Stack size 0 bytes, a31m22x_startup_arm.o(.text))
<BR>[Address Reference Count : 1]<UL><LI> a31m22x_startup_arm.o(RESET)
</UL>
<P><STRONG><a name="[23]"></a>CRC_IRQHandler</STRONG> (Thumb, 0 bytes, Stack size 0 bytes, a31m22x_startup_arm.o(.text))
<BR>[Address Reference Count : 1]<UL><LI> a31m22x_startup_arm.o(RESET)
</UL>
<P><STRONG><a name="[11]"></a>FRT_IRQHandler</STRONG> (Thumb, 0 bytes, Stack size 0 bytes, a31m22x_startup_arm.o(.text))
<BR>[Address Reference Count : 1]<UL><LI> a31m22x_startup_arm.o(RESET)
</UL>
<P><STRONG><a name="[17]"></a>GPIOA_IRQHandler</STRONG> (Thumb, 0 bytes, Stack size 0 bytes, a31m22x_startup_arm.o(.text))
<BR>[Address Reference Count : 1]<UL><LI> a31m22x_startup_arm.o(RESET)
</UL>
<P><STRONG><a name="[19]"></a>GPIOC_IRQHandler</STRONG> (Thumb, 0 bytes, Stack size 0 bytes, a31m22x_startup_arm.o(.text))
<BR>[Address Reference Count : 1]<UL><LI> a31m22x_startup_arm.o(RESET)
</UL>
<P><STRONG><a name="[1a]"></a>GPIOD_IRQHandler</STRONG> (Thumb, 0 bytes, Stack size 0 bytes, a31m22x_startup_arm.o(.text))
<BR>[Address Reference Count : 1]<UL><LI> a31m22x_startup_arm.o(RESET)
</UL>
<P><STRONG><a name="[1f]"></a>I2C_IRQHandler</STRONG> (Thumb, 0 bytes, Stack size 0 bytes, a31m22x_startup_arm.o(.text))
<BR>[Address Reference Count : 1]<UL><LI> a31m22x_startup_arm.o(RESET)
</UL>
<P><STRONG><a name="[1b]"></a>MPWMPROT_IRQHandler</STRONG> (Thumb, 0 bytes, Stack size 0 bytes, a31m22x_startup_arm.o(.text))
<BR>[Address Reference Count : 1]<UL><LI> a31m22x_startup_arm.o(RESET)
</UL>
<P><STRONG><a name="[24]"></a>SRAM_IRQHandler</STRONG> (Thumb, 0 bytes, Stack size 0 bytes, a31m22x_startup_arm.o(.text))
<BR>[Address Reference Count : 1]<UL><LI> a31m22x_startup_arm.o(RESET)
</UL>
<P><STRONG><a name="[ce]"></a>__user_initial_stackheap</STRONG> (Thumb, 0 bytes, Stack size unknown bytes, a31m22x_startup_arm.o(.text))
<BR><BR>[Called By]<UL><LI><a href="#[31]">&gt;&gt;</a>&nbsp;&nbsp;&nbsp;__user_setup_stackheap
</UL>

<P><STRONG><a name="[28]"></a>app_timer_irq_handler</STRONG> (Thumb, 68 bytes, Stack size 4 bytes, user_timer.o(.text))
<BR><BR>[Stack]<UL><LI>Max Depth = 4<LI>Call Chain = app_timer_irq_handler
</UL>
<BR>[Address Reference Count : 1]<UL><LI> user_timer.o(.text)
</UL>
<P><STRONG><a name="[66]"></a>USER_TIMER0_Init</STRONG> (Thumb, 50 bytes, Stack size 16 bytes, user_timer.o(.text))
<BR><BR>[Stack]<UL><LI>Max Depth = 36<LI>Call Chain = USER_TIMER0_Init &rArr; HAL_TIMER_Init
</UL>
<BR>[Calls]<UL><LI><a href="#[6e]">&gt;&gt;</a>&nbsp;&nbsp;&nbsp;HAL_TIMER_Start
<LI><a href="#[6d]">&gt;&gt;</a>&nbsp;&nbsp;&nbsp;HAL_TIMER_Init
</UL>
<BR>[Called By]<UL><LI><a href="#[35]">&gt;&gt;</a>&nbsp;&nbsp;&nbsp;main
</UL>

<P><STRONG><a name="[17b]"></a>get_system_time_ms</STRONG> (Thumb, 8 bytes, Stack size 0 bytes, user_timer.o(.text), UNUSED)

<P><STRONG><a name="[43]"></a>user_delay</STRONG> (Thumb, 34 bytes, Stack size 0 bytes, user_timer.o(.text))
<BR><BR>[Called By]<UL><LI><a href="#[46]">&gt;&gt;</a>&nbsp;&nbsp;&nbsp;MAL_MainLoop
<LI><a href="#[3d]">&gt;&gt;</a>&nbsp;&nbsp;&nbsp;DriveStateMachine
<LI><a href="#[76]">&gt;&gt;</a>&nbsp;&nbsp;&nbsp;ModbusStateMachine
</UL>

<P><STRONG><a name="[6f]"></a>InputRegisterData</STRONG> (Thumb, 198 bytes, Stack size 72 bytes, user_statemachine.o(.text))
<BR><BR>[Stack]<UL><LI>Max Depth = 92<LI>Call Chain = InputRegisterData &rArr; __aeabi_fdiv
</UL>
<BR>[Calls]<UL><LI><a href="#[74]">&gt;&gt;</a>&nbsp;&nbsp;&nbsp;__aeabi_fmul
<LI><a href="#[71]">&gt;&gt;</a>&nbsp;&nbsp;&nbsp;__aeabi_ui2f
<LI><a href="#[73]">&gt;&gt;</a>&nbsp;&nbsp;&nbsp;__aeabi_f2uiz
<LI><a href="#[72]">&gt;&gt;</a>&nbsp;&nbsp;&nbsp;__aeabi_fdiv
<LI><a href="#[52]">&gt;&gt;</a>&nbsp;&nbsp;&nbsp;__aeabi_uidivmod
<LI><a href="#[70]">&gt;&gt;</a>&nbsp;&nbsp;&nbsp;Volts_10
</UL>
<BR>[Called By]<UL><LI><a href="#[3f]">&gt;&gt;</a>&nbsp;&nbsp;&nbsp;FAULT_EVENT
<LI><a href="#[44]">&gt;&gt;</a>&nbsp;&nbsp;&nbsp;EVENT_OCCUR_1_MS
</UL>

<P><STRONG><a name="[17c]"></a>MotorStatusCheck</STRONG> (Thumb, 28 bytes, Stack size 0 bytes, user_statemachine.o(.text), UNUSED)

<P><STRONG><a name="[44]"></a>EVENT_OCCUR_1_MS</STRONG> (Thumb, 132 bytes, Stack size 8 bytes, user_statemachine.o(.text))
<BR><BR>[Stack]<UL><LI>Max Depth = 908<LI>Call Chain = EVENT_OCCUR_1_MS &rArr; FlashWriting &rArr; Data_write_to_flash &rArr; CFMCProgramPage
</UL>
<BR>[Calls]<UL><LI><a href="#[45]">&gt;&gt;</a>&nbsp;&nbsp;&nbsp;SET_TARGET_SPEED_TO_MOTOR
<LI><a href="#[83]">&gt;&gt;</a>&nbsp;&nbsp;&nbsp;Suppression
<LI><a href="#[7c]">&gt;&gt;</a>&nbsp;&nbsp;&nbsp;RelayOperation
<LI><a href="#[78]">&gt;&gt;</a>&nbsp;&nbsp;&nbsp;ReDeModbus
<LI><a href="#[87]">&gt;&gt;</a>&nbsp;&nbsp;&nbsp;PowerFilterCal
<LI><a href="#[7a]">&gt;&gt;</a>&nbsp;&nbsp;&nbsp;PID_SENSOR_EVENT_OCCURANCE
<LI><a href="#[80]">&gt;&gt;</a>&nbsp;&nbsp;&nbsp;OccRecFault
<LI><a href="#[77]">&gt;&gt;</a>&nbsp;&nbsp;&nbsp;MotorUartStatemachine
<LI><a href="#[76]">&gt;&gt;</a>&nbsp;&nbsp;&nbsp;ModbusStateMachine
<LI><a href="#[75]">&gt;&gt;</a>&nbsp;&nbsp;&nbsp;MODE_SELECTION
<LI><a href="#[7e]">&gt;&gt;</a>&nbsp;&nbsp;&nbsp;LoadPercentage
<LI><a href="#[85]">&gt;&gt;</a>&nbsp;&nbsp;&nbsp;LED_MODE_INDICATION
<LI><a href="#[84]">&gt;&gt;</a>&nbsp;&nbsp;&nbsp;FlashWriting
<LI><a href="#[82]">&gt;&gt;</a>&nbsp;&nbsp;&nbsp;FireFault
<LI><a href="#[7d]">&gt;&gt;</a>&nbsp;&nbsp;&nbsp;FilterParameter
<LI><a href="#[7b]">&gt;&gt;</a>&nbsp;&nbsp;&nbsp;FaultIndication
<LI><a href="#[86]">&gt;&gt;</a>&nbsp;&nbsp;&nbsp;DigitalOutput
<LI><a href="#[81]">&gt;&gt;</a>&nbsp;&nbsp;&nbsp;Current_Filt
<LI><a href="#[79]">&gt;&gt;</a>&nbsp;&nbsp;&nbsp;CONTROL_MODE_SELECT
<LI><a href="#[7f]">&gt;&gt;</a>&nbsp;&nbsp;&nbsp;ANALOG_CONTROL_MODE
<LI><a href="#[6f]">&gt;&gt;</a>&nbsp;&nbsp;&nbsp;InputRegisterData
</UL>
<BR>[Called By]<UL><LI><a href="#[46]">&gt;&gt;</a>&nbsp;&nbsp;&nbsp;MAL_MainLoop
<LI><a href="#[3d]">&gt;&gt;</a>&nbsp;&nbsp;&nbsp;DriveStateMachine
</UL>

<P><STRONG><a name="[3f]"></a>FAULT_EVENT</STRONG> (Thumb, 64 bytes, Stack size 8 bytes, user_statemachine.o(.text))
<BR><BR>[Stack]<UL><LI>Max Depth = 908<LI>Call Chain = FAULT_EVENT &rArr; FlashWriting &rArr; Data_write_to_flash &rArr; CFMCProgramPage
</UL>
<BR>[Calls]<UL><LI><a href="#[45]">&gt;&gt;</a>&nbsp;&nbsp;&nbsp;SET_TARGET_SPEED_TO_MOTOR
<LI><a href="#[7c]">&gt;&gt;</a>&nbsp;&nbsp;&nbsp;RelayOperation
<LI><a href="#[78]">&gt;&gt;</a>&nbsp;&nbsp;&nbsp;ReDeModbus
<LI><a href="#[80]">&gt;&gt;</a>&nbsp;&nbsp;&nbsp;OccRecFault
<LI><a href="#[77]">&gt;&gt;</a>&nbsp;&nbsp;&nbsp;MotorUartStatemachine
<LI><a href="#[76]">&gt;&gt;</a>&nbsp;&nbsp;&nbsp;ModbusStateMachine
<LI><a href="#[84]">&gt;&gt;</a>&nbsp;&nbsp;&nbsp;FlashWriting
<LI><a href="#[7d]">&gt;&gt;</a>&nbsp;&nbsp;&nbsp;FilterParameter
<LI><a href="#[7b]">&gt;&gt;</a>&nbsp;&nbsp;&nbsp;FaultIndication
<LI><a href="#[86]">&gt;&gt;</a>&nbsp;&nbsp;&nbsp;DigitalOutput
<LI><a href="#[6f]">&gt;&gt;</a>&nbsp;&nbsp;&nbsp;InputRegisterData
</UL>
<BR>[Called By]<UL><LI><a href="#[46]">&gt;&gt;</a>&nbsp;&nbsp;&nbsp;MAL_MainLoop
<LI><a href="#[3d]">&gt;&gt;</a>&nbsp;&nbsp;&nbsp;DriveStateMachine
</UL>

<P><STRONG><a name="[29]"></a>uart_irq_handler</STRONG> (Thumb, 58 bytes, Stack size 8 bytes, modbus_comm.o(.text))
<BR><BR>[Stack]<UL><LI>Max Depth = 40<LI>Call Chain = uart_irq_handler &rArr; HAL_UART_Receive &rArr; HAL_DMA_Start
</UL>
<BR>[Calls]<UL><LI><a href="#[5b]">&gt;&gt;</a>&nbsp;&nbsp;&nbsp;HAL_UART_Receive
</UL>
<BR>[Address Reference Count : 1]<UL><LI> modbus_comm.o(.text)
</UL>
<P><STRONG><a name="[88]"></a>TransmitData</STRONG> (Thumb, 32 bytes, Stack size 8 bytes, modbus_comm.o(.text), UNUSED)
<BR><BR>[Calls]<UL><LI><a href="#[5a]">&gt;&gt;</a>&nbsp;&nbsp;&nbsp;HAL_UART_Transmit
</UL>

<P><STRONG><a name="[17d]"></a>CheckTransmitValidData</STRONG> (Thumb, 112 bytes, Stack size 12 bytes, modbus_comm.o(.text), UNUSED)

<P><STRONG><a name="[8a]"></a>ModbusRxDataDecode</STRONG> (Thumb, 210 bytes, Stack size 16 bytes, modbus_comm.o(.text))
<BR><BR>[Stack]<UL><LI>Max Depth = 16<LI>Call Chain = ModbusRxDataDecode
</UL>
<BR>[Called By]<UL><LI><a href="#[76]">&gt;&gt;</a>&nbsp;&nbsp;&nbsp;ModbusStateMachine
</UL>

<P><STRONG><a name="[17e]"></a>ModbusDataValidCheck</STRONG> (Thumb, 40 bytes, Stack size 0 bytes, modbus_comm.o(.text), UNUSED)

<P><STRONG><a name="[76]"></a>ModbusStateMachine</STRONG> (Thumb, 420 bytes, Stack size 24 bytes, modbus_comm.o(.text))
<BR><BR>[Stack]<UL><LI>Max Depth = 76<LI>Call Chain = ModbusStateMachine &rArr; HOLDING_REG_AND_INPUT_REG_DATA &rArr; Modbus_CRC16
</UL>
<BR>[Calls]<UL><LI><a href="#[5a]">&gt;&gt;</a>&nbsp;&nbsp;&nbsp;HAL_UART_Transmit
<LI><a href="#[43]">&gt;&gt;</a>&nbsp;&nbsp;&nbsp;user_delay
<LI><a href="#[89]">&gt;&gt;</a>&nbsp;&nbsp;&nbsp;__aeabi_memclr
<LI><a href="#[8b]">&gt;&gt;</a>&nbsp;&nbsp;&nbsp;HOLDING_REG_AND_INPUT_REG_DATA
<LI><a href="#[8a]">&gt;&gt;</a>&nbsp;&nbsp;&nbsp;ModbusRxDataDecode
</UL>
<BR>[Called By]<UL><LI><a href="#[3f]">&gt;&gt;</a>&nbsp;&nbsp;&nbsp;FAULT_EVENT
<LI><a href="#[44]">&gt;&gt;</a>&nbsp;&nbsp;&nbsp;EVENT_OCCUR_1_MS
</UL>

<P><STRONG><a name="[17f]"></a>DataReceivedValid</STRONG> (Thumb, 216 bytes, Stack size 16 bytes, modbus_comm.o(.text), UNUSED)

<P><STRONG><a name="[9c]"></a>Modbus_CRC16</STRONG> (Thumb, 46 bytes, Stack size 12 bytes, modbus_comm.o(.text))
<BR><BR>[Stack]<UL><LI>Max Depth = 12<LI>Call Chain = Modbus_CRC16
</UL>
<BR>[Called By]<UL><LI><a href="#[8b]">&gt;&gt;</a>&nbsp;&nbsp;&nbsp;HOLDING_REG_AND_INPUT_REG_DATA
</UL>

<P><STRONG><a name="[67]"></a>UserRs485init</STRONG> (Thumb, 72 bytes, Stack size 16 bytes, modbus_comm.o(.text))
<BR><BR>[Stack]<UL><LI>Max Depth = 56<LI>Call Chain = UserRs485init &rArr; HAL_UART_Init
</UL>
<BR>[Calls]<UL><LI><a href="#[8c]">&gt;&gt;</a>&nbsp;&nbsp;&nbsp;HAL_UART_SetIRQ
<LI><a href="#[5b]">&gt;&gt;</a>&nbsp;&nbsp;&nbsp;HAL_UART_Receive
<LI><a href="#[59]">&gt;&gt;</a>&nbsp;&nbsp;&nbsp;HAL_UART_Init
</UL>
<BR>[Called By]<UL><LI><a href="#[35]">&gt;&gt;</a>&nbsp;&nbsp;&nbsp;main
</UL>

<P><STRONG><a name="[78]"></a>ReDeModbus</STRONG> (Thumb, 34 bytes, Stack size 8 bytes, modbus_comm.o(.text))
<BR><BR>[Stack]<UL><LI>Max Depth = 8<LI>Call Chain = ReDeModbus
</UL>
<BR>[Calls]<UL><LI><a href="#[8e]">&gt;&gt;</a>&nbsp;&nbsp;&nbsp;HAL_GPIO_ClearPin
<LI><a href="#[8d]">&gt;&gt;</a>&nbsp;&nbsp;&nbsp;HAL_GPIO_SetPin
</UL>
<BR>[Called By]<UL><LI><a href="#[3f]">&gt;&gt;</a>&nbsp;&nbsp;&nbsp;FAULT_EVENT
<LI><a href="#[44]">&gt;&gt;</a>&nbsp;&nbsp;&nbsp;EVENT_OCCUR_1_MS
</UL>

<P><STRONG><a name="[2a]"></a>uart_irq_handler_uart0</STRONG> (Thumb, 50 bytes, Stack size 8 bytes, nxp_comm_uart.o(.text))
<BR><BR>[Stack]<UL><LI>Max Depth = 40<LI>Call Chain = uart_irq_handler_uart0 &rArr; HAL_UART_Receive &rArr; HAL_DMA_Start
</UL>
<BR>[Calls]<UL><LI><a href="#[5b]">&gt;&gt;</a>&nbsp;&nbsp;&nbsp;HAL_UART_Receive
</UL>
<BR>[Address Reference Count : 1]<UL><LI> nxp_comm_uart.o(.text)
</UL>
<P><STRONG><a name="[90]"></a>ReceiveParameter</STRONG> (Thumb, 280 bytes, Stack size 8 bytes, nxp_comm_uart.o(.text))
<BR><BR>[Stack]<UL><LI>Max Depth = 8<LI>Call Chain = ReceiveParameter
</UL>
<BR>[Called By]<UL><LI><a href="#[77]">&gt;&gt;</a>&nbsp;&nbsp;&nbsp;MotorUartStatemachine
</UL>

<P><STRONG><a name="[180]"></a>calculate_checksum</STRONG> (Thumb, 82 bytes, Stack size 16 bytes, nxp_comm_uart.o(.text), UNUSED)

<P><STRONG><a name="[8f]"></a>TransmitParameter</STRONG> (Thumb, 220 bytes, Stack size 24 bytes, nxp_comm_uart.o(.text))
<BR><BR>[Stack]<UL><LI>Max Depth = 48<LI>Call Chain = TransmitParameter &rArr; HAL_UART_Transmit &rArr; HAL_DMA_Start
</UL>
<BR>[Calls]<UL><LI><a href="#[5a]">&gt;&gt;</a>&nbsp;&nbsp;&nbsp;HAL_UART_Transmit
</UL>
<BR>[Called By]<UL><LI><a href="#[77]">&gt;&gt;</a>&nbsp;&nbsp;&nbsp;MotorUartStatemachine
</UL>

<P><STRONG><a name="[77]"></a>MotorUartStatemachine</STRONG> (Thumb, 104 bytes, Stack size 16 bytes, nxp_comm_uart.o(.text))
<BR><BR>[Stack]<UL><LI>Max Depth = 64<LI>Call Chain = MotorUartStatemachine &rArr; TransmitParameter &rArr; HAL_UART_Transmit &rArr; HAL_DMA_Start
</UL>
<BR>[Calls]<UL><LI><a href="#[8f]">&gt;&gt;</a>&nbsp;&nbsp;&nbsp;TransmitParameter
<LI><a href="#[90]">&gt;&gt;</a>&nbsp;&nbsp;&nbsp;ReceiveParameter
</UL>
<BR>[Called By]<UL><LI><a href="#[3f]">&gt;&gt;</a>&nbsp;&nbsp;&nbsp;FAULT_EVENT
<LI><a href="#[44]">&gt;&gt;</a>&nbsp;&nbsp;&nbsp;EVENT_OCCUR_1_MS
</UL>

<P><STRONG><a name="[68]"></a>UserUart0init</STRONG> (Thumb, 74 bytes, Stack size 16 bytes, nxp_comm_uart.o(.text))
<BR><BR>[Stack]<UL><LI>Max Depth = 56<LI>Call Chain = UserUart0init &rArr; HAL_UART_Init
</UL>
<BR>[Calls]<UL><LI><a href="#[8c]">&gt;&gt;</a>&nbsp;&nbsp;&nbsp;HAL_UART_SetIRQ
<LI><a href="#[5b]">&gt;&gt;</a>&nbsp;&nbsp;&nbsp;HAL_UART_Receive
<LI><a href="#[59]">&gt;&gt;</a>&nbsp;&nbsp;&nbsp;HAL_UART_Init
</UL>
<BR>[Called By]<UL><LI><a href="#[35]">&gt;&gt;</a>&nbsp;&nbsp;&nbsp;main
</UL>

<P><STRONG><a name="[91]"></a>AnalogOutput</STRONG> (Thumb, 62 bytes, Stack size 16 bytes, analog_pwm_output.o(.text))
<BR><BR>[Stack]<UL><LI>Max Depth = 36<LI>Call Chain = AnalogOutput &rArr; __aeabi_fdiv
</UL>
<BR>[Calls]<UL><LI><a href="#[74]">&gt;&gt;</a>&nbsp;&nbsp;&nbsp;__aeabi_fmul
<LI><a href="#[71]">&gt;&gt;</a>&nbsp;&nbsp;&nbsp;__aeabi_ui2f
<LI><a href="#[73]">&gt;&gt;</a>&nbsp;&nbsp;&nbsp;__aeabi_f2uiz
<LI><a href="#[72]">&gt;&gt;</a>&nbsp;&nbsp;&nbsp;__aeabi_fdiv
</UL>
<BR>[Called By]<UL><LI><a href="#[86]">&gt;&gt;</a>&nbsp;&nbsp;&nbsp;DigitalOutput
</UL>

<P><STRONG><a name="[1d]"></a>MPWM_IRQHandler</STRONG> (Thumb, 2 bytes, Stack size 0 bytes, analog_pwm_output.o(.text))
<BR>[Address Reference Count : 2]<UL><LI> a31m22x_startup_arm.o(RESET)
<LI> analog_pwm_output.o(.text)
</UL>
<P><STRONG><a name="[6b]"></a>ANALOG_PWM_INIT</STRONG> (Thumb, 108 bytes, Stack size 24 bytes, analog_pwm_output.o(.text))
<BR><BR>[Stack]<UL><LI>Max Depth = 40<LI>Call Chain = ANALOG_PWM_INIT &rArr; HAL_MPWM_Init
</UL>
<BR>[Calls]<UL><LI><a href="#[98]">&gt;&gt;</a>&nbsp;&nbsp;&nbsp;HAL_MPWM_EnablePWMOutput
<LI><a href="#[97]">&gt;&gt;</a>&nbsp;&nbsp;&nbsp;HAL_MPWM_Start
<LI><a href="#[95]">&gt;&gt;</a>&nbsp;&nbsp;&nbsp;HAL_MPWM_SetDuty
<LI><a href="#[94]">&gt;&gt;</a>&nbsp;&nbsp;&nbsp;HAL_MPWM_SetPeriod
<LI><a href="#[96]">&gt;&gt;</a>&nbsp;&nbsp;&nbsp;HAL_MPWM_ControlPWMOutput
<LI><a href="#[93]">&gt;&gt;</a>&nbsp;&nbsp;&nbsp;HAL_MPWM_SetIRQConfig
<LI><a href="#[92]">&gt;&gt;</a>&nbsp;&nbsp;&nbsp;HAL_MPWM_Init
</UL>
<BR>[Called By]<UL><LI><a href="#[35]">&gt;&gt;</a>&nbsp;&nbsp;&nbsp;main
</UL>

<P><STRONG><a name="[181]"></a>DIGITAL_PWM</STRONG> (Thumb, 22 bytes, Stack size 0 bytes, digital_pwm_output.o(.text), UNUSED)

<P><STRONG><a name="[99]"></a>TachometerOutput</STRONG> (Thumb, 72 bytes, Stack size 16 bytes, digital_pwm_output.o(.text), UNUSED)
<BR><BR>[Calls]<UL><LI><a href="#[71]">&gt;&gt;</a>&nbsp;&nbsp;&nbsp;__aeabi_ui2f
<LI><a href="#[73]">&gt;&gt;</a>&nbsp;&nbsp;&nbsp;__aeabi_f2uiz
<LI><a href="#[72]">&gt;&gt;</a>&nbsp;&nbsp;&nbsp;__aeabi_fdiv
<LI><a href="#[9a]">&gt;&gt;</a>&nbsp;&nbsp;&nbsp;__aeabi_idivmod
</UL>

<P><STRONG><a name="[86]"></a>DigitalOutput</STRONG> (Thumb, 92 bytes, Stack size 16 bytes, digital_pwm_output.o(.text))
<BR><BR>[Stack]<UL><LI>Max Depth = 52<LI>Call Chain = DigitalOutput &rArr; AnalogOutput &rArr; __aeabi_fdiv
</UL>
<BR>[Calls]<UL><LI><a href="#[71]">&gt;&gt;</a>&nbsp;&nbsp;&nbsp;__aeabi_ui2f
<LI><a href="#[73]">&gt;&gt;</a>&nbsp;&nbsp;&nbsp;__aeabi_f2uiz
<LI><a href="#[72]">&gt;&gt;</a>&nbsp;&nbsp;&nbsp;__aeabi_fdiv
<LI><a href="#[9a]">&gt;&gt;</a>&nbsp;&nbsp;&nbsp;__aeabi_idivmod
<LI><a href="#[91]">&gt;&gt;</a>&nbsp;&nbsp;&nbsp;AnalogOutput
</UL>
<BR>[Called By]<UL><LI><a href="#[3f]">&gt;&gt;</a>&nbsp;&nbsp;&nbsp;FAULT_EVENT
<LI><a href="#[44]">&gt;&gt;</a>&nbsp;&nbsp;&nbsp;EVENT_OCCUR_1_MS
</UL>

<P><STRONG><a name="[2b]"></a>MY_HANDLER</STRONG> (Thumb, 2 bytes, Stack size 0 bytes, digital_pwm_output.o(.text))
<BR>[Address Reference Count : 1]<UL><LI> digital_pwm_output.o(.text)
</UL>
<P><STRONG><a name="[6c]"></a>DIGITAL_PWM_INIT</STRONG> (Thumb, 60 bytes, Stack size 24 bytes, digital_pwm_output.o(.text))
<BR><BR>[Stack]<UL><LI>Max Depth = 44<LI>Call Chain = DIGITAL_PWM_INIT &rArr; HAL_TIMER_Init
</UL>
<BR>[Calls]<UL><LI><a href="#[9b]">&gt;&gt;</a>&nbsp;&nbsp;&nbsp;HAL_TIMER_StartPWM
<LI><a href="#[6d]">&gt;&gt;</a>&nbsp;&nbsp;&nbsp;HAL_TIMER_Init
</UL>
<BR>[Called By]<UL><LI><a href="#[35]">&gt;&gt;</a>&nbsp;&nbsp;&nbsp;main
</UL>

<P><STRONG><a name="[8b]"></a>HOLDING_REG_AND_INPUT_REG_DATA</STRONG> (Thumb, 614 bytes, Stack size 40 bytes, modbus_holding_register.o(.text))
<BR><BR>[Stack]<UL><LI>Max Depth = 52<LI>Call Chain = HOLDING_REG_AND_INPUT_REG_DATA &rArr; Modbus_CRC16
</UL>
<BR>[Calls]<UL><LI><a href="#[9c]">&gt;&gt;</a>&nbsp;&nbsp;&nbsp;Modbus_CRC16
</UL>
<BR>[Called By]<UL><LI><a href="#[76]">&gt;&gt;</a>&nbsp;&nbsp;&nbsp;ModbusStateMachine
</UL>

<P><STRONG><a name="[182]"></a>DUMMBY_DATA</STRONG> (Thumb, 32 bytes, Stack size 0 bytes, modbus_holding_register.o(.text), UNUSED)

<P><STRONG><a name="[9d]"></a>HourCounter</STRONG> (Thumb, 114 bytes, Stack size 8 bytes, application_input_register.o(.text))
<BR><BR>[Stack]<UL><LI>Max Depth = 44<LI>Call Chain = HourCounter &rArr; Data_write_to_flash &rArr; CFMCProgramPage
</UL>
<BR>[Calls]<UL><LI><a href="#[9e]">&gt;&gt;</a>&nbsp;&nbsp;&nbsp;Data_write_to_flash
</UL>
<BR>[Called By]<UL><LI><a href="#[3e]">&gt;&gt;</a>&nbsp;&nbsp;&nbsp;SystemHourStatus
</UL>

<P><STRONG><a name="[9f]"></a>RemainingHour</STRONG> (Thumb, 72 bytes, Stack size 8 bytes, application_input_register.o(.text), UNUSED)
<BR><BR>[Calls]<UL><LI><a href="#[9e]">&gt;&gt;</a>&nbsp;&nbsp;&nbsp;Data_write_to_flash
</UL>

<P><STRONG><a name="[41]"></a>HourCounterInit</STRONG> (Thumb, 144 bytes, Stack size 16 bytes, application_input_register.o(.text))
<BR><BR>[Stack]<UL><LI>Max Depth = 16<LI>Call Chain = HourCounterInit
</UL>
<BR>[Calls]<UL><LI><a href="#[40]">&gt;&gt;</a>&nbsp;&nbsp;&nbsp;Read_Flash_U32
</UL>
<BR>[Called By]<UL><LI><a href="#[46]">&gt;&gt;</a>&nbsp;&nbsp;&nbsp;MAL_MainLoop
<LI><a href="#[3d]">&gt;&gt;</a>&nbsp;&nbsp;&nbsp;DriveStateMachine
</UL>

<P><STRONG><a name="[183]"></a>HourCounterCheck</STRONG> (Thumb, 38 bytes, Stack size 0 bytes, application_input_register.o(.text), UNUSED)

<P><STRONG><a name="[3e]"></a>SystemHourStatus</STRONG> (Thumb, 108 bytes, Stack size 16 bytes, application_input_register.o(.text))
<BR><BR>[Stack]<UL><LI>Max Depth = 60<LI>Call Chain = SystemHourStatus &rArr; HourCounter &rArr; Data_write_to_flash &rArr; CFMCProgramPage
</UL>
<BR>[Calls]<UL><LI><a href="#[9e]">&gt;&gt;</a>&nbsp;&nbsp;&nbsp;Data_write_to_flash
<LI><a href="#[9d]">&gt;&gt;</a>&nbsp;&nbsp;&nbsp;HourCounter
</UL>
<BR>[Called By]<UL><LI><a href="#[46]">&gt;&gt;</a>&nbsp;&nbsp;&nbsp;MAL_MainLoop
<LI><a href="#[3d]">&gt;&gt;</a>&nbsp;&nbsp;&nbsp;DriveStateMachine
</UL>

<P><STRONG><a name="[81]"></a>Current_Filt</STRONG> (Thumb, 24 bytes, Stack size 0 bytes, application_input_register.o(.text))
<BR><BR>[Called By]<UL><LI><a href="#[44]">&gt;&gt;</a>&nbsp;&nbsp;&nbsp;EVENT_OCCUR_1_MS
</UL>

<P><STRONG><a name="[a0]"></a>FilterStatus</STRONG> (Thumb, 112 bytes, Stack size 8 bytes, application_input_register.o(.text))
<BR><BR>[Stack]<UL><LI>Max Depth = 44<LI>Call Chain = FilterStatus &rArr; Data_write_to_flash &rArr; CFMCProgramPage
</UL>
<BR>[Calls]<UL><LI><a href="#[9e]">&gt;&gt;</a>&nbsp;&nbsp;&nbsp;Data_write_to_flash
</UL>
<BR>[Called By]<UL><LI><a href="#[7d]">&gt;&gt;</a>&nbsp;&nbsp;&nbsp;FilterParameter
</UL>

<P><STRONG><a name="[184]"></a>ResetFilterStatus</STRONG> (Thumb, 46 bytes, Stack size 0 bytes, application_input_register.o(.text), UNUSED)

<P><STRONG><a name="[7d]"></a>FilterParameter</STRONG> (Thumb, 52 bytes, Stack size 8 bytes, application_input_register.o(.text))
<BR><BR>[Stack]<UL><LI>Max Depth = 52<LI>Call Chain = FilterParameter &rArr; FilterStatus &rArr; Data_write_to_flash &rArr; CFMCProgramPage
</UL>
<BR>[Calls]<UL><LI><a href="#[a0]">&gt;&gt;</a>&nbsp;&nbsp;&nbsp;FilterStatus
</UL>
<BR>[Called By]<UL><LI><a href="#[3f]">&gt;&gt;</a>&nbsp;&nbsp;&nbsp;FAULT_EVENT
<LI><a href="#[44]">&gt;&gt;</a>&nbsp;&nbsp;&nbsp;EVENT_OCCUR_1_MS
</UL>

<P><STRONG><a name="[a1]"></a>PowerCalculation</STRONG> (Thumb, 72 bytes, Stack size 24 bytes, application_input_register.o(.text), UNUSED)
<BR><BR>[Calls]<UL><LI><a href="#[74]">&gt;&gt;</a>&nbsp;&nbsp;&nbsp;__aeabi_fmul
<LI><a href="#[71]">&gt;&gt;</a>&nbsp;&nbsp;&nbsp;__aeabi_ui2f
<LI><a href="#[a2]">&gt;&gt;</a>&nbsp;&nbsp;&nbsp;__aeabi_f2iz
<LI><a href="#[72]">&gt;&gt;</a>&nbsp;&nbsp;&nbsp;__aeabi_fdiv
</UL>

<P><STRONG><a name="[87]"></a>PowerFilterCal</STRONG> (Thumb, 120 bytes, Stack size 24 bytes, application_input_register.o(.text))
<BR><BR>[Stack]<UL><LI>Max Depth = 44<LI>Call Chain = PowerFilterCal &rArr; __aeabi_fdiv
</UL>
<BR>[Calls]<UL><LI><a href="#[74]">&gt;&gt;</a>&nbsp;&nbsp;&nbsp;__aeabi_fmul
<LI><a href="#[71]">&gt;&gt;</a>&nbsp;&nbsp;&nbsp;__aeabi_ui2f
<LI><a href="#[a3]">&gt;&gt;</a>&nbsp;&nbsp;&nbsp;__aeabi_i2f
<LI><a href="#[73]">&gt;&gt;</a>&nbsp;&nbsp;&nbsp;__aeabi_f2uiz
<LI><a href="#[a2]">&gt;&gt;</a>&nbsp;&nbsp;&nbsp;__aeabi_f2iz
<LI><a href="#[72]">&gt;&gt;</a>&nbsp;&nbsp;&nbsp;__aeabi_fdiv
<LI><a href="#[a4]">&gt;&gt;</a>&nbsp;&nbsp;&nbsp;__aeabi_frsub
<LI><a href="#[a5]">&gt;&gt;</a>&nbsp;&nbsp;&nbsp;__aeabi_fadd
</UL>
<BR>[Called By]<UL><LI><a href="#[44]">&gt;&gt;</a>&nbsp;&nbsp;&nbsp;EVENT_OCCUR_1_MS
</UL>

<P><STRONG><a name="[7e]"></a>LoadPercentage</STRONG> (Thumb, 48 bytes, Stack size 16 bytes, application_input_register.o(.text))
<BR><BR>[Stack]<UL><LI>Max Depth = 36<LI>Call Chain = LoadPercentage &rArr; __aeabi_fdiv
</UL>
<BR>[Calls]<UL><LI><a href="#[74]">&gt;&gt;</a>&nbsp;&nbsp;&nbsp;__aeabi_fmul
<LI><a href="#[71]">&gt;&gt;</a>&nbsp;&nbsp;&nbsp;__aeabi_ui2f
<LI><a href="#[73]">&gt;&gt;</a>&nbsp;&nbsp;&nbsp;__aeabi_f2uiz
<LI><a href="#[72]">&gt;&gt;</a>&nbsp;&nbsp;&nbsp;__aeabi_fdiv
</UL>
<BR>[Called By]<UL><LI><a href="#[44]">&gt;&gt;</a>&nbsp;&nbsp;&nbsp;EVENT_OCCUR_1_MS
</UL>

<P><STRONG><a name="[b3]"></a>SET_SPEED_MODBUS_SIGNAL_LOSS_MODE</STRONG> (Thumb, 6 bytes, Stack size 0 bytes, application_holding_register.o(.text))
<BR><BR>[Called By]<UL><LI><a href="#[b6]">&gt;&gt;</a>&nbsp;&nbsp;&nbsp;ControlModeOperation
<LI><a href="#[b5]">&gt;&gt;</a>&nbsp;&nbsp;&nbsp;MODBUS_EVENT_OCCURANCE
<LI><a href="#[b2]">&gt;&gt;</a>&nbsp;&nbsp;&nbsp;SET_TARGET_RPM_FROM_MODBUS
</UL>

<P><STRONG><a name="[185]"></a>MAXIMUM_SPEED</STRONG> (Thumb, 6 bytes, Stack size 0 bytes, application_holding_register.o(.text), UNUSED)

<P><STRONG><a name="[c1]"></a>MINIMUM_SPEED</STRONG> (Thumb, 6 bytes, Stack size 0 bytes, application_holding_register.o(.text))
<BR><BR>[Called By]<UL><LI><a href="#[c0]">&gt;&gt;</a>&nbsp;&nbsp;&nbsp;IPMTemperatureDegrating
</UL>

<P><STRONG><a name="[b0]"></a>FAN_ROTATION</STRONG> (Thumb, 18 bytes, Stack size 0 bytes, application_holding_register.o(.text))
<BR><BR>[Called By]<UL><LI><a href="#[b6]">&gt;&gt;</a>&nbsp;&nbsp;&nbsp;ControlModeOperation
<LI><a href="#[b5]">&gt;&gt;</a>&nbsp;&nbsp;&nbsp;MODBUS_EVENT_OCCURANCE
<LI><a href="#[b2]">&gt;&gt;</a>&nbsp;&nbsp;&nbsp;SET_TARGET_RPM_FROM_MODBUS
<LI><a href="#[af]">&gt;&gt;</a>&nbsp;&nbsp;&nbsp;ANALOG_CONTORL_RPM_ENABLE
</UL>

<P><STRONG><a name="[186]"></a>SET_INTERNAL_RPM_1</STRONG> (Thumb, 6 bytes, Stack size 0 bytes, application_holding_register.o(.text), UNUSED)

<P><STRONG><a name="[187]"></a>SET_INTERNAL_RPM_2</STRONG> (Thumb, 6 bytes, Stack size 0 bytes, application_holding_register.o(.text), UNUSED)

<P><STRONG><a name="[188]"></a>SET_INTERNAL_RPM_3</STRONG> (Thumb, 6 bytes, Stack size 0 bytes, application_holding_register.o(.text), UNUSED)

<P><STRONG><a name="[b4]"></a>ContorlBitSystem</STRONG> (Thumb, 36 bytes, Stack size 0 bytes, application_holding_register.o(.text))
<BR><BR>[Called By]<UL><LI><a href="#[b6]">&gt;&gt;</a>&nbsp;&nbsp;&nbsp;ControlModeOperation
<LI><a href="#[b5]">&gt;&gt;</a>&nbsp;&nbsp;&nbsp;MODBUS_EVENT_OCCURANCE
[...]
<BR><BR>[Stack]<UL><LI>Max Depth = 8<LI>Call Chain = RelayOperation
</UL>
<BR>[Calls]<UL><LI><a href="#[8e]">&gt;&gt;</a>&nbsp;&nbsp;&nbsp;HAL_GPIO_ClearPin
<LI><a href="#[8d]">&gt;&gt;</a>&nbsp;&nbsp;&nbsp;HAL_GPIO_SetPin
</UL>
<BR>[Called By]<UL><LI><a href="#[3f]">&gt;&gt;</a>&nbsp;&nbsp;&nbsp;FAULT_EVENT
<LI><a href="#[44]">&gt;&gt;</a>&nbsp;&nbsp;&nbsp;EVENT_OCCUR_1_MS
</UL>

<P><STRONG><a name="[191]"></a>DC_Filter</STRONG> (Thumb, 26 bytes, Stack size 0 bytes, suppression_setting.o(.text), UNUSED)

<P><STRONG><a name="[c0]"></a>IPMTemperatureDegrating</STRONG> (Thumb, 556 bytes, Stack size 72 bytes, suppression_setting.o(.text))
<BR><BR>[Stack]<UL><LI>Max Depth = 92<LI>Call Chain = IPMTemperatureDegrating &rArr; __aeabi_fdiv
</UL>
<BR>[Calls]<UL><LI><a href="#[ae]">&gt;&gt;</a>&nbsp;&nbsp;&nbsp;__aeabi_cfrcmple
<LI><a href="#[74]">&gt;&gt;</a>&nbsp;&nbsp;&nbsp;__aeabi_fmul
<LI><a href="#[ac]">&gt;&gt;</a>&nbsp;&nbsp;&nbsp;__aeabi_cfcmple
<LI><a href="#[71]">&gt;&gt;</a>&nbsp;&nbsp;&nbsp;__aeabi_ui2f
<LI><a href="#[73]">&gt;&gt;</a>&nbsp;&nbsp;&nbsp;__aeabi_f2uiz
<LI><a href="#[72]">&gt;&gt;</a>&nbsp;&nbsp;&nbsp;__aeabi_fdiv
<LI><a href="#[ad]">&gt;&gt;</a>&nbsp;&nbsp;&nbsp;__aeabi_fsub
<LI><a href="#[52]">&gt;&gt;</a>&nbsp;&nbsp;&nbsp;__aeabi_uidivmod
<LI><a href="#[c1]">&gt;&gt;</a>&nbsp;&nbsp;&nbsp;MINIMUM_SPEED
</UL>
<BR>[Called By]<UL><LI><a href="#[83]">&gt;&gt;</a>&nbsp;&nbsp;&nbsp;Suppression
</UL>

<P><STRONG><a name="[c2]"></a>SuppressionSelection</STRONG> (Thumb, 90 bytes, Stack size 0 bytes, suppression_setting.o(.text))
<BR><BR>[Called By]<UL><LI><a href="#[83]">&gt;&gt;</a>&nbsp;&nbsp;&nbsp;Suppression
</UL>

<P><STRONG><a name="[83]"></a>Suppression</STRONG> (Thumb, 12 bytes, Stack size 8 bytes, suppression_setting.o(.text))
<BR><BR>[Stack]<UL><LI>Max Depth = 100<LI>Call Chain = Suppression &rArr; IPMTemperatureDegrating &rArr; __aeabi_fdiv
</UL>
<BR>[Calls]<UL><LI><a href="#[c2]">&gt;&gt;</a>&nbsp;&nbsp;&nbsp;SuppressionSelection
<LI><a href="#[c0]">&gt;&gt;</a>&nbsp;&nbsp;&nbsp;IPMTemperatureDegrating
</UL>
<BR>[Called By]<UL><LI><a href="#[44]">&gt;&gt;</a>&nbsp;&nbsp;&nbsp;EVENT_OCCUR_1_MS
</UL>

<P><STRONG><a name="[c]"></a>LVI_IRQHandler</STRONG> (Thumb, 24 bytes, Stack size 0 bytes, lvd_status.o(.text))
<BR>[Address Reference Count : 1]<UL><LI> a31m22x_startup_arm.o(RESET)
</UL>
<P><STRONG><a name="[192]"></a>LVD_Enable</STRONG> (Thumb, 24 bytes, Stack size 0 bytes, lvd_status.o(.text), UNUSED)

<P><STRONG><a name="[193]"></a>Check_LVD_Reset</STRONG> (Thumb, 24 bytes, Stack size 0 bytes, lvd_status.o(.text), UNUSED)

<P><STRONG><a name="[54]"></a>__aeabi_uldivmod</STRONG> (Thumb, 258 bytes, Stack size 32 bytes, lludiv.o(.text), UNUSED)
<BR><BR>[Called By]<UL><LI><a href="#[51]">&gt;&gt;</a>&nbsp;&nbsp;&nbsp;HAL_SCU_UpdateMainClock
</UL>

<P><STRONG><a name="[194]"></a>_ll_udiv</STRONG> (Thumb, 0 bytes, Stack size 32 bytes, lludiv.o(.text), UNUSED)

<P><STRONG><a name="[c4]"></a>_memset_w</STRONG> (Thumb, 26 bytes, Stack size 0 bytes, rt_memclr.o(.text))
<BR><BR>[Called By]<UL><LI><a href="#[c5]">&gt;&gt;</a>&nbsp;&nbsp;&nbsp;__rt_memclr_w
<LI><a href="#[c3]">&gt;&gt;</a>&nbsp;&nbsp;&nbsp;_memset
</UL>

<P><STRONG><a name="[c3]"></a>_memset</STRONG> (Thumb, 30 bytes, Stack size 0 bytes, rt_memclr.o(.text))
<BR><BR>[Calls]<UL><LI><a href="#[c4]">&gt;&gt;</a>&nbsp;&nbsp;&nbsp;_memset_w
</UL>
<BR>[Called By]<UL><LI><a href="#[89]">&gt;&gt;</a>&nbsp;&nbsp;&nbsp;__aeabi_memclr
</UL>

<P><STRONG><a name="[89]"></a>__aeabi_memclr</STRONG> (Thumb, 4 bytes, Stack size 0 bytes, rt_memclr.o(.text))
<BR><BR>[Calls]<UL><LI><a href="#[c3]">&gt;&gt;</a>&nbsp;&nbsp;&nbsp;_memset
</UL>
<BR>[Called By]<UL><LI><a href="#[76]">&gt;&gt;</a>&nbsp;&nbsp;&nbsp;ModbusStateMachine
</UL>

<P><STRONG><a name="[195]"></a>__rt_memclr</STRONG> (Thumb, 0 bytes, Stack size 0 bytes, rt_memclr.o(.text), UNUSED)

<P><STRONG><a name="[196]"></a>__aeabi_memclr4</STRONG> (Thumb, 0 bytes, Stack size 0 bytes, rt_memclr.o(.text), UNUSED)

<P><STRONG><a name="[197]"></a>__aeabi_memclr8</STRONG> (Thumb, 0 bytes, Stack size 0 bytes, rt_memclr.o(.text), UNUSED)

<P><STRONG><a name="[c5]"></a>__rt_memclr_w</STRONG> (Thumb, 4 bytes, Stack size 0 bytes, rt_memclr.o(.text), UNUSED)
<BR><BR>[Calls]<UL><LI><a href="#[c4]">&gt;&gt;</a>&nbsp;&nbsp;&nbsp;_memset_w
</UL>

<P><STRONG><a name="[198]"></a>__aeabi_uidiv</STRONG> (Thumb, 0 bytes, Stack size 0 bytes, aeabi_sdivfast.o(.text), UNUSED)

<P><STRONG><a name="[52]"></a>__aeabi_uidivmod</STRONG> (Thumb, 28 bytes, Stack size 0 bytes, aeabi_sdivfast.o(.text))
<BR><BR>[Called By]<UL><LI><a href="#[59]">&gt;&gt;</a>&nbsp;&nbsp;&nbsp;HAL_UART_Init
<LI><a href="#[51]">&gt;&gt;</a>&nbsp;&nbsp;&nbsp;HAL_SCU_UpdateMainClock
<LI><a href="#[c0]">&gt;&gt;</a>&nbsp;&nbsp;&nbsp;IPMTemperatureDegrating
<LI><a href="#[b8]">&gt;&gt;</a>&nbsp;&nbsp;&nbsp;OverRMSVoltageFault
<LI><a href="#[b7]">&gt;&gt;</a>&nbsp;&nbsp;&nbsp;DC_Under_VoltageFault
<LI><a href="#[b1]">&gt;&gt;</a>&nbsp;&nbsp;&nbsp;PidSensorCalculation
<LI><a href="#[7f]">&gt;&gt;</a>&nbsp;&nbsp;&nbsp;ANALOG_CONTROL_MODE
<LI><a href="#[6f]">&gt;&gt;</a>&nbsp;&nbsp;&nbsp;InputRegisterData
</UL>

<P><STRONG><a name="[199]"></a>__aeabi_idiv</STRONG> (Thumb, 0 bytes, Stack size 8 bytes, aeabi_sdivfast.o(.text), UNUSED)

<P><STRONG><a name="[9a]"></a>__aeabi_idivmod</STRONG> (Thumb, 460 bytes, Stack size 8 bytes, aeabi_sdivfast.o(.text))
<BR><BR>[Stack]<UL><LI>Max Depth = 8<LI>Call Chain = __aeabi_idivmod
</UL>
<BR>[Called By]<UL><LI><a href="#[99]">&gt;&gt;</a>&nbsp;&nbsp;&nbsp;TachometerOutput
<LI><a href="#[86]">&gt;&gt;</a>&nbsp;&nbsp;&nbsp;DigitalOutput
</UL>

<P><STRONG><a name="[19a]"></a>__use_two_region_memory</STRONG> (Thumb, 2 bytes, Stack size 0 bytes, heapauxi.o(.text), UNUSED)

<P><STRONG><a name="[19b]"></a>__rt_heap_escrow$2region</STRONG> (Thumb, 2 bytes, Stack size 0 bytes, heapauxi.o(.text), UNUSED)

<P><STRONG><a name="[19c]"></a>__rt_heap_expand$2region</STRONG> (Thumb, 2 bytes, Stack size 0 bytes, heapauxi.o(.text), UNUSED)

<P><STRONG><a name="[72]"></a>__aeabi_fdiv</STRONG> (Thumb, 0 bytes, Stack size 20 bytes, fdiv.o(.text))
<BR><BR>[Stack]<UL><LI>Max Depth = 20<LI>Call Chain = __aeabi_fdiv
</UL>
<BR>[Called By]<UL><LI><a href="#[c0]">&gt;&gt;</a>&nbsp;&nbsp;&nbsp;IPMTemperatureDegrating
<LI><a href="#[a1]">&gt;&gt;</a>&nbsp;&nbsp;&nbsp;PowerCalculation
<LI><a href="#[99]">&gt;&gt;</a>&nbsp;&nbsp;&nbsp;TachometerOutput
<LI><a href="#[91]">&gt;&gt;</a>&nbsp;&nbsp;&nbsp;AnalogOutput
<LI><a href="#[87]">&gt;&gt;</a>&nbsp;&nbsp;&nbsp;PowerFilterCal
<LI><a href="#[7e]">&gt;&gt;</a>&nbsp;&nbsp;&nbsp;LoadPercentage
<LI><a href="#[86]">&gt;&gt;</a>&nbsp;&nbsp;&nbsp;DigitalOutput
<LI><a href="#[7f]">&gt;&gt;</a>&nbsp;&nbsp;&nbsp;ANALOG_CONTROL_MODE
<LI><a href="#[6f]">&gt;&gt;</a>&nbsp;&nbsp;&nbsp;InputRegisterData
</UL>

<P><STRONG><a name="[c7]"></a>_fdiv</STRONG> (Thumb, 334 bytes, Stack size 20 bytes, fdiv.o(.text), UNUSED)
<BR><BR>[Called By]<UL><LI><a href="#[c6]">&gt;&gt;</a>&nbsp;&nbsp;&nbsp;_frdiv
</UL>

<P><STRONG><a name="[c6]"></a>_frdiv</STRONG> (Thumb, 8 bytes, Stack size 0 bytes, fdiv.o(.text), UNUSED)
<BR><BR>[Calls]<UL><LI><a href="#[c7]">&gt;&gt;</a>&nbsp;&nbsp;&nbsp;_fdiv
</UL>

<P><STRONG><a name="[a2]"></a>__aeabi_f2iz</STRONG> (Thumb, 0 bytes, Stack size 8 bytes, ffixi.o(.text))
<BR><BR>[Stack]<UL><LI>Max Depth = 8<LI>Call Chain = __aeabi_f2iz
</UL>
<BR>[Called By]<UL><LI><a href="#[b1]">&gt;&gt;</a>&nbsp;&nbsp;&nbsp;PidSensorCalculation
<LI><a href="#[a1]">&gt;&gt;</a>&nbsp;&nbsp;&nbsp;PowerCalculation
<LI><a href="#[70]">&gt;&gt;</a>&nbsp;&nbsp;&nbsp;Volts_10
<LI><a href="#[87]">&gt;&gt;</a>&nbsp;&nbsp;&nbsp;PowerFilterCal
<LI><a href="#[7f]">&gt;&gt;</a>&nbsp;&nbsp;&nbsp;ANALOG_CONTROL_MODE
</UL>

<P><STRONG><a name="[19d]"></a>_ffix</STRONG> (Thumb, 76 bytes, Stack size 8 bytes, ffixi.o(.text), UNUSED)

<P><STRONG><a name="[73]"></a>__aeabi_f2uiz</STRONG> (Thumb, 0 bytes, Stack size 0 bytes, ffixui.o(.text))
<BR><BR>[Called By]<UL><LI><a href="#[c0]">&gt;&gt;</a>&nbsp;&nbsp;&nbsp;IPMTemperatureDegrating
<LI><a href="#[99]">&gt;&gt;</a>&nbsp;&nbsp;&nbsp;TachometerOutput
<LI><a href="#[91]">&gt;&gt;</a>&nbsp;&nbsp;&nbsp;AnalogOutput
<LI><a href="#[87]">&gt;&gt;</a>&nbsp;&nbsp;&nbsp;PowerFilterCal
<LI><a href="#[7a]">&gt;&gt;</a>&nbsp;&nbsp;&nbsp;PID_SENSOR_EVENT_OCCURANCE
<LI><a href="#[7e]">&gt;&gt;</a>&nbsp;&nbsp;&nbsp;LoadPercentage
<LI><a href="#[86]">&gt;&gt;</a>&nbsp;&nbsp;&nbsp;DigitalOutput
<LI><a href="#[7f]">&gt;&gt;</a>&nbsp;&nbsp;&nbsp;ANALOG_CONTROL_MODE
<LI><a href="#[6f]">&gt;&gt;</a>&nbsp;&nbsp;&nbsp;InputRegisterData
</UL>

<P><STRONG><a name="[19e]"></a>_ffixu</STRONG> (Thumb, 48 bytes, Stack size 0 bytes, ffixui.o(.text), UNUSED)

<P><STRONG><a name="[c8]"></a>__aeabi_i2f_normalise</STRONG> (Thumb, 72 bytes, Stack size 0 bytes, fflti.o(.text))
<BR><BR>[Called By]<UL><LI><a href="#[71]">&gt;&gt;</a>&nbsp;&nbsp;&nbsp;__aeabi_ui2f
<LI><a href="#[a3]">&gt;&gt;</a>&nbsp;&nbsp;&nbsp;__aeabi_i2f
</UL>

<P><STRONG><a name="[a3]"></a>__aeabi_i2f</STRONG> (Thumb, 16 bytes, Stack size 0 bytes, fflti.o(.text))
<BR><BR>[Calls]<UL><LI><a href="#[c8]">&gt;&gt;</a>&nbsp;&nbsp;&nbsp;__aeabi_i2f_normalise
</UL>
<BR>[Called By]<UL><LI><a href="#[b1]">&gt;&gt;</a>&nbsp;&nbsp;&nbsp;PidSensorCalculation
<LI><a href="#[87]">&gt;&gt;</a>&nbsp;&nbsp;&nbsp;PowerFilterCal
<LI><a href="#[7f]">&gt;&gt;</a>&nbsp;&nbsp;&nbsp;ANALOG_CONTROL_MODE
</UL>

<P><STRONG><a name="[19f]"></a>_fflt</STRONG> (Thumb, 0 bytes, Stack size 0 bytes, fflti.o(.text), UNUSED)

<P><STRONG><a name="[71]"></a>__aeabi_ui2f</STRONG> (Thumb, 6 bytes, Stack size 0 bytes, fflti.o(.text))
<BR><BR>[Calls]<UL><LI><a href="#[c8]">&gt;&gt;</a>&nbsp;&nbsp;&nbsp;__aeabi_i2f_normalise
</UL>
<BR>[Called By]<UL><LI><a href="#[c0]">&gt;&gt;</a>&nbsp;&nbsp;&nbsp;IPMTemperatureDegrating
<LI><a href="#[b1]">&gt;&gt;</a>&nbsp;&nbsp;&nbsp;PidSensorCalculation
<LI><a href="#[a1]">&gt;&gt;</a>&nbsp;&nbsp;&nbsp;PowerCalculation
<LI><a href="#[99]">&gt;&gt;</a>&nbsp;&nbsp;&nbsp;TachometerOutput
<LI><a href="#[91]">&gt;&gt;</a>&nbsp;&nbsp;&nbsp;AnalogOutput
<LI><a href="#[70]">&gt;&gt;</a>&nbsp;&nbsp;&nbsp;Volts_10
<LI><a href="#[87]">&gt;&gt;</a>&nbsp;&nbsp;&nbsp;PowerFilterCal
<LI><a href="#[7e]">&gt;&gt;</a>&nbsp;&nbsp;&nbsp;LoadPercentage
<LI><a href="#[86]">&gt;&gt;</a>&nbsp;&nbsp;&nbsp;DigitalOutput
<LI><a href="#[7f]">&gt;&gt;</a>&nbsp;&nbsp;&nbsp;ANALOG_CONTROL_MODE
<LI><a href="#[6f]">&gt;&gt;</a>&nbsp;&nbsp;&nbsp;InputRegisterData
</UL>

<P><STRONG><a name="[1a0]"></a>_ffltu</STRONG> (Thumb, 0 bytes, Stack size 0 bytes, fflti.o(.text), UNUSED)

<P><STRONG><a name="[c9]"></a>__fpl_fcmp_InfNaN</STRONG> (Thumb, 96 bytes, Stack size 8 bytes, fcmpin.o(.text), UNUSED)
<BR><BR>[Calls]<UL><LI><a href="#[cb]">&gt;&gt;</a>&nbsp;&nbsp;&nbsp;__fpl_fcheck_NaN2
<LI><a href="#[ca]">&gt;&gt;</a>&nbsp;&nbsp;&nbsp;__fpl_cmpreturn
</UL>
<BR>[Called By]<UL><LI><a href="#[d4]">&gt;&gt;</a>&nbsp;&nbsp;&nbsp;_frcmple
<LI><a href="#[d3]">&gt;&gt;</a>&nbsp;&nbsp;&nbsp;_fcmple
</UL>

<P><STRONG><a name="[ca]"></a>__fpl_cmpreturn</STRONG> (Thumb, 46 bytes, Stack size 0 bytes, cmpret.o(.text), UNUSED)
<BR><BR>[Called By]<UL><LI><a href="#[cc]">&gt;&gt;</a>&nbsp;&nbsp;&nbsp;__fpl_return_NaN
<LI><a href="#[c9]">&gt;&gt;</a>&nbsp;&nbsp;&nbsp;__fpl_fcmp_InfNaN
</UL>

<P><STRONG><a name="[cb]"></a>__fpl_fcheck_NaN2</STRONG> (Thumb, 10 bytes, Stack size 8 bytes, fnan2.o(.text), UNUSED)
<BR><BR>[Calls]<UL><LI><a href="#[cc]">&gt;&gt;</a>&nbsp;&nbsp;&nbsp;__fpl_return_NaN
</UL>
<BR>[Called By]<UL><LI><a href="#[c9]">&gt;&gt;</a>&nbsp;&nbsp;&nbsp;__fpl_fcmp_InfNaN
</UL>

<P><STRONG><a name="[31]"></a>__user_setup_stackheap</STRONG> (Thumb, 62 bytes, Stack size 8 bytes, sys_stackheap_outer.o(.text))
<BR><BR>[Stack]<UL><LI>Max Depth = 8 + Unknown Stack Size
<LI>Call Chain = __user_setup_stackheap
</UL>
<BR>[Calls]<UL><LI><a href="#[ce]">&gt;&gt;</a>&nbsp;&nbsp;&nbsp;__user_initial_stackheap
<LI><a href="#[cd]">&gt;&gt;</a>&nbsp;&nbsp;&nbsp;__user_perproc_libspace
</UL>
<BR>[Called By]<UL><LI><a href="#[30]">&gt;&gt;</a>&nbsp;&nbsp;&nbsp;__rt_entry_sh
</UL>

<P><STRONG><a name="[36]"></a>exit</STRONG> (Thumb, 16 bytes, Stack size 8 bytes, exit.o(.text))
<BR><BR>[Stack]<UL><LI>Max Depth = 8 + Unknown Stack Size
<LI>Call Chain = exit
</UL>
<BR>[Calls]<UL><LI><a href="#[d0]">&gt;&gt;</a>&nbsp;&nbsp;&nbsp;__rt_exit
<LI><a href="#[cf]">&gt;&gt;</a>&nbsp;&nbsp;&nbsp;_call_atexit_fns (Weak Reference)
</UL>
<BR>[Called By]<UL><LI><a href="#[34]">&gt;&gt;</a>&nbsp;&nbsp;&nbsp;__rt_entry_main
</UL>

<P><STRONG><a name="[cc]"></a>__fpl_return_NaN</STRONG> (Thumb, 94 bytes, Stack size 8 bytes, retnan.o(.text), UNUSED)
<BR><BR>[Calls]<UL><LI><a href="#[ca]">&gt;&gt;</a>&nbsp;&nbsp;&nbsp;__fpl_cmpreturn
</UL>
<BR>[Called By]<UL><LI><a href="#[cb]">&gt;&gt;</a>&nbsp;&nbsp;&nbsp;__fpl_fcheck_NaN2
</UL>

<P><STRONG><a name="[1a1]"></a>__user_libspace</STRONG> (Thumb, 8 bytes, Stack size 0 bytes, libspace.o(.text), UNUSED)

<P><STRONG><a name="[cd]"></a>__user_perproc_libspace</STRONG> (Thumb, 0 bytes, Stack size 0 bytes, libspace.o(.text))
<BR><BR>[Called By]<UL><LI><a href="#[31]">&gt;&gt;</a>&nbsp;&nbsp;&nbsp;__user_setup_stackheap
</UL>

<P><STRONG><a name="[1a2]"></a>__user_perthread_libspace</STRONG> (Thumb, 0 bytes, Stack size 0 bytes, libspace.o(.text), UNUSED)

<P><STRONG><a name="[3a]"></a>_sys_exit</STRONG> (Thumb, 8 bytes, Stack size 0 bytes, sys_exit.o(.text))
<BR><BR>[Called By]<UL><LI><a href="#[39]">&gt;&gt;</a>&nbsp;&nbsp;&nbsp;__rt_exit_exit
</UL>

<P><STRONG><a name="[1a3]"></a>__I$use$semihosting</STRONG> (Thumb, 0 bytes, Stack size 0 bytes, use_no_semi.o(.text), UNUSED)

<P><STRONG><a name="[1a4]"></a>__use_no_semihosting_swi</STRONG> (Thumb, 2 bytes, Stack size 0 bytes, use_no_semi.o(.text), UNUSED)

<P><STRONG><a name="[1a5]"></a>__decompress</STRONG> (Thumb, 0 bytes, Stack size unknown bytes, __dczerorl2.o(.text), UNUSED)

<P><STRONG><a name="[1a6]"></a>__decompress1</STRONG> (Thumb, 86 bytes, Stack size unknown bytes, __dczerorl2.o(.text), UNUSED)

<P><STRONG><a name="[1a7]"></a>__semihosting_library_function</STRONG> (Thumb, 0 bytes, Stack size unknown bytes, indicate_semi.o(.text), UNUSED)

<P><STRONG><a name="[53]"></a>__ARM_common_ll_muluu</STRONG> (Thumb, 50 bytes, Stack size 16 bytes, a31m22x_scu.o(i.__ARM_common_ll_muluu), UNUSED)
<BR><BR>[Called By]<UL><LI><a href="#[51]">&gt;&gt;</a>&nbsp;&nbsp;&nbsp;HAL_SCU_UpdateMainClock
</UL>

<P><STRONG><a name="[a5]"></a>__aeabi_fadd</STRONG> (Thumb, 0 bytes, Stack size 16 bytes, faddsub.o(x$fpl$fadd))
<BR><BR>[Stack]<UL><LI>Max Depth = 16<LI>Call Chain = __aeabi_fadd
</UL>
<BR>[Called By]<UL><LI><a href="#[b1]">&gt;&gt;</a>&nbsp;&nbsp;&nbsp;PidSensorCalculation
<LI><a href="#[87]">&gt;&gt;</a>&nbsp;&nbsp;&nbsp;PowerFilterCal
<LI><a href="#[7f]">&gt;&gt;</a>&nbsp;&nbsp;&nbsp;ANALOG_CONTROL_MODE
</UL>

<P><STRONG><a name="[d1]"></a>_fadd</STRONG> (Thumb, 134 bytes, Stack size 16 bytes, faddsub.o(x$fpl$fadd), UNUSED)
<BR><BR>[Calls]<UL><LI><a href="#[d2]">&gt;&gt;</a>&nbsp;&nbsp;&nbsp;_fsub1
</UL>

<P><STRONG><a name="[ac]"></a>__aeabi_cfcmple</STRONG> (Thumb, 0 bytes, Stack size 8 bytes, flef.o(x$fpl$fleqf))
<BR><BR>[Stack]<UL><LI>Max Depth = 8<LI>Call Chain = __aeabi_cfcmple
</UL>
<BR>[Called By]<UL><LI><a href="#[c0]">&gt;&gt;</a>&nbsp;&nbsp;&nbsp;IPMTemperatureDegrating
<LI><a href="#[b1]">&gt;&gt;</a>&nbsp;&nbsp;&nbsp;PidSensorCalculation
<LI><a href="#[7f]">&gt;&gt;</a>&nbsp;&nbsp;&nbsp;ANALOG_CONTROL_MODE
</UL>

<P><STRONG><a name="[d3]"></a>_fcmple</STRONG> (Thumb, 78 bytes, Stack size 8 bytes, flef.o(x$fpl$fleqf), UNUSED)
<BR><BR>[Calls]<UL><LI><a href="#[c9]">&gt;&gt;</a>&nbsp;&nbsp;&nbsp;__fpl_fcmp_InfNaN
</UL>

<P><STRONG><a name="[74]"></a>__aeabi_fmul</STRONG> (Thumb, 0 bytes, Stack size 16 bytes, fmul.o(x$fpl$fmul))
<BR><BR>[Stack]<UL><LI>Max Depth = 16<LI>Call Chain = __aeabi_fmul
</UL>
<BR>[Called By]<UL><LI><a href="#[c0]">&gt;&gt;</a>&nbsp;&nbsp;&nbsp;IPMTemperatureDegrating
<LI><a href="#[b1]">&gt;&gt;</a>&nbsp;&nbsp;&nbsp;PidSensorCalculation
<LI><a href="#[a1]">&gt;&gt;</a>&nbsp;&nbsp;&nbsp;PowerCalculation
<LI><a href="#[91]">&gt;&gt;</a>&nbsp;&nbsp;&nbsp;AnalogOutput
<LI><a href="#[87]">&gt;&gt;</a>&nbsp;&nbsp;&nbsp;PowerFilterCal
<LI><a href="#[7e]">&gt;&gt;</a>&nbsp;&nbsp;&nbsp;LoadPercentage
<LI><a href="#[7f]">&gt;&gt;</a>&nbsp;&nbsp;&nbsp;ANALOG_CONTROL_MODE
<LI><a href="#[6f]">&gt;&gt;</a>&nbsp;&nbsp;&nbsp;InputRegisterData
</UL>

<P><STRONG><a name="[1a8]"></a>_fmul</STRONG> (Thumb, 172 bytes, Stack size 16 bytes, fmul.o(x$fpl$fmul), UNUSED)

<P><STRONG><a name="[ae]"></a>__aeabi_cfrcmple</STRONG> (Thumb, 0 bytes, Stack size 8 bytes, frlef.o(x$fpl$frleqf))
<BR><BR>[Stack]<UL><LI>Max Depth = 8<LI>Call Chain = __aeabi_cfrcmple
</UL>
<BR>[Called By]<UL><LI><a href="#[c0]">&gt;&gt;</a>&nbsp;&nbsp;&nbsp;IPMTemperatureDegrating
<LI><a href="#[b1]">&gt;&gt;</a>&nbsp;&nbsp;&nbsp;PidSensorCalculation
<LI><a href="#[7f]">&gt;&gt;</a>&nbsp;&nbsp;&nbsp;ANALOG_CONTROL_MODE
</UL>

<P><STRONG><a name="[d4]"></a>_frcmple</STRONG> (Thumb, 84 bytes, Stack size 8 bytes, frlef.o(x$fpl$frleqf), UNUSED)
<BR><BR>[Calls]<UL><LI><a href="#[c9]">&gt;&gt;</a>&nbsp;&nbsp;&nbsp;__fpl_fcmp_InfNaN
</UL>

<P><STRONG><a name="[a4]"></a>__aeabi_frsub</STRONG> (Thumb, 0 bytes, Stack size 16 bytes, faddsub.o(x$fpl$frsb))
<BR><BR>[Stack]<UL><LI>Max Depth = 16<LI>Call Chain = __aeabi_frsub
</UL>
<BR>[Called By]<UL><LI><a href="#[87]">&gt;&gt;</a>&nbsp;&nbsp;&nbsp;PowerFilterCal
</UL>

<P><STRONG><a name="[d5]"></a>_frsb</STRONG> (Thumb, 24 bytes, Stack size 16 bytes, faddsub.o(x$fpl$frsb), UNUSED)
<BR><BR>[Calls]<UL><LI><a href="#[d2]">&gt;&gt;</a>&nbsp;&nbsp;&nbsp;_fsub1
<LI><a href="#[d6]">&gt;&gt;</a>&nbsp;&nbsp;&nbsp;_fadd1
</UL>

<P><STRONG><a name="[ad]"></a>__aeabi_fsub</STRONG> (Thumb, 0 bytes, Stack size 16 bytes, faddsub.o(x$fpl$fsub))
<BR><BR>[Stack]<UL><LI>Max Depth = 16<LI>Call Chain = __aeabi_fsub
</UL>
<BR>[Called By]<UL><LI><a href="#[c0]">&gt;&gt;</a>&nbsp;&nbsp;&nbsp;IPMTemperatureDegrating
<LI><a href="#[7f]">&gt;&gt;</a>&nbsp;&nbsp;&nbsp;ANALOG_CONTROL_MODE
</UL>

<P><STRONG><a name="[d7]"></a>_fsub</STRONG> (Thumb, 204 bytes, Stack size 16 bytes, faddsub.o(x$fpl$fsub), UNUSED)
<BR><BR>[Calls]<UL><LI><a href="#[d6]">&gt;&gt;</a>&nbsp;&nbsp;&nbsp;_fadd1
</UL>
<P>
<H3>
Local Symbols
</H3>
<P><STRONG><a name="[58]"></a>TIMER_IRQHandler</STRONG> (Thumb, 158 bytes, Stack size 8 bytes, a31m22x_timer.o(.text))
<BR><BR>[Stack]<UL><LI>Max Depth = 8<LI>Call Chain = TIMER_IRQHandler
</UL>
<BR>[Called By]<UL><LI><a href="#[16]">&gt;&gt;</a>&nbsp;&nbsp;&nbsp;TIMER3_IRQHandler
<LI><a href="#[15]">&gt;&gt;</a>&nbsp;&nbsp;&nbsp;TIMER2_IRQHandler
<LI><a href="#[14]">&gt;&gt;</a>&nbsp;&nbsp;&nbsp;TIMER1_IRQHandler
<LI><a href="#[13]">&gt;&gt;</a>&nbsp;&nbsp;&nbsp;TIMER0_IRQHandler
</UL>

<P><STRONG><a name="[5e]"></a>UART_IRQHandler</STRONG> (Thumb, 284 bytes, Stack size 24 bytes, a31m22x_uart.o(.text))
<BR><BR>[Stack]<UL><LI>Max Depth = 24<LI>Call Chain = UART_IRQHandler
</UL>
<BR>[Called By]<UL><LI><a href="#[21]">&gt;&gt;</a>&nbsp;&nbsp;&nbsp;UART1_IRQHandler
<LI><a href="#[20]">&gt;&gt;</a>&nbsp;&nbsp;&nbsp;UART0_IRQHandler
</UL>

<P><STRONG><a name="[d6]"></a>_fadd1</STRONG> (Thumb, 0 bytes, Stack size unknown bytes, faddsub.o(x$fpl$fadd), UNUSED)
<BR><BR>[Called By]<UL><LI><a href="#[d7]">&gt;&gt;</a>&nbsp;&nbsp;&nbsp;_fsub
<LI><a href="#[d5]">&gt;&gt;</a>&nbsp;&nbsp;&nbsp;_frsb
</UL>

<P><STRONG><a name="[d2]"></a>_fsub1</STRONG> (Thumb, 0 bytes, Stack size unknown bytes, faddsub.o(x$fpl$fsub), UNUSED)
<BR><BR>[Called By]<UL><LI><a href="#[d5]">&gt;&gt;</a>&nbsp;&nbsp;&nbsp;_frsb
<LI><a href="#[d1]">&gt;&gt;</a>&nbsp;&nbsp;&nbsp;_fadd
</UL>
<P>
<H3>
Undefined Global Symbols
</H3>
<P><STRONG><a name="[cf]"></a>_call_atexit_fns</STRONG> (ARM, 0 bytes, Stack size 0 bytes, UNDEFINED)
<BR><BR>[Called By]<UL><LI><a href="#[36]">&gt;&gt;</a>&nbsp;&nbsp;&nbsp;exit
</UL>
<HR></body></html>
