Component: ARM Compiler 5.06 update 7 (build 960) Tool: armlink [4d3601]

==============================================================================

Section Cross References

    motordriverlayer_a31m22x.o(.text) refers to a31m22x_pcu.o(.text) for HAL_GPIO_EXTI_Config
    bharat_bijleee.o(.text) refers to application_input_register.o(.text) for SystemHourStatus
    bharat_bijleee.o(.text) refers to user_statemachine.o(.text) for FAULT_EVENT
    bharat_bijleee.o(.text) refers to flash_writing.o(.text) for Read_Flash_U32
    bharat_bijleee.o(.text) refers to application_holding_register.o(.text) for NodeAddresInit
    bharat_bijleee.o(.text) refers to user_timer.o(.text) for user_delay
    bharat_bijleee.o(.text) refers to modbus_status.o(.text) for SET_TARGET_SPEED_TO_MOTOR
    bharat_bijleee.o(.text) refers to fault_status.o(.data) for Fault
    bharat_bijleee.o(.text) refers to bharat_bijleee.o(.data) for .data
    bharat_bijleee.o(.text) refers to modbus_status.o(.data) for g_target_Speed
    bharat_bijleee.o(.text) refers to flash_writing.o(.data) for g_Default_Write
    a31m22x_system.o(.text) refers to a31m22x_system.o(.data) for .data
    a31m22x_adc.o(.text) refers to a31m22x_dma.o(.text) for HAL_DMA_Init
    a31m22x_adc.o(.text) refers to a31m22x_adc.o(.bss) for .bss
    a31m22x_adc.o(.text) refers to a31m22x_adc.o(.constdata) for .constdata
    a31m22x_mpwm.o(.text) refers to a31m22x_mpwm.o(.bss) for .bss
    a31m22x_scu.o(.text) refers to aeabi_sdivfast.o(.text) for __aeabi_uidivmod
    a31m22x_scu.o(.text) refers to a31m22x_scu.o(i.__ARM_common_ll_muluu) for __ARM_common_ll_muluu
    a31m22x_scu.o(.text) refers to lludiv.o(.text) for __aeabi_uldivmod
    a31m22x_scu.o(.text) refers to a31m22x_scu.o(.bss) for .bss
    a31m22x_scu.o(.text) refers to a31m22x_system.o(.data) for SystemCoreClock
    a31m22x_spi.o(.text) refers to a31m22x_dma.o(.text) for HAL_DMA_Start
    a31m22x_spi.o(.text) refers to a31m22x_spi.o(.bss) for .bss
    a31m22x_spi.o(.text) refers to a31m22x_spi.o(.constdata) for .constdata
    a31m22x_timer.o(.text) refers to a31m22x_timer.o(.bss) for .bss
    a31m22x_uart.o(.text) refers to aeabi_sdivfast.o(.text) for __aeabi_uidivmod
    a31m22x_uart.o(.text) refers to a31m22x_dma.o(.text) for HAL_DMA_Start
    a31m22x_uart.o(.text) refers to a31m22x_uart.o(.bss) for .bss
    a31m22x_uart.o(.text) refers to a31m22x_system.o(.data) for SystemPeriClock
    a31m22x_uart.o(.text) refers to a31m22x_uart.o(.constdata) for .constdata
    a31m22x_wdt.o(.text) refers to a31m22x_wdt.o(.bss) for .bss
    a31m22x_initclock.o(.text) refers to a31m22x_cfmc.o(.text) for CFMC_WaitCmd
    a31m22x_initclock.o(.text) refers to a31m22x_system.o(.data) for SystemCoreClock
    a31m22x_dma.o(.text) refers to a31m22x_dma.o(.data) for .data
    main.o(.text) refers to a31m22x_system.o(.text) for SystemInit
    main.o(.text) refers to motordriverlayer_a31m22x.o(.text) for MDL_PCU_Init
    main.o(.text) refers to a31m22x_initclock.o(.text) for A31M22x_InitClock
    main.o(.text) refers to user_timer.o(.text) for USER_TIMER0_Init
    main.o(.text) refers to modbus_comm.o(.text) for UserRs485init
    main.o(.text) refers to nxp_comm_uart.o(.text) for UserUart0init
    main.o(.text) refers to analog_pwm_output.o(.text) for ANALOG_PWM_INIT
    main.o(.text) refers to digital_pwm_output.o(.text) for DIGITAL_PWM_INIT
    main.o(.text) refers to bharat_bijleee.o(.text) for MAL_MainLoop
    a31m22x_startup_arm.o(STACK) refers (Special) to heapauxi.o(.text) for __use_two_region_memory
    a31m22x_startup_arm.o(HEAP) refers (Special) to heapauxi.o(.text) for __use_two_region_memory
    a31m22x_startup_arm.o(RESET) refers (Special) to heapauxi.o(.text) for __use_two_region_memory
    a31m22x_startup_arm.o(RESET) refers to a31m22x_startup_arm.o(STACK) for __initial_sp
    a31m22x_startup_arm.o(RESET) refers to a31m22x_startup_arm.o(.text) for Reset_Handler
    a31m22x_startup_arm.o(RESET) refers to lvd_status.o(.text) for LVI_IRQHandler
    a31m22x_startup_arm.o(RESET) refers to a31m22x_scu.o(.text) for SYSCLKFAIL_IRQHandler
    a31m22x_startup_arm.o(RESET) refers to a31m22x_wdt.o(.text) for WDT_IRQHandler
    a31m22x_startup_arm.o(RESET) refers to a31m22x_timer.o(.text) for TIMER0_IRQHandler
    a31m22x_startup_arm.o(RESET) refers to motordriverlayer_a31m22x.o(.text) for GPIOB_IRQHandler
    a31m22x_startup_arm.o(RESET) refers to a31m22x_mpwm.o(.text) for MPWMOV_IRQHandler
    a31m22x_startup_arm.o(RESET) refers to analog_pwm_output.o(.text) for MPWM_IRQHandler
    a31m22x_startup_arm.o(RESET) refers to a31m22x_spi.o(.text) for SPI_IRQHandler
    a31m22x_startup_arm.o(RESET) refers to a31m22x_uart.o(.text) for UART0_IRQHandler
    a31m22x_startup_arm.o(RESET) refers to a31m22x_adc.o(.text) for ADC_IRQHandler
    a31m22x_startup_arm.o(.text) refers (Special) to heapauxi.o(.text) for __use_two_region_memory
    a31m22x_startup_arm.o(.text) refers to a31m22x_system.o(.text) for SystemInit
[...]
    .data                                    0x2000000c   Section       20  a31m22x_system.o(.data)
    .data                                    0x20000020   Section        2  a31m22x_uart.o(.data)
    .data                                    0x20000022   Section        5  a31m22x_dma.o(.data)
    g_dma_ref_count                          0x20000022   Data           1  a31m22x_dma.o(.data)
    g_dma_setup                              0x20000023   Data           4  a31m22x_dma.o(.data)
    .data                                    0x20000028   Section       16  user_timer.o(.data)
    .data                                    0x20000038   Section        6  user_statemachine.o(.data)
    .data                                    0x20000040   Section       20  modbus_comm.o(.data)
    .data                                    0x20000054   Section        8  nxp_comm_uart.o(.data)
    .data                                    0x2000005c   Section        8  analog_pwm_output.o(.data)
    .data                                    0x20000064   Section       24  digital_pwm_output.o(.data)
    .data                                    0x2000007c   Section       12  modbus_holding_register.o(.data)
    .data                                    0x20000088   Section      112  application_input_register.o(.data)
    .data                                    0x200000f8   Section        1  application_input_register.o(.data)
    .data                                    0x200000fa   Section        2  application_holding_register.o(.data)
    .data                                    0x200000fc   Section        6  application_holding_register.o(.data)
    .data                                    0x20000104   Section        8  application_holding_register.o(.data)
    .data                                    0x2000010c   Section        2  application_holding_register.o(.data)
    .data                                    0x2000010e   Section       14  di1_status.o(.data)
    .data                                    0x2000011c   Section       32  ai1_sensor_status.o(.data)
    g_Temp_Pot_volt_factor                   0x2000012c   Data           4  ai1_sensor_status.o(.data)
    .data                                    0x2000013c   Section        1  pid_sensor_status.o(.data)
    .data                                    0x2000013e   Section        6  modbus_status.o(.data)
    .data                                    0x20000144   Section       32  fault_status.o(.data)
    .data                                    0x20000164   Section       16  flash_writing.o(.data)
    Flash_value                              0x20000170   Data           4  flash_writing.o(.data)
    .data                                    0x20000174   Section       24  suppression_setting.o(.data)
    .data                                    0x2000018c   Section        2  lvd_status.o(.data)
    .bss                                     0x20000190   Section       32  a31m22x_adc.o(.bss)
    g_acb                                    0x20000190   Data          32  a31m22x_adc.o(.bss)
    .bss                                     0x200001b0   Section       12  a31m22x_mpwm.o(.bss)
    g_mcb                                    0x200001b0   Data          12  a31m22x_mpwm.o(.bss)
    .bss                                     0x200001bc   Section       28  a31m22x_scu.o(.bss)
    g_scb                                    0x200001bc   Data          28  a31m22x_scu.o(.bss)
    .bss                                     0x200001d8   Section       40  a31m22x_spi.o(.bss)
    g_scb                                    0x200001d8   Data          40  a31m22x_spi.o(.bss)
    .bss                                     0x20000200   Section       48  a31m22x_timer.o(.bss)
    g_tcb                                    0x20000200   Data          48  a31m22x_timer.o(.bss)
    .bss                                     0x20000230   Section       80  a31m22x_uart.o(.bss)
    g_ucb                                    0x20000230   Data          80  a31m22x_uart.o(.bss)
    .bss                                     0x20000280   Section       12  a31m22x_wdt.o(.bss)
    g_wcb                                    0x20000280   Data          12  a31m22x_wdt.o(.bss)
    .bss                                     0x2000028c   Section     3236  modbus_comm.o(.bss)
    .bss                                     0x20000f30   Section       60  nxp_comm_uart.o(.bss)
    .bss                                     0x20000f6c   Section       24  application_input_register.o(.bss)
    .bss                                     0x20000f84   Section       48  pid_sensor_status.o(.bss)
    .bss                                     0x20000fb4   Section       52  fault_status.o(.bss)
    .bss                                     0x20000fe8   Section       40  suppression_setting.o(.bss)
    .bss                                     0x20001010   Section       96  libspace.o(.bss)
    HEAP                                     0x20001070   Section      512  a31m22x_startup_arm.o(HEAP)
    Heap_Mem                                 0x20001070   Data         512  a31m22x_startup_arm.o(HEAP)
    STACK                                    0x20001270   Section     1024  a31m22x_startup_arm.o(STACK)
    Stack_Mem                                0x20001270   Data        1024  a31m22x_startup_arm.o(STACK)
    __initial_sp                             0x20001670   Data           0  a31m22x_startup_arm.o(STACK)

    Global Symbols

    Symbol Name                              Value     Ov Type        Size  Object(Section)

    BuildAttributes$$THM_ISAv3M$S$PE$A:L22$X:L11$S22$IEEE1$IW$USESV6$~STKCKD$USESV7$~SHL$OTIME$ROPI$EBA8$UX$STANDARDLIB$REQ8$PRES8$EABIv2 0x00000000   Number         0  anon$$obj.o ABSOLUTE
    __ARM_use_no_argv                        0x00000000   Number         0  main.o ABSOLUTE
    __Vectors                                0x00000000   Data           4  a31m22x_startup_arm.o(RESET)
    __ARM_exceptions_init                     - Undefined Weak Reference
    __alloca_initialize                       - Undefined Weak Reference
    __arm_fini_                               - Undefined Weak Reference
    __arm_preinit_                            - Undefined Weak Reference
    __cpp_initialize__aeabi_                  - Undefined Weak Reference
    __cxa_finalize                            - Undefined Weak Reference
    __rt_locale                               - Undefined Weak Reference
    __sigvec_lookup                           - Undefined Weak Reference
    _atexit_init                              - Undefined Weak Reference
    _call_atexit_fns                          - Undefined Weak Reference
    _clock_init                               - Undefined Weak Reference
    _fp_trap_init                             - Undefined Weak Reference
    _fp_trap_shutdown                         - Undefined Weak Reference
    _get_lc_collate                           - Undefined Weak Reference
    _get_lc_ctype                             - Undefined Weak Reference
    _get_lc_monetary                          - Undefined Weak Reference
    _get_lc_numeric                           - Undefined Weak Reference
    _get_lc_time                              - Undefined Weak Reference
    _getenv_init                              - Undefined Weak Reference
    _handle_redirection                       - Undefined Weak Reference
    _init_alloc                               - Undefined Weak Reference
    _init_user_alloc                          - Undefined Weak Reference
    _initio                                   - Undefined Weak Reference
    _rand_init                                - Undefined Weak Reference
    _signal_finish                            - Undefined Weak Reference
    _signal_init                              - Undefined Weak Reference
    _terminate_alloc                          - Undefined Weak Reference
    _terminate_user_alloc                     - Undefined Weak Reference
    _terminateio                              - Undefined Weak Reference
    __main                                   0x000000a9   Thumb Code     8  __main.o(!!!main)
    __scatterload                            0x000000b1   Thumb Code     0  __scatter.o(!!!scatter)
    __scatterload_rt2                        0x000000b1   Thumb Code    52  __scatter.o(!!!scatter)
    __scatterload_rt2_thumb_only             0x000000b1   Thumb Code     0  __scatter.o(!!!scatter)
    __scatterload_null                       0x000000c1   Thumb Code     0  __scatter.o(!!!scatter)
    __scatterload_zeroinit                   0x000000ed   Thumb Code    28  __scatter_zi.o(!!handler_zi)
    __rt_lib_init                            0x00000109   Thumb Code     0  libinit.o(.ARM.Collect$$libinit$$00000000)
    __rt_lib_init_alloca_1                   0x0000010b   Thumb Code     0  libinit2.o(.ARM.Collect$$libinit$$0000002E)
    __rt_lib_init_argv_1                     0x0000010b   Thumb Code     0  libinit2.o(.ARM.Collect$$libinit$$0000002C)
    __rt_lib_init_atexit_1                   0x0000010b   Thumb Code     0  libinit2.o(.ARM.Collect$$libinit$$0000001B)
    __rt_lib_init_clock_1                    0x0000010b   Thumb Code     0  libinit2.o(.ARM.Collect$$libinit$$00000021)
    __rt_lib_init_cpp_1                      0x0000010b   Thumb Code     0  libinit2.o(.ARM.Collect$$libinit$$00000032)
    __rt_lib_init_exceptions_1               0x0000010b   Thumb Code     0  libinit2.o(.ARM.Collect$$libinit$$00000030)
    __rt_lib_init_fp_1                       0x0000010b   Thumb Code     0  libinit2.o(.ARM.Collect$$libinit$$00000002)
    __rt_lib_init_fp_trap_1                  0x0000010b   Thumb Code     0  libinit2.o(.ARM.Collect$$libinit$$0000001F)
    __rt_lib_init_getenv_1                   0x0000010b   Thumb Code     0  libinit2.o(.ARM.Collect$$libinit$$00000023)
    __rt_lib_init_heap_1                     0x0000010b   Thumb Code     0  libinit2.o(.ARM.Collect$$libinit$$0000000A)
    __rt_lib_init_lc_collate_1               0x0000010b   Thumb Code     0  libinit2.o(.ARM.Collect$$libinit$$00000011)
    __rt_lib_init_lc_ctype_1                 0x0000010b   Thumb Code     0  libinit2.o(.ARM.Collect$$libinit$$00000013)
    __rt_lib_init_lc_monetary_1              0x0000010b   Thumb Code     0  libinit2.o(.ARM.Collect$$libinit$$00000015)
    __rt_lib_init_lc_numeric_1               0x0000010b   Thumb Code     0  libinit2.o(.ARM.Collect$$libinit$$00000017)
    __rt_lib_init_lc_time_1                  0x0000010b   Thumb Code     0  libinit2.o(.ARM.Collect$$libinit$$00000019)
    __rt_lib_init_preinit_1                  0x0000010b   Thumb Code     0  libinit2.o(.ARM.Collect$$libinit$$00000004)
    __rt_lib_init_rand_1                     0x0000010b   Thumb Code     0  libinit2.o(.ARM.Collect$$libinit$$0000000E)
    __rt_lib_init_return                     0x0000010b   Thumb Code     0  libinit2.o(.ARM.Collect$$libinit$$00000033)
    __rt_lib_init_signal_1                   0x0000010b   Thumb Code     0  libinit2.o(.ARM.Collect$$libinit$$0000001D)
    __rt_lib_init_stdio_1                    0x0000010b   Thumb Code     0  libinit2.o(.ARM.Collect$$libinit$$00000025)
    __rt_lib_init_user_alloc_1               0x0000010b   Thumb Code     0  libinit2.o(.ARM.Collect$$libinit$$0000000C)
    __rt_lib_shutdown                        0x0000010d   Thumb Code     0  libshutdown.o(.ARM.Collect$$libshutdown$$00000000)
    __rt_lib_shutdown_cpp_1                  0x0000010f   Thumb Code     0  libshutdown2.o(.ARM.Collect$$libshutdown$$00000004)
    __rt_lib_shutdown_fini_1                 0x0000010f   Thumb Code     0  libshutdown2.o(.ARM.Collect$$libshutdown$$00000002)
    __rt_lib_shutdown_fp_trap_1              0x0000010f   Thumb Code     0  libshutdown2.o(.ARM.Collect$$libshutdown$$00000009)
    __rt_lib_shutdown_heap_1                 0x0000010f   Thumb Code     0  libshutdown2.o(.ARM.Collect$$libshutdown$$00000011)
    __rt_lib_shutdown_return                 0x0000010f   Thumb Code     0  libshutdown2.o(.ARM.Collect$$libshutdown$$00000012)
    __rt_lib_shutdown_signal_1               0x0000010f   Thumb Code     0  libshutdown2.o(.ARM.Collect$$libshutdown$$0000000C)
    __rt_lib_shutdown_stdio_1                0x0000010f   Thumb Code     0  libshutdown2.o(.ARM.Collect$$libshutdown$$00000006)
    __rt_lib_shutdown_user_alloc_1           0x0000010f   Thumb Code     0  libshutdown2.o(.ARM.Collect$$libshutdown$$0000000E)
    __rt_entry                               0x00000111   Thumb Code     0  __rtentry.o(.ARM.Collect$$rtentry$$00000000)
    __rt_entry_presh_1                       0x00000111   Thumb Code     0  __rtentry2.o(.ARM.Collect$$rtentry$$00000002)
    __rt_entry_sh                            0x00000111   Thumb Code     0  __rtentry4.o(.ARM.Collect$$rtentry$$00000004)
    __rt_entry_li                            0x00000117   Thumb Code     0  __rtentry2.o(.ARM.Collect$$rtentry$$0000000A)
    __rt_entry_postsh_1                      0x00000117   Thumb Code     0  __rtentry2.o(.ARM.Collect$$rtentry$$00000009)
    __rt_entry_main                          0x0000011b   Thumb Code     0  __rtentry2.o(.ARM.Collect$$rtentry$$0000000D)
    __rt_entry_postli_1                      0x0000011b   Thumb Code     0  __rtentry2.o(.ARM.Collect$$rtentry$$0000000C)
    __rt_exit                                0x00000123   Thumb Code     0  rtexit.o(.ARM.Collect$$rtexit$$00000000)
    __rt_exit_ls                             0x00000125   Thumb Code     0  rtexit2.o(.ARM.Collect$$rtexit$$00000003)
    __rt_exit_prels_1                        0x00000125   Thumb Code     0  rtexit2.o(.ARM.Collect$$rtexit$$00000002)
    __rt_exit_exit                           0x00000129   Thumb Code     0  rtexit2.o(.ARM.Collect$$rtexit$$00000004)
    SPI_GetStatus                            0x00000131   Thumb Code     4  motordriverlayer_a31m22x.o(.text)
    GPIOB_IRQHandler                         0x00000135   Thumb Code     2  motordriverlayer_a31m22x.o(.text)
    USER_ADC_Init                            0x00000137   Thumb Code    74  motordriverlayer_a31m22x.o(.text)
    MDL_ADC_OPAMP                            0x00000181   Thumb Code    44  motordriverlayer_a31m22x.o(.text)
    MDL_PCU_Init                             0x000001ad   Thumb Code   128  motordriverlayer_a31m22x.o(.text)
    USER_OPAMP_Init                          0x0000022d   Thumb Code    38  motordriverlayer_a31m22x.o(.text)
    MDL_IPM_Fault_Setting                    0x00000253   Thumb Code     2  motordriverlayer_a31m22x.o(.text)
    MDL_FRT_Init                             0x00000255   Thumb Code    54  motordriverlayer_a31m22x.o(.text)
    MDL_FRT_CNT_Zero                         0x0000028b   Thumb Code     8  motordriverlayer_a31m22x.o(.text)
    MDL_FRT_CNT_Read                         0x00000293   Thumb Code     6  motordriverlayer_a31m22x.o(.text)
    MDL_DAC_Init                             0x00000299   Thumb Code     2  motordriverlayer_a31m22x.o(.text)
    MDL_DAC_SetData                          0x0000029b   Thumb Code     2  motordriverlayer_a31m22x.o(.text)
    MDL_WDT_Init                             0x0000029d   Thumb Code    38  motordriverlayer_a31m22x.o(.text)
    MDL_WDT_Start                            0x000002c3   Thumb Code    22  motordriverlayer_a31m22x.o(.text)
    MDL_WDT_Clear                            0x000002d9   Thumb Code     8  motordriverlayer_a31m22x.o(.text)
    SPI_Init                                 0x000002e1   Thumb Code   108  motordriverlayer_a31m22x.o(.text)
    SPI_Cmd                                  0x0000034d   Thumb Code    10  motordriverlayer_a31m22x.o(.text)
    SPI_DelayConfig                          0x00000357   Thumb Code    30  motordriverlayer_a31m22x.o(.text)
    SPI_SendData                             0x00000375   Thumb Code     4  motordriverlayer_a31m22x.o(.text)
    GPIODE_IRQHandler                        0x00000379   Thumb Code     2  motordriverlayer_a31m22x.o(.text)
    DriveStateMachine                        0x000003f9   Thumb Code   132  bharat_bijleee.o(.text)
    MAL_MainLoop                             0x0000047d   Thumb Code   142  bharat_bijleee.o(.text)
    SystemInit                               0x00000521   Thumb Code    92  a31m22x_system.o(.text)
    SystemDelay                              0x0000057d   Thumb Code    18  a31m22x_system.o(.text)
    HAL_ADC_SetConvSamplingTime              0x000005b5   Thumb Code    50  a31m22x_adc.o(.text)
    HAL_ADC_Init                             0x000005e7   Thumb Code   362  a31m22x_adc.o(.text)
    HAL_ADC_DeInit                           0x00000751   Thumb Code    46  a31m22x_adc.o(.text)
    HAL_ADC_Calibration                      0x0000077f   Thumb Code     2  a31m22x_adc.o(.text)
    HAL_ADC_SetClock                         0x00000781   Thumb Code    10  a31m22x_adc.o(.text)
    HAL_ADC_SetMR                            0x0000078b   Thumb Code    12  a31m22x_adc.o(.text)
    HAL_ADC_GetData                          0x00000797   Thumb Code    18  a31m22x_adc.o(.text)
    HAL_ADC_GetSequenceData                  0x000007a9   Thumb Code   110  a31m22x_adc.o(.text)
    HAL_ADC_SetDMA                           0x00000817   Thumb Code    54  a31m22x_adc.o(.text)
    HAL_ADC_StartSingle                      0x0000084d   Thumb Code   120  a31m22x_adc.o(.text)
    HAL_ADC_StartBurst                       0x000008c5   Thumb Code   168  a31m22x_adc.o(.text)
    HAL_ADC_StartSequence                    0x0000096d   Thumb Code   206  a31m22x_adc.o(.text)
    HAL_ADC_StartMultiple                    0x00000a3b   Thumb Code   132  a31m22x_adc.o(.text)
    HAL_ADC_Stop                             0x00000abf   Thumb Code    14  a31m22x_adc.o(.text)
    HAL_ADC_EnterPowerdownMode               0x00000acd   Thumb Code     6  a31m22x_adc.o(.text)
    HAL_ADC_SelectChannel                    0x00000ad3   Thumb Code    50  a31m22x_adc.o(.text)
    HAL_ADC_SelectChannel1                   0x00000b05   Thumb Code    12  a31m22x_adc.o(.text)
    HAL_ADC_SelectChannel2                   0x00000b11   Thumb Code    12  a31m22x_adc.o(.text)
    HAL_ADC_SelectTriggerTimer               0x00000b1d   Thumb Code    50  a31m22x_adc.o(.text)
    HAL_ADC_SelectTriggerMPWM                0x00000b4f   Thumb Code    50  a31m22x_adc.o(.text)
    HAL_ADC_GetStatus                        0x00000b81   Thumb Code    14  a31m22x_adc.o(.text)
    HAL_ADC_ClearStatus                      0x00000b8f   Thumb Code    12  a31m22x_adc.o(.text)
    HAL_ADC_SetIRQ                           0x00000b9b   Thumb Code    62  a31m22x_adc.o(.text)
    ADC_IRQHandler                           0x00000bd9   Thumb Code   318  a31m22x_adc.o(.text)
    HAL_MPWM_DisablePWMOutput                0x00000d21   Thumb Code    14  a31m22x_mpwm.o(.text)
    HAL_MPWM_Init                            0x00000d2f   Thumb Code   106  a31m22x_mpwm.o(.text)
    HAL_MPWM_Deinit                          0x00000d99   Thumb Code    34  a31m22x_mpwm.o(.text)
    HAL_MPWM_SetIRQConfig                    0x00000dbb   Thumb Code   188  a31m22x_mpwm.o(.text)
    HAL_MPWM_SetPotectionInputConfig         0x00000e77   Thumb Code    58  a31m22x_mpwm.o(.text)
    HAL_MPWM_SetProtectionOutputConfig       0x00000eb1   Thumb Code     6  a31m22x_mpwm.o(.text)
    HAL_MPWM_SetOverCurrentInputConfig       0x00000eb7   Thumb Code    38  a31m22x_mpwm.o(.text)
    HAL_MPWM_SetOverCurrentOutputConfig      0x00000edd   Thumb Code     6  a31m22x_mpwm.o(.text)
    HAL_MPWM_SetDeadTimeConfig               0x00000ee3   Thumb Code    56  a31m22x_mpwm.o(.text)
    HAL_MPWM_SetADCTriggerConfig             0x00000f1b   Thumb Code    72  a31m22x_mpwm.o(.text)
    HAL_MPWM_SetIRQinterval                  0x00000f63   Thumb Code    22  a31m22x_mpwm.o(.text)
    HAL_MPWM_ControlPWMOutput                0x00000f79   Thumb Code   126  a31m22x_mpwm.o(.text)
    HAL_MPWM_SetDisabledOutputLevel          0x00000ff7   Thumb Code   126  a31m22x_mpwm.o(.text)
    HAL_MPWM_SetStartOutputLevel             0x00001075   Thumb Code   122  a31m22x_mpwm.o(.text)
    HAL_MPWM_SetForceOutputLevel             0x000010ef   Thumb Code   152  a31m22x_mpwm.o(.text)
    HAL_MPWM_SetPeriod                       0x00001187   Thumb Code    18  a31m22x_mpwm.o(.text)
    HAL_MPWM_SetDuty                         0x00001199   Thumb Code    64  a31m22x_mpwm.o(.text)
    HAL_MPWM_Start                           0x000011d9   Thumb Code    14  a31m22x_mpwm.o(.text)
    HAL_MPWM_Stop                            0x000011e7   Thumb Code    14  a31m22x_mpwm.o(.text)
    HAL_MPWM_Halt                            0x000011f5   Thumb Code    14  a31m22x_mpwm.o(.text)
    HAL_MPWM_Resume                          0x00001203   Thumb Code    14  a31m22x_mpwm.o(.text)
    HAL_MPWM_ReadCount                       0x00001211   Thumb Code    10  a31m22x_mpwm.o(.text)
    HAL_MPWM_ReadStatus                      0x0000121b   Thumb Code    10  a31m22x_mpwm.o(.text)
    HAL_MPWM_ReadProtectionStatus            0x00001225   Thumb Code    10  a31m22x_mpwm.o(.text)
    HAL_MPWM_ReadOverCurrentStatus           0x0000122f   Thumb Code    10  a31m22x_mpwm.o(.text)
    HAL_MPWM_EnablePWMOutput                 0x00001239   Thumb Code    22  a31m22x_mpwm.o(.text)
    MPWMPRT_IRQHandler                       0x0000124f   Thumb Code    16  a31m22x_mpwm.o(.text)
    MPWMOV_IRQHandler                        0x0000125f   Thumb Code    16  a31m22x_mpwm.o(.text)
    HAL_GPIO_ConfigFunction                  0x00001279   Thumb Code    46  a31m22x_pcu.o(.text)
    HAL_GPIO_ConfigOutput                    0x000012a7   Thumb Code    22  a31m22x_pcu.o(.text)
    HAL_GPIO_ConfigPullup                    0x000012bd   Thumb Code    22  a31m22x_pcu.o(.text)
    HAL_GPIO_SetDebouncePin                  0x000012d3   Thumb Code    22  a31m22x_pcu.o(.text)
    HAL_GPIO_EXTI_Config                     0x000012e9   Thumb Code    60  a31m22x_pcu.o(.text)
    HAL_GPIO_EXTI_GetStatus                  0x00001325   Thumb Code     4  a31m22x_pcu.o(.text)
    HAL_GPIO_EXTI_ClearPin                   0x00001329   Thumb Code     4  a31m22x_pcu.o(.text)
    HAL_GPIO_SetPin                          0x0000132d   Thumb Code     4  a31m22x_pcu.o(.text)
    HAL_GPIO_ClearPin                        0x00001331   Thumb Code     4  a31m22x_pcu.o(.text)
    HAL_GPIO_ReadPin                         0x00001335   Thumb Code     6  a31m22x_pcu.o(.text)
    HAL_GPIO_WritePin                        0x0000133b   Thumb Code     4  a31m22x_pcu.o(.text)
    HAL_SCU_UpdateMainClock                  0x00001341   Thumb Code   284  a31m22x_scu.o(.text)
    HAL_SCU_SetPLLPrediv                     0x0000145d   Thumb Code    50  a31m22x_scu.o(.text)
    HAL_SCU_SetPLLConfig                     0x0000148f   Thumb Code   272  a31m22x_scu.o(.text)
    HAL_SCU_EnableClock                      0x0000159f   Thumb Code    56  a31m22x_scu.o(.text)
    HAL_SCU_DisableClock                     0x000015d7   Thumb Code    80  a31m22x_scu.o(.text)
    HAL_SCU_EnableClockMonitor               0x00001627   Thumb Code   148  a31m22x_scu.o(.text)
    HAL_SCU_DisableClockMonitor              0x000016bb   Thumb Code    66  a31m22x_scu.o(.text)
    HAL_SCU_EnableClockOut                   0x000016fd   Thumb Code   110  a31m22x_scu.o(.text)
    HAL_SCU_DisableClockOut                  0x0000176b   Thumb Code    14  a31m22x_scu.o(.text)
    HAL_SCU_EnableWakeupSource               0x00001779   Thumb Code    14  a31m22x_scu.o(.text)
    HAL_SCU_DisableWakeupSource              0x00001787   Thumb Code    14  a31m22x_scu.o(.text)
    HAL_SCU_EnableResetSource                0x00001795   Thumb Code    14  a31m22x_scu.o(.text)
    HAL_SCU_DisableResetSource               0x000017a3   Thumb Code    14  a31m22x_scu.o(.text)
    HAL_SCU_GetResetReason                   0x000017b1   Thumb Code    14  a31m22x_scu.o(.text)
    HAL_SCU_GetWakeupReason                  0x000017bf   Thumb Code    14  a31m22x_scu.o(.text)
    SYSCLKFAIL_IRQHandler                    0x000017cd   Thumb Code    32  a31m22x_scu.o(.text)
    HSEFAIL_IRQHandler                       0x000017ed   Thumb Code    32  a31m22x_scu.o(.text)
    LSEFAIL_IRQHandler                       0x0000180d   Thumb Code    32  a31m22x_scu.o(.text)
    HAL_SPI_Deinit                           0x00001839   Thumb Code    48  a31m22x_spi.o(.text)
    HAL_SPI_Init                             0x00001869   Thumb Code   274  a31m22x_spi.o(.text)
    HAL_SPI_SetDelay                         0x0000197b   Thumb Code    24  a31m22x_spi.o(.text)
    HAL_SPI_SSManual                         0x00001993   Thumb Code    34  a31m22x_spi.o(.text)
    HAL_SPI_Transfer                         0x000019b5   Thumb Code   434  a31m22x_spi.o(.text)
    HAL_SPI_SetTransmitDMA                   0x00001b67   Thumb Code    78  a31m22x_spi.o(.text)
    HAL_SPI_SetReceiveDMA                    0x00001bb5   Thumb Code    74  a31m22x_spi.o(.text)
    SPI_IRQHandler                           0x00001bff   Thumb Code   560  a31m22x_spi.o(.text)
    HAL_TIMER_Deinit                         0x00001e31   Thumb Code    46  a31m22x_timer.o(.text)
    HAL_TIMER_Init                           0x00001e5f   Thumb Code   258  a31m22x_timer.o(.text)
    HAL_TIMER_GetStatus                      0x00001f61   Thumb Code    14  a31m22x_timer.o(.text)
    HAL_TIMER_Start                          0x00001f6f   Thumb Code    36  a31m22x_timer.o(.text)
    HAL_TIMER_StartPWM                       0x00001f93   Thumb Code    78  a31m22x_timer.o(.text)
    HAL_TIMER_StartCapture                   0x00001fe1   Thumb Code    34  a31m22x_timer.o(.text)
    HAL_TIMER_EnableSynch                    0x00002003   Thumb Code    44  a31m22x_timer.o(.text)
    HAL_TIMER_DisableSynch                   0x0000202f   Thumb Code    20  a31m22x_timer.o(.text)
    HAL_TIMER_Stop                           0x00002043   Thumb Code    18  a31m22x_timer.o(.text)
    HAL_TIMER_GetCount                       0x00002055   Thumb Code    14  a31m22x_timer.o(.text)
    HAL_TIMER_ClearCount                     0x00002063   Thumb Code    14  a31m22x_timer.o(.text)
    HAL_TIMER_GetCaptureCount                0x00002071   Thumb Code    22  a31m22x_timer.o(.text)
    HAL_TIMER_SetClock                       0x00002087   Thumb Code    82  a31m22x_timer.o(.text)
    HAL_TIMER_SetIRQ                         0x000020d9   Thumb Code    84  a31m22x_timer.o(.text)
    TIMER0_IRQHandler                        0x000021cb   Thumb Code     4  a31m22x_timer.o(.text)
    TIMER1_IRQHandler                        0x000021cf   Thumb Code     4  a31m22x_timer.o(.text)
    TIMER2_IRQHandler                        0x000021d3   Thumb Code     4  a31m22x_timer.o(.text)
    TIMER3_IRQHandler                        0x000021d7   Thumb Code     4  a31m22x_timer.o(.text)
    HAL_UART_Deinit                          0x000021fd   Thumb Code    46  a31m22x_uart.o(.text)
    HAL_UART_Init                            0x0000222b   Thumb Code   376  a31m22x_uart.o(.text)
    HAL_UART_Transmit                        0x000023a3   Thumb Code   154  a31m22x_uart.o(.text)
    HAL_UART_Receive                         0x0000243d   Thumb Code   174  a31m22x_uart.o(.text)
    HAL_UART_Abort                           0x000024eb   Thumb Code    44  a31m22x_uart.o(.text)
    HAL_UART_SetTransmitDMA                  0x00002517   Thumb Code    60  a31m22x_uart.o(.text)
    HAL_UART_SetReceiveDMA                   0x00002553   Thumb Code    60  a31m22x_uart.o(.text)
    HAL_UART_GetBusyStatus                   0x0000258f   Thumb Code    24  a31m22x_uart.o(.text)
    HAL_UART_GetLineStatus                   0x000025a7   Thumb Code    18  a31m22x_uart.o(.text)
    HAL_UART_SetIFDelay                      0x000025b9   Thumb Code    12  a31m22x_uart.o(.text)
    HAL_UART_SetIRQ                          0x000025c5   Thumb Code   118  a31m22x_uart.o(.text)
    UART0_IRQHandler                         0x00002757   Thumb Code     4  a31m22x_uart.o(.text)
    UART1_IRQHandler                         0x0000275b   Thumb Code     4  a31m22x_uart.o(.text)
    WDT_AccessEnable                         0x00002769   Thumb Code     8  a31m22x_wdt.o(.text)
    WDT_AccessDisable                        0x00002771   Thumb Code     8  a31m22x_wdt.o(.text)
    HAL_WDT_Init                             0x00002779   Thumb Code    84  a31m22x_wdt.o(.text)
    HAL_WDT_Deinit                           0x000027cd   Thumb Code    24  a31m22x_wdt.o(.text)
    HAL_WDT_Start                            0x000027e5   Thumb Code    20  a31m22x_wdt.o(.text)
    HAL_WDT_Stop                             0x000027f9   Thumb Code    20  a31m22x_wdt.o(.text)
    HAL_WDT_Feed                             0x0000280d   Thumb Code    12  a31m22x_wdt.o(.text)
    HAL_WDT_GetCounter                       0x00002819   Thumb Code    10  a31m22x_wdt.o(.text)
    WDT_IRQHandler                           0x00002823   Thumb Code    14  a31m22x_wdt.o(.text)
    CFMC_CacheCmd                            0x00002851   Thumb Code    28  a31m22x_cfmc.o(.text)
    CFMC_BootBlockCmd                        0x0000286d   Thumb Code    22  a31m22x_cfmc.o(.text)
    CFMC_WaitCmd                             0x00002883   Thumb Code    20  a31m22x_cfmc.o(.text)
    CFMC_FlashAccessCmd                      0x00002897   Thumb Code    28  a31m22x_cfmc.o(.text)
    CFMC_INFOAccessCmd                       0x000028b3   Thumb Code    28  a31m22x_cfmc.o(.text)
    CFMC_FlashPROTCmd                        0x000028cf   Thumb Code    18  a31m22x_cfmc.o(.text)
    CFMC_FlashRPROTCmd                       0x000028e1   Thumb Code    20  a31m22x_cfmc.o(.text)
    CFMC_INFOPROTCmd                         0x000028f5   Thumb Code    18  a31m22x_cfmc.o(.text)
    CFMC_LockCmd                             0x00002907   Thumb Code    16  a31m22x_cfmc.o(.text)
    CFMC_InterruptCmd                        0x00002917   Thumb Code    54  a31m22x_cfmc.o(.text)
    CFMC_GetAccessStatus                     0x0000294d   Thumb Code     8  a31m22x_cfmc.o(.text)
    CFMC_ClearAccessStatus                   0x00002955   Thumb Code     8  a31m22x_cfmc.o(.text)
    CFMC_FlashChecksumCmd                    0x0000295d   Thumb Code    18  a31m22x_cfmc.o(.text)
    CFMC_GetChecksumData                     0x0000296f   Thumb Code    10  a31m22x_cfmc.o(.text)
    CFMC_GetChecksumCmd                      0x00002979   Thumb Code    12  a31m22x_cfmc.o(.text)
    CFMC_ChecksumAddrCmd                     0x00002985   Thumb Code    14  a31m22x_cfmc.o(.text)
    cflash_acc_status_check                  0x00002993   Thumb Code   164  a31m22x_cfmc.o(.text)
    CFMCErase                                0x00002a37   Thumb Code    44  a31m22x_cfmc.o(.text)
    CFMC_WriteCmd                            0x00002a63   Thumb Code    22  a31m22x_cfmc.o(.text)
    CFMCProgramPage                          0x00002a79   Thumb Code    96  a31m22x_cfmc.o(.text)
    CFMCVerify                               0x00002ad9   Thumb Code    40  a31m22x_cfmc.o(.text)
    HAL_SCU_MiscClockConfig                  0x00002b31   Thumb Code   172  a31m22x_initclock.o(.text)
    HAL_SCU_SystemClockChange                0x00002bdd   Thumb Code    18  a31m22x_initclock.o(.text)
    HAL_SCU_PLL_ClockConfig                  0x00002bef   Thumb Code   142  a31m22x_initclock.o(.text)
    HAL_SCU_PLLPREDIVCmd                     0x00002c7d   Thumb Code    20  a31m22x_initclock.o(.text)
    HAL_SCU_PLLINCLKCmd                      0x00002c91   Thumb Code    18  a31m22x_initclock.o(.text)
    HAL_SCU_PCLKDIVCmd                       0x00002ca3   Thumb Code    20  a31m22x_initclock.o(.text)
    HAL_SCU_HCLKDIVCmd                       0x00002cb7   Thumb Code    20  a31m22x_initclock.o(.text)
    HAL_SCU_ClockSRCCmd                      0x00002ccb   Thumb Code    32  a31m22x_initclock.o(.text)
    HAL_SCU_ClockMonitoringCmd               0x00002ceb   Thumb Code    16  a31m22x_initclock.o(.text)
    HAL_SCU_ClockOutput                      0x00002cfb   Thumb Code    22  a31m22x_initclock.o(.text)
    A31M22x_InitClock                        0x00002d11   Thumb Code   210  a31m22x_initclock.o(.text)
    HAL_DMA_Init                             0x00002e01   Thumb Code    64  a31m22x_dma.o(.text)
    HAL_DMA_Deinit                           0x00002e41   Thumb Code    48  a31m22x_dma.o(.text)
    HAL_DMA_Setup                            0x00002e71   Thumb Code    60  a31m22x_dma.o(.text)
    HAL_DMA_Clear                            0x00002ead   Thumb Code    10  a31m22x_dma.o(.text)
    HAL_DMA_Start                            0x00002eb7   Thumb Code    54  a31m22x_dma.o(.text)
    HAL_DMA_Stop                             0x00002eed   Thumb Code    18  a31m22x_dma.o(.text)
    main                                     0x00002f11   Thumb Code    58  main.o(.text)
    Reset_Handler                            0x00002f4d   Thumb Code     8  a31m22x_startup_arm.o(.text)
    NMI_Handler                              0x00002f55   Thumb Code     2  a31m22x_startup_arm.o(.text)
    HardFault_Handler                        0x00002f57   Thumb Code     2  a31m22x_startup_arm.o(.text)
    SVC_Handler                              0x00002f59   Thumb Code     2  a31m22x_startup_arm.o(.text)
    PendSV_Handler                           0x00002f5b   Thumb Code     2  a31m22x_startup_arm.o(.text)
    SysTick_Handler                          0x00002f5d   Thumb Code     2  a31m22x_startup_arm.o(.text)
    CFMC_IRQHandler                          0x00002f5f   Thumb Code     0  a31m22x_startup_arm.o(.text)
    CMP_IRQHandler                           0x00002f5f   Thumb Code     0  a31m22x_startup_arm.o(.text)
    CRC_IRQHandler                           0x00002f5f   Thumb Code     0  a31m22x_startup_arm.o(.text)
    FRT_IRQHandler                           0x00002f5f   Thumb Code     0  a31m22x_startup_arm.o(.text)
    GPIOA_IRQHandler                         0x00002f5f   Thumb Code     0  a31m22x_startup_arm.o(.text)
    GPIOC_IRQHandler                         0x00002f5f   Thumb Code     0  a31m22x_startup_arm.o(.text)
    GPIOD_IRQHandler                         0x00002f5f   Thumb Code     0  a31m22x_startup_arm.o(.text)
    I2C_IRQHandler                           0x00002f5f   Thumb Code     0  a31m22x_startup_arm.o(.text)
    MPWMPROT_IRQHandler                      0x00002f5f   Thumb Code     0  a31m22x_startup_arm.o(.text)
    SRAM_IRQHandler                          0x00002f5f   Thumb Code     0  a31m22x_startup_arm.o(.text)
    __user_initial_stackheap                 0x00002f61   Thumb Code     0  a31m22x_startup_arm.o(.text)
    app_timer_irq_handler                    0x00002f85   Thumb Code    68  user_timer.o(.text)
    USER_TIMER0_Init                         0x00002fc9   Thumb Code    50  user_timer.o(.text)
    get_system_time_ms                       0x00002ffb   Thumb Code     8  user_timer.o(.text)
    user_delay                               0x00003003   Thumb Code    34  user_timer.o(.text)
    InputRegisterData                        0x0000303d   Thumb Code   198  user_statemachine.o(.text)
    MotorStatusCheck                         0x00003103   Thumb Code    28  user_statemachine.o(.text)
    EVENT_OCCUR_1_MS                         0x0000311f   Thumb Code   132  user_statemachine.o(.text)
    FAULT_EVENT                              0x000031a3   Thumb Code    64  user_statemachine.o(.text)
    uart_irq_handler                         0x0000321d   Thumb Code    58  modbus_comm.o(.text)
    TransmitData                             0x00003257   Thumb Code    32  modbus_comm.o(.text)
    CheckTransmitValidData                   0x00003277   Thumb Code   112  modbus_comm.o(.text)
    ModbusRxDataDecode                       0x000032e7   Thumb Code   210  modbus_comm.o(.text)
    ModbusDataValidCheck                     0x000033b9   Thumb Code    40  modbus_comm.o(.text)
    ModbusStateMachine                       0x000033e1   Thumb Code   420  modbus_comm.o(.text)
    DataReceivedValid                        0x00003585   Thumb Code   216  modbus_comm.o(.text)
    Modbus_CRC16                             0x0000365d   Thumb Code    46  modbus_comm.o(.text)
    UserRs485init                            0x0000368b   Thumb Code    72  modbus_comm.o(.text)
    ReDeModbus                               0x000036d3   Thumb Code    34  modbus_comm.o(.text)
    uart_irq_handler_uart0                   0x00003709   Thumb Code    50  nxp_comm_uart.o(.text)
    ReceiveParameter                         0x0000373b   Thumb Code   280  nxp_comm_uart.o(.text)
    calculate_checksum                       0x00003853   Thumb Code    82  nxp_comm_uart.o(.text)
    TransmitParameter                        0x000038a5   Thumb Code   220  nxp_comm_uart.o(.text)
    MotorUartStatemachine                    0x00003981   Thumb Code   104  nxp_comm_uart.o(.text)
    UserUart0init                            0x000039e9   Thumb Code    74  nxp_comm_uart.o(.text)
    AnalogOutput                             0x00003a4d   Thumb Code    62  analog_pwm_output.o(.text)
    MPWM_IRQHandler                          0x00003a8b   Thumb Code     2  analog_pwm_output.o(.text)
    ANALOG_PWM_INIT                          0x00003a8d   Thumb Code   108  analog_pwm_output.o(.text)
    DIGITAL_PWM                              0x00003b09   Thumb Code    22  digital_pwm_output.o(.text)
    TachometerOutput                         0x00003b1f   Thumb Code    72  digital_pwm_output.o(.text)
    DigitalOutput                            0x00003b67   Thumb Code    92  digital_pwm_output.o(.text)
    MY_HANDLER                               0x00003bc3   Thumb Code     2  digital_pwm_output.o(.text)
    DIGITAL_PWM_INIT                         0x00003bc5   Thumb Code    60  digital_pwm_output.o(.text)
    HOLDING_REG_AND_INPUT_REG_DATA           0x00003c15   Thumb Code   614  modbus_holding_register.o(.text)
    DUMMBY_DATA                              0x00003e7b   Thumb Code    32  modbus_holding_register.o(.text)
    HourCounter                              0x00003ecd   Thumb Code   114  application_input_register.o(.text)
    RemainingHour                            0x00003f3f   Thumb Code    72  application_input_register.o(.text)
    HourCounterInit                          0x00003f87   Thumb Code   144  application_input_register.o(.text)
    HourCounterCheck                         0x00004017   Thumb Code    38  application_input_register.o(.text)
    SystemHourStatus                         0x0000403d   Thumb Code   108  application_input_register.o(.text)
    Current_Filt                             0x000040a9   Thumb Code    24  application_input_register.o(.text)
    FilterStatus                             0x000040c1   Thumb Code   112  application_input_register.o(.text)
    ResetFilterStatus                        0x00004131   Thumb Code    46  application_input_register.o(.text)
    FilterParameter                          0x0000415f   Thumb Code    52  application_input_register.o(.text)
    PowerCalculation                         0x00004193   Thumb Code    72  application_input_register.o(.text)
    PowerFilterCal                           0x000041db   Thumb Code   120  application_input_register.o(.text)
    LoadPercentage                           0x00004253   Thumb Code    48  application_input_register.o(.text)
    SET_SPEED_MODBUS_SIGNAL_LOSS_MODE        0x000042e9   Thumb Code     6  application_holding_register.o(.text)
    MAXIMUM_SPEED                            0x000042ef   Thumb Code     6  application_holding_register.o(.text)
    MINIMUM_SPEED                            0x000042f5   Thumb Code     6  application_holding_register.o(.text)
    FAN_ROTATION                             0x000042fb   Thumb Code    18  application_holding_register.o(.text)
    SET_INTERNAL_RPM_1                       0x0000430d   Thumb Code     6  application_holding_register.o(.text)
    SET_INTERNAL_RPM_2                       0x00004313   Thumb Code     6  application_holding_register.o(.text)
    SET_INTERNAL_RPM_3                       0x00004319   Thumb Code     6  application_holding_register.o(.text)
    ContorlBitSystem                         0x0000431f   Thumb Code    36  application_holding_register.o(.text)
    LED_MODE_INDICATION                      0x00004343   Thumb Code    20  application_holding_register.o(.text)
    FailSafeControl                          0x00004357   Thumb Code    66  application_holding_register.o(.text)
    NodeAddresInit                           0x00004399   Thumb Code    28  application_holding_register.o(.text)
    FIRE_STATUS                              0x000043d1   Thumb Code    42  di1_status.o(.text)
    DI2_ENABLE                               0x000043fb   Thumb Code    72  di1_status.o(.text)
    DI1_ENABLE                               0x00004443   Thumb Code    90  di1_status.o(.text)
    DI1_MOTOR_STATUS                         0x0000449d   Thumb Code    12  di1_status.o(.text)
    MODE_SELECTION                           0x000044a9   Thumb Code   312  di1_status.o(.text)
    ANALOG_SENSE_0_10_VOLT_FILT              0x00004601   Thumb Code    48  ai1_sensor_status.o(.text)
    Volts_10                                 0x00004631   Thumb Code    56  ai1_sensor_status.o(.text)
    ANALOG_CONTROL_MODE                      0x00004669   Thumb Code   294  ai1_sensor_status.o(.text)
    ANALOG_CONTORL_RPM_ENABLE                0x0000478f   Thumb Code    36  ai1_sensor_status.o(.text)
    PIDinit                                  0x000047d9   Thumb Code    24  pid_sensor_status.o(.text)
    PidSensorCalculation                     0x000047f1   Thumb Code   282  pid_sensor_status.o(.text)
    PID_SENSOR_EVENT_OCCURANCE               0x0000490b   Thumb Code    46  pid_sensor_status.o(.text)
    SET_TARGET_RPM_FROM_MODBUS               0x00004961   Thumb Code    62  modbus_status.o(.text)
    READ_RPM_SET_STATUS                      0x0000499f   Thumb Code    36  modbus_status.o(.text)
    MODBUS_EVENT_OCCURANCE                   0x000049c3   Thumb Code   112  modbus_status.o(.text)
    ControlModeOperation                     0x00004a33   Thumb Code   138  modbus_status.o(.text)
    CONTROL_MODE_SELECT                      0x00004abd   Thumb Code    56  modbus_status.o(.text)
    SET_TARGET_SPEED_TO_MOTOR                0x00004af5   Thumb Code    32  modbus_status.o(.text)
    FaultRecieve                             0x00004b39   Thumb Code   248  fault_status.o(.text)
    DC_Under_VoltageFault                    0x00004c31   Thumb Code   138  fault_status.o(.text)
    OverLoadFault                            0x00004cbb   Thumb Code   122  fault_status.o(.text)
    OverSpeedFault                           0x00004d35   Thumb Code   112  fault_status.o(.text)
    RecoveryRotorLock                        0x00004da5   Thumb Code   114  fault_status.o(.text)
    OverRMSVoltageFault                      0x00004e17   Thumb Code   130  fault_status.o(.text)
    FireFault                                0x00004e99   Thumb Code    48  fault_status.o(.text)
    StaticPressureFilter                     0x00004ec9   Thumb Code    26  fault_status.o(.text)
    ClearFaultCheck                          0x00004ee3   Thumb Code    28  fault_status.o(.text)
    BypassFault                              0x00004eff   Thumb Code   118  fault_status.o(.text)
    OccRecFault                              0x00004f75   Thumb Code   122  fault_status.o(.text)
    FaultIndication                          0x00004fef   Thumb Code     2  fault_status.o(.text)
    Data_write_to_flash                      0x00005005   Thumb Code    76  flash_writing.o(.text)
    Read_Flash_U32                           0x00005051   Thumb Code     4  flash_writing.o(.text)
    FlashWriting                             0x00005055   Thumb Code   476  flash_writing.o(.text)
    RelayControl                             0x00005255   Thumb Code    28  relay_status.o(.text)
    K1FunctionSetting                        0x00005271   Thumb Code    50  relay_status.o(.text)
    RelayOperation                           0x000052a3   Thumb Code    74  relay_status.o(.text)
    DC_Filter                                0x000052fd   Thumb Code    26  suppression_setting.o(.text)
    IPMTemperatureDegrating                  0x00005317   Thumb Code   556  suppression_setting.o(.text)
    SuppressionSelection                     0x00005543   Thumb Code    90  suppression_setting.o(.text)
    Suppression                              0x0000559d   Thumb Code    12  suppression_setting.o(.text)
    LVI_IRQHandler                           0x000055e5   Thumb Code    24  lvd_status.o(.text)
    LVD_Enable                               0x000055fd   Thumb Code    24  lvd_status.o(.text)
    Check_LVD_Reset                          0x00005615   Thumb Code    24  lvd_status.o(.text)
    __aeabi_uldivmod                         0x0000563d   Thumb Code   258  lludiv.o(.text)
    _ll_udiv                                 0x0000563d   Thumb Code     0  lludiv.o(.text)
    _memset_w                                0x0000573f   Thumb Code    26  rt_memclr.o(.text)
    _memset                                  0x00005759   Thumb Code    30  rt_memclr.o(.text)
    __aeabi_memclr                           0x00005777   Thumb Code     4  rt_memclr.o(.text)
    __rt_memclr                              0x00005777   Thumb Code     0  rt_memclr.o(.text)
    __aeabi_memclr4                          0x0000577b   Thumb Code     0  rt_memclr.o(.text)
    __aeabi_memclr8                          0x0000577b   Thumb Code     0  rt_memclr.o(.text)
    __rt_memclr_w                            0x0000577b   Thumb Code     4  rt_memclr.o(.text)
    __aeabi_uidiv                            0x0000577f   Thumb Code     0  aeabi_sdivfast.o(.text)
    __aeabi_uidivmod                         0x0000577f   Thumb Code    28  aeabi_sdivfast.o(.text)
    __aeabi_idiv                             0x0000579b   Thumb Code     0  aeabi_sdivfast.o(.text)
    __aeabi_idivmod                          0x0000579b   Thumb Code   460  aeabi_sdivfast.o(.text)
    __use_two_region_memory                  0x00005967   Thumb Code     2  heapauxi.o(.text)
    __rt_heap_escrow$2region                 0x00005969   Thumb Code     2  heapauxi.o(.text)
    __rt_heap_expand$2region                 0x0000596b   Thumb Code     2  heapauxi.o(.text)
    __aeabi_fdiv                             0x0000596d   Thumb Code     0  fdiv.o(.text)
    _fdiv                                    0x0000596d   Thumb Code   334  fdiv.o(.text)
    _frdiv                                   0x00005abb   Thumb Code     8  fdiv.o(.text)
    __aeabi_f2iz                             0x00005acd   Thumb Code     0  ffixi.o(.text)
    _ffix                                    0x00005acd   Thumb Code    76  ffixi.o(.text)
    __aeabi_f2uiz                            0x00005b19   Thumb Code     0  ffixui.o(.text)
    _ffixu                                   0x00005b19   Thumb Code    48  ffixui.o(.text)
    __aeabi_i2f_normalise                    0x00005b49   Thumb Code    72  fflti.o(.text)
    __aeabi_i2f                              0x00005b91   Thumb Code    16  fflti.o(.text)
    _fflt                                    0x00005b91   Thumb Code     0  fflti.o(.text)
    __aeabi_ui2f                             0x00005ba1   Thumb Code     6  fflti.o(.text)
    _ffltu                                   0x00005ba1   Thumb Code     0  fflti.o(.text)
    __fpl_fcmp_InfNaN                        0x00005ba9   Thumb Code    96  fcmpin.o(.text)
    __fpl_cmpreturn                          0x00005c0d   Thumb Code    46  cmpret.o(.text)
    __fpl_fcheck_NaN2                        0x00005c3d   Thumb Code    10  fnan2.o(.text)
    __user_setup_stackheap                   0x00005c4d   Thumb Code    62  sys_stackheap_outer.o(.text)
    exit                                     0x00005c8b   Thumb Code    16  exit.o(.text)
    __fpl_return_NaN                         0x00005c9b   Thumb Code    94  retnan.o(.text)
    __user_libspace                          0x00005cf9   Thumb Code     8  libspace.o(.text)
    __user_perproc_libspace                  0x00005cf9   Thumb Code     0  libspace.o(.text)
    __user_perthread_libspace                0x00005cf9   Thumb Code     0  libspace.o(.text)
    _sys_exit                                0x00005d01   Thumb Code     8  sys_exit.o(.text)
    __I$use$semihosting                      0x00005d0d   Thumb Code     0  use_no_semi.o(.text)
    __use_no_semihosting_swi                 0x00005d0d   Thumb Code     2  use_no_semi.o(.text)
    __decompress                             0x00005d0f   Thumb Code     0  __dczerorl2.o(.text)
    __decompress1                            0x00005d0f   Thumb Code    86  __dczerorl2.o(.text)
    __semihosting_library_function           0x00005d0f   Thumb Code     0  indicate_semi.o(.text)
    __ARM_common_ll_muluu                    0x00005d65   Thumb Code    50  a31m22x_scu.o(i.__ARM_common_ll_muluu)
    __aeabi_fadd                             0x00005d99   Thumb Code     0  faddsub.o(x$fpl$fadd)
    _fadd                                    0x00005d99   Thumb Code   134  faddsub.o(x$fpl$fadd)
    __aeabi_cfcmple                          0x00005e25   Thumb Code     0  flef.o(x$fpl$fleqf)
    _fcmple                                  0x00005e25   Thumb Code    78  flef.o(x$fpl$fleqf)
    __aeabi_fmul                             0x00005e79   Thumb Code     0  fmul.o(x$fpl$fmul)
    _fmul                                    0x00005e79   Thumb Code   172  fmul.o(x$fpl$fmul)
    __aeabi_cfrcmple                         0x00005f29   Thumb Code     0  frlef.o(x$fpl$frleqf)
    _frcmple                                 0x00005f29   Thumb Code    84  frlef.o(x$fpl$frleqf)
    __aeabi_frsub                            0x00005f81   Thumb Code     0  faddsub.o(x$fpl$frsb)
    _frsb                                    0x00005f81   Thumb Code    24  faddsub.o(x$fpl$frsb)
    __aeabi_fsub                             0x00005f99   Thumb Code     0  faddsub.o(x$fpl$fsub)
    _fsub                                    0x00005f99   Thumb Code   204  faddsub.o(x$fpl$fsub)
    __I$use$fp                               0x00006068   Number         0  usenofp.o(x$fpl$usenofp)
    Region$$Table$$Base                      0x000060b4   Number         0  anon$$obj.o(Region$$Table)
    Region$$Table$$Limit                     0x000060d4   Number         0  anon$$obj.o(Region$$Table)
    Holding_Reg_Default_Start_Addr_lOW       0x0000d800   Data         228  default_values.o(.ARM.__AT_0x0000D800)
    Holding_Reg_Default_Start_Addr           0x0000f000   Data         512  default_values.o(.ARM.__AT_0x0000F000)
    Holding_Reg_Max_Start_Addr               0x0000f400   Data         720  default_values.o(.ARM.__AT_0x0000F400)
    Holding_Reg_Min_Start_Addr               0x0000f800   Data         724  default_values.o(.ARM.__AT_0x0000F800)
    Input_Reg_Max_Start_Addr                 0x0000fc00   Data         212  default_values.o(.ARM.__AT_0x0000FC00)
    Input_Reg_Min_Start_Addr                 0x0000fe00   Data         212  default_values.o(.ARM.__AT_0x0000FE00)
    DRIVESTATEMACHINE                        0x20000000   Data           1  bharat_bijleee.o(.data)
    has_non_modbus_fault                     0x20000001   Data           1  bharat_bijleee.o(.data)
    g_flash_value                            0x20000002   Data           2  bharat_bijleee.o(.data)
    onesec                                   0x20000004   Data           2  bharat_bijleee.o(.data)
    Wait_flash_control_counter               0x20000008   Data           4  bharat_bijleee.o(.data)
    SystemMainClock                          0x2000000c   Data           4  a31m22x_system.o(.data)
    SystemCoreClock                          0x20000010   Data           4  a31m22x_system.o(.data)
    SystemPeriClock                          0x20000014   Data           4  a31m22x_system.o(.data)
    SystemDelayCount                         0x20000018   Data           4  a31m22x_system.o(.data)
    reg_val                                  0x2000001c   Data           4  a31m22x_system.o(.data)
    g_Tx_count_check                         0x20000020   Data           2  a31m22x_uart.o(.data)
    ms_elapsed                               0x20000028   Data           1  user_timer.o(.data)
    sys_counter                              0x20000030   Data           8  user_timer.o(.data)
    Motor_status                             0x20000038   Data           1  user_statemachine.o(.data)
    SYSTEM_DRIVE_EVENT                       0x2000003a   Data           2  user_statemachine.o(.data)
    g_Fault_Clear_Check                      0x2000003c   Data           2  user_statemachine.o(.data)
    g_data_rx                                0x20000040   Data           1  modbus_comm.o(.data)
    Modbus_state                             0x20000041   Data           1  modbus_comm.o(.data)
    MODBUS_FAULT_OCCUR                       0x20000042   Data           1  modbus_comm.o(.data)
    g_Recieve_Flag                           0x20000044   Data           2  modbus_comm.o(.data)
    g_Uart_idle_line_counter                 0x20000046   Data           2  modbus_comm.o(.data)
    g_Rx_rec_len                             0x20000048   Data           2  modbus_comm.o(.data)
    modbus_fault_counter                     0x2000004a   Data           2  modbus_comm.o(.data)
    Slave_id                                 0x2000004c   Data           2  modbus_comm.o(.data)
    test_var1                                0x2000004e   Data           2  modbus_comm.o(.data)
    g_tramit_counter_1                       0x20000050   Data           4  modbus_comm.o(.data)
    Motor_Uart                               0x20000054   Data           1  nxp_comm_uart.o(.data)
    g_Index_Parameter_counter                0x20000055   Data           1  nxp_comm_uart.o(.data)
    g_Transmit_Complete                      0x20000056   Data           2  nxp_comm_uart.o(.data)
    g_Transmit_Timer                         0x20000058   Data           2  nxp_comm_uart.o(.data)
    g_Idle_line_counter                      0x2000005a   Data           2  nxp_comm_uart.o(.data)
    period_data                              0x2000005c   Data           2  analog_pwm_output.o(.data)
    ActualoRpm                               0x2000005e   Data           2  analog_pwm_output.o(.data)
    TargetRpm                                0x20000060   Data           2  analog_pwm_output.o(.data)
    g_Duty_temp                              0x20000062   Data           2  analog_pwm_output.o(.data)
    g_TachometerTimer                        0x20000064   Data           2  digital_pwm_output.o(.data)
    ActualtSpeed                             0x20000066   Data           2  digital_pwm_output.o(.data)
    PPR_temp                                 0x20000068   Data           2  digital_pwm_output.o(.data)
    Total_Pulse                              0x2000006a   Data           2  digital_pwm_output.o(.data)
    Digital_timer_pwm                        0x2000006c   Data           2  digital_pwm_output.o(.data)
    duty                                     0x2000006e   Data           2  digital_pwm_output.o(.data)
    Per                                      0x20000070   Data           2  digital_pwm_output.o(.data)
    Per_Pulse                                0x20000074   Data           4  digital_pwm_output.o(.data)
    Tachoutput                               0x20000078   Data           4  digital_pwm_output.o(.data)
    g_Holding_Crc_Data_Size                  0x2000007c   Data           2  modbus_holding_register.o(.data)
    g_Holding_Calculate_Crc_Txn              0x2000007e   Data           2  modbus_holding_register.o(.data)
    g_Calculate_Crc                          0x20000080   Data           2  modbus_holding_register.o(.data)
    INPUT_CRC_DATA_SIZE                      0x20000082   Data           2  modbus_holding_register.o(.data)
    INPUT_CALCULATE_CRC_TXN                  0x20000084   Data           2  modbus_holding_register.o(.data)
    TX_DATA_LEN                              0x20000086   Data           2  modbus_holding_register.o(.data)
    g_FilReset                               0x20000088   Data           1  application_input_register.o(.data)
    g_FilterFlash                            0x20000089   Data           1  application_input_register.o(.data)
    g_flash_check                            0x2000008a   Data           1  application_input_register.o(.data)
    g_flash_rem                              0x2000008b   Data           1  application_input_register.o(.data)
    SetFilerHour                             0x2000008c   Data           2  application_input_register.o(.data)
    Filter_milli                             0x2000008e   Data           2  application_input_register.o(.data)
    FilterMinuteshow                         0x20000090   Data           2  application_input_register.o(.data)
    g_Total_Load                             0x20000092   Data           2  application_input_register.o(.data)
    g_currentFilt                            0x20000094   Data           2  application_input_register.o(.data)
    g_PowerFilt                              0x20000096   Data           2  application_input_register.o(.data)
    g_milliseconscounter                     0x20000098   Data           2  application_input_register.o(.data)
    g_milliseconscounter_Remaing             0x2000009a   Data           2  application_input_register.o(.data)
    g_FilStatus                              0x2000009c   Data           2  application_input_register.o(.data)
    g_Power                                  0x2000009e   Data           2  application_input_register.o(.data)
    g_Load_percentage                        0x200000a0   Data           2  application_input_register.o(.data)
    Last_Modbus_Hour_Value                   0x200000a4   Data           4  application_input_register.o(.data)
    powerCalculated                          0x200000a8   Data           4  application_input_register.o(.data)
    Current_recv                             0x200000ac   Data           4  application_input_register.o(.data)
    Voltage_recv                             0x200000b0   Data           4  application_input_register.o(.data)
    Curr_cal                                 0x200000b4   Data           4  application_input_register.o(.data)
    voltage_cal                              0x200000b8   Data           4  application_input_register.o(.data)
    g_Load_per                               0x200000bc   Data           4  application_input_register.o(.data)
    g_Current_factor                         0x200000c0   Data           4  application_input_register.o(.data)
    g_PowerCal_Factor                        0x200000c4   Data           4  application_input_register.o(.data)
    g_tesecondcounter                        0x200000c8   Data           4  application_input_register.o(.data)
    modbus_value                             0x200000cc   Data           4  application_input_register.o(.data)
    Filterrunner                             0x200000d0   Data           6  application_input_register.o(.data)
    runtime                                  0x200000d6   Data           6  application_input_register.o(.data)
    Remaing_hour                             0x200000e0   Data           8  application_input_register.o(.data)
    remtimer                                 0x200000e8   Data           8  application_input_register.o(.data)
    Flash_RemainingHour                      0x200000f0   Data           8  application_input_register.o(.data)
    Remain_check                             0x200000f8   Data           1  application_input_register.o(.data)
    g_Nodeaddress_Read                       0x200000fa   Data           2  application_holding_register.o(.data)
    controlmode                              0x200000fc   Data           6  application_holding_register.o(.data)
    vdcfilt                                  0x20000104   Data           8  application_holding_register.o(.data)
    Flash_Nodeaddress                        0x2000010c   Data           2  application_holding_register.o(.data)
    DI1_STATUS_CHECK                         0x2000010e   Data           1  di1_status.o(.data)
    g_Motor_Status                           0x2000010f   Data           1  di1_status.o(.data)
    g_FireEnableMode                         0x20000110   Data           1  di1_status.o(.data)
    DI2_STATUS_CHECK                         0x20000111   Data           1  di1_status.o(.data)
    DI2_STATUS_ENABLE                        0x20000112   Data           1  di1_status.o(.data)
    Check_Di1                                0x20000113   Data           1  di1_status.o(.data)
    di1_pressed                              0x20000114   Data           1  di1_status.o(.data)
    Target_DI2_speed                         0x20000116   Data           2  di1_status.o(.data)
    DI1_counter                              0x20000118   Data           2  di1_status.o(.data)
    DI2_counter                              0x2000011a   Data           2  di1_status.o(.data)
    g_AI1_Volts_Value                        0x2000011c   Data           2  ai1_sensor_status.o(.data)
    g_Pot_voltage_filt_Percentage            0x2000011e   Data           2  ai1_sensor_status.o(.data)
    g_Fail_safe_status                       0x20000120   Data           2  ai1_sensor_status.o(.data)
    g_AI1_Calculated_RPM                     0x20000122   Data           2  ai1_sensor_status.o(.data)
    g_Ai1MinimumRunningSpeed                 0x20000124   Data           2  ai1_sensor_status.o(.data)
    Min_Run_RPM                              0x20000126   Data           2  ai1_sensor_status.o(.data)
    g_Analog_input_10Volt                    0x20000128   Data           2  ai1_sensor_status.o(.data)
    g_Pot_voltage_filt                       0x2000012a   Data           2  ai1_sensor_status.o(.data)
    g_SLOPE                                  0x20000130   Data           4  ai1_sensor_status.o(.data)
    g_INTERCEPT                              0x20000134   Data           4  ai1_sensor_status.o(.data)
    g_AI1_Calculated_RPM_Temp                0x20000138   Data           4  ai1_sensor_status.o(.data)
    g_Pidsensorcounter                       0x2000013c   Data           1  pid_sensor_status.o(.data)
    motor_comm_mode                          0x2000013e   Data           1  modbus_status.o(.data)
    Control_mode                             0x2000013f   Data           1  modbus_status.o(.data)
    User_Set_Speed                           0x20000140   Data           2  modbus_status.o(.data)
    g_target_Speed                           0x20000142   Data           2  modbus_status.o(.data)
    g_Fault_Clear                            0x20000144   Data           1  fault_status.o(.data)
    g_Retrycount                             0x20000145   Data           1  fault_status.o(.data)
    g_per_off                                0x20000146   Data           1  fault_status.o(.data)
    g_FireCheck                              0x20000147   Data           1  fault_status.o(.data)
    DC_VoltageActual                         0x20000148   Data           2  fault_status.o(.data)
    Under_Voltage_Limit                      0x2000014a   Data           2  fault_status.o(.data)
    Under_voltage_Reovery_Limit              0x2000014c   Data           2  fault_status.o(.data)
    OverloadActual                           0x2000014e   Data           2  fault_status.o(.data)
    OverLoadLimit                            0x20000150   Data           2  fault_status.o(.data)
    OverLoadRecovery_Limit                   0x20000152   Data           2  fault_status.o(.data)
    g_motor_rotorlock_recovery_limit         0x20000154   Data           2  fault_status.o(.data)
    Rotorlockcounter                         0x20000156   Data           2  fault_status.o(.data)
    Fault                                    0x20000158   Data           2  fault_status.o(.data)
    Fault_count                              0x2000015a   Data           2  fault_status.o(.data)
    FaultBypass                              0x2000015c   Data           2  fault_status.o(.data)
    bypass_Fl                                0x2000015e   Data           6  fault_status.o(.data)
    FLASHSTATE                               0x20000164   Data           1  flash_writing.o(.data)
    g_Total_Size_Holding_Reg                 0x20000166   Data           2  flash_writing.o(.data)
    g_Default_Write                          0x20000168   Data           2  flash_writing.o(.data)
    g_Flash_Write                            0x2000016a   Data           2  flash_writing.o(.data)
    g_Actal_value_status                     0x2000016c   Data           2  flash_writing.o(.data)
    g_defaultValue                           0x2000016e   Data           2  flash_writing.o(.data)
    IpmTempdegrating                         0x20000174   Data           2  suppression_setting.o(.data)
    WindingTempDegrating                     0x20000176   Data           2  suppression_setting.o(.data)
    g_Supress_Select_Para                    0x20000178   Data           2  suppression_setting.o(.data)
    SuppressionSet                           0x2000017a   Data           3  suppression_setting.o(.data)
    Current_amp                              0x20000180   Data           4  suppression_setting.o(.data)
    Current_temp                             0x20000184   Data           4  suppression_setting.o(.data)
    currentCutoff                            0x20000188   Data           4  suppression_setting.o(.data)
    g_LVI_Detected                           0x2000018c   Data           1  lvd_status.o(.data)
    g_LVD_Reset                              0x2000018d   Data           1  lvd_status.o(.data)
    data_logger                              0x2000028c   Data         776  modbus_comm.o(.bss)
    MODBUS_INPUT_REGISTERS                   0x20000594   Data         318  modbus_comm.o(.bss)
    MODBUS_HOLDING_REGISTERS                 0x200006d2   Data        1098  modbus_comm.o(.bss)
    Modbus_Decode_Data                       0x20000b1c   Data        1044  modbus_comm.o(.bss)
    uart_comm                                0x20000f30   Data          18  nxp_comm_uart.o(.bss)
    modbus_parameter                         0x20000f42   Data          42  nxp_comm_uart.o(.bss)
    counter                                  0x20000f6c   Data          12  application_input_register.o(.bss)
    Filtercounter                            0x20000f78   Data          12  application_input_register.o(.bss)
    pid_sensor                               0x20000f84   Data          48  pid_sensor_status.o(.bss)
    delay_counter                            0x20000fb4   Data          52  fault_status.o(.bss)
    IPM_Supp                                 0x20000fe8   Data          28  suppression_setting.o(.bss)
    SuppresActual                            0x20001004   Data          12  suppression_setting.o(.bss)
    __libspace_start                         0x20001010   Data          96  libspace.o(.bss)
    __temporary_stack_top$libspace           0x20001070   Data           0  libspace.o(.bss)



==============================================================================

Memory Map of the image

  Image Entry point : 0x000000a9

  Load Region LR_IROM1 (Base: 0x00000000, Size: 0x00010064, Max: 0x00010000, ABSOLUTE, COMPRESSED[0x0000fef8])

    Execution Region ER_IROM1 (Exec base: 0x00000000, Load base: 0x00000000, Size: 0x0000fed4, Max: 0x00010000, ABSOLUTE)

    Exec Addr    Load Addr    Size         Type   Attr      Idx    E Section Name        Object

    0x00000000   0x00000000   0x000000a8   Data   RO          569    RESET               a31m22x_startup_arm.o
    0x000000a8   0x000000a8   0x00000008   Code   RO         1089  * !!!main             c_p.l(__main.o)
    0x000000b0   0x000000b0   0x0000003c   Code   RO         1296    !!!scatter          c_p.l(__scatter.o)
    0x000000ec   0x000000ec   0x0000001c   Code   RO         1298    !!handler_zi        c_p.l(__scatter_zi.o)
    0x00000108   0x00000108   0x00000002   Code   RO         1159    .ARM.Collect$$libinit$$00000000  c_p.l(libinit.o)
    0x0000010a   0x0000010a   0x00000000   Code   RO         1175    .ARM.Collect$$libinit$$00000002  c_p.l(libinit2.o)
    0x0000010a   0x0000010a   0x00000000   Code   RO         1177    .ARM.Collect$$libinit$$00000004  c_p.l(libinit2.o)
    0x0000010a   0x0000010a   0x00000000   Code   RO         1180    .ARM.Collect$$libinit$$0000000A  c_p.l(libinit2.o)
    0x0000010a   0x0000010a   0x00000000   Code   RO         1182    .ARM.Collect$$libinit$$0000000C  c_p.l(libinit2.o)
    0x0000010a   0x0000010a   0x00000000   Code   RO         1184    .ARM.Collect$$libinit$$0000000E  c_p.l(libinit2.o)
    0x0000010a   0x0000010a   0x00000000   Code   RO         1187    .ARM.Collect$$libinit$$00000011  c_p.l(libinit2.o)
    0x0000010a   0x0000010a   0x00000000   Code   RO         1189    .ARM.Collect$$libinit$$00000013  c_p.l(libinit2.o)
    0x0000010a   0x0000010a   0x00000000   Code   RO         1191    .ARM.Collect$$libinit$$00000015  c_p.l(libinit2.o)
    0x0000010a   0x0000010a   0x00000000   Code   RO         1193    .ARM.Collect$$libinit$$00000017  c_p.l(libinit2.o)
    0x0000010a   0x0000010a   0x00000000   Code   RO         1195    .ARM.Collect$$libinit$$00000019  c_p.l(libinit2.o)
    0x0000010a   0x0000010a   0x00000000   Code   RO         1197    .ARM.Collect$$libinit$$0000001B  c_p.l(libinit2.o)
    0x0000010a   0x0000010a   0x00000000   Code   RO         1199    .ARM.Collect$$libinit$$0000001D  c_p.l(libinit2.o)
    0x0000010a   0x0000010a   0x00000000   Code   RO         1201    .ARM.Collect$$libinit$$0000001F  c_p.l(libinit2.o)
    0x0000010a   0x0000010a   0x00000000   Code   RO         1203    .ARM.Collect$$libinit$$00000021  c_p.l(libinit2.o)
    0x0000010a   0x0000010a   0x00000000   Code   RO         1205    .ARM.Collect$$libinit$$00000023  c_p.l(libinit2.o)
    0x0000010a   0x0000010a   0x00000000   Code   RO         1207    .ARM.Collect$$libinit$$00000025  c_p.l(libinit2.o)
    0x0000010a   0x0000010a   0x00000000   Code   RO         1211    .ARM.Collect$$libinit$$0000002C  c_p.l(libinit2.o)
    0x0000010a   0x0000010a   0x00000000   Code   RO         1213    .ARM.Collect$$libinit$$0000002E  c_p.l(libinit2.o)
    0x0000010a   0x0000010a   0x00000000   Code   RO         1215    .ARM.Collect$$libinit$$00000030  c_p.l(libinit2.o)
    0x0000010a   0x0000010a   0x00000000   Code   RO         1217    .ARM.Collect$$libinit$$00000032  c_p.l(libinit2.o)
    0x0000010a   0x0000010a   0x00000002   Code   RO         1218    .ARM.Collect$$libinit$$00000033  c_p.l(libinit2.o)
    0x0000010c   0x0000010c   0x00000002   Code   RO         1249    .ARM.Collect$$libshutdown$$00000000  c_p.l(libshutdown.o)
    0x0000010e   0x0000010e   0x00000000   Code   RO         1275    .ARM.Collect$$libshutdown$$00000002  c_p.l(libshutdown2.o)
    0x0000010e   0x0000010e   0x00000000   Code   RO         1277    .ARM.Collect$$libshutdown$$00000004  c_p.l(libshutdown2.o)
    0x0000010e   0x0000010e   0x00000000   Code   RO         1279    .ARM.Collect$$libshutdown$$00000006  c_p.l(libshutdown2.o)
    0x0000010e   0x0000010e   0x00000000   Code   RO         1282    .ARM.Collect$$libshutdown$$00000009  c_p.l(libshutdown2.o)
    0x0000010e   0x0000010e   0x00000000   Code   RO         1285    .ARM.Collect$$libshutdown$$0000000C  c_p.l(libshutdown2.o)
    0x0000010e   0x0000010e   0x00000000   Code   RO         1287    .ARM.Collect$$libshutdown$$0000000E  c_p.l(libshutdown2.o)
    0x0000010e   0x0000010e   0x00000000   Code   RO         1290    .ARM.Collect$$libshutdown$$00000011  c_p.l(libshutdown2.o)
    0x0000010e   0x0000010e   0x00000002   Code   RO         1291    .ARM.Collect$$libshutdown$$00000012  c_p.l(libshutdown2.o)
    0x00000110   0x00000110   0x00000000   Code   RO         1112    .ARM.Collect$$rtentry$$00000000  c_p.l(__rtentry.o)
    0x00000110   0x00000110   0x00000000   Code   RO         1125    .ARM.Collect$$rtentry$$00000002  c_p.l(__rtentry2.o)
    0x00000110   0x00000110   0x00000006   Code   RO         1137    .ARM.Collect$$rtentry$$00000004  c_p.l(__rtentry4.o)
    0x00000116   0x00000116   0x00000000   Code   RO         1127    .ARM.Collect$$rtentry$$00000009  c_p.l(__rtentry2.o)
    0x00000116   0x00000116   0x00000004   Code   RO         1128    .ARM.Collect$$rtentry$$0000000A  c_p.l(__rtentry2.o)
    0x0000011a   0x0000011a   0x00000000   Code   RO         1130    .ARM.Collect$$rtentry$$0000000C  c_p.l(__rtentry2.o)
    0x0000011a   0x0000011a   0x00000008   Code   RO         1131    .ARM.Collect$$rtentry$$0000000D  c_p.l(__rtentry2.o)
    0x00000122   0x00000122   0x00000002   Code   RO         1166    .ARM.Collect$$rtexit$$00000000  c_p.l(rtexit.o)
    0x00000124   0x00000124   0x00000000   Code   RO         1222    .ARM.Collect$$rtexit$$00000002  c_p.l(rtexit2.o)
    0x00000124   0x00000124   0x00000004   Code   RO         1223    .ARM.Collect$$rtexit$$00000003  c_p.l(rtexit2.o)
    0x00000128   0x00000128   0x00000006   Code   RO         1224    .ARM.Collect$$rtexit$$00000004  c_p.l(rtexit2.o)
    0x0000012e   0x0000012e   0x00000002   PAD
    0x00000130   0x00000130   0x000002c8   Code   RO            1    .text               motordriverlayer_a31m22x.o
    0x000003f8   0x000003f8   0x00000128   Code   RO          127    .text               bharat_bijleee.o
    0x00000520   0x00000520   0x00000094   Code   RO          234    .text               a31m22x_system.o
    0x000005b4   0x000005b4   0x0000076c   Code   RO          273    .text               a31m22x_adc.o
    0x00000d20   0x00000d20   0x00000558   Code   RO          308    .text               a31m22x_mpwm.o
    0x00001278   0x00001278   0x000000c6   Code   RO          335    .text               a31m22x_pcu.o
    0x0000133e   0x0000133e   0x00000002   PAD
    0x00001340   0x00001340   0x000004f8   Code   RO          356    .text               a31m22x_scu.o
    0x00001838   0x00001838   0x000005f6   Code   RO          373    .text               a31m22x_spi.o
    0x00001e2e   0x00001e2e   0x00000002   PAD
    0x00001e30   0x00001e30   0x000003cc   Code   RO          401    .text               a31m22x_timer.o
    0x000021fc   0x000021fc   0x0000056c   Code   RO          419    .text               a31m22x_uart.o
    0x00002768   0x00002768   0x000000e8   Code   RO          441    .text               a31m22x_wdt.o
    0x00002850   0x00002850   0x000002e0   Code   RO          458    .text               a31m22x_cfmc.o
    0x00002b30   0x00002b30   0x000002d0   Code   RO          490    .text               a31m22x_initclock.o
    0x00002e00   0x00002e00   0x00000110   Code   RO          527    .text               a31m22x_dma.o
    0x00002f10   0x00002f10   0x0000003a   Code   RO          541    .text               main.o
    0x00002f4a   0x00002f4a   0x00000002   PAD
    0x00002f4c   0x00002f4c   0x00000038   Code   RO          570    .text               a31m22x_startup_arm.o
    0x00002f84   0x00002f84   0x000000b8   Code   RO          575    .text               user_timer.o
    0x0000303c   0x0000303c   0x000001e0   Code   RO          594    .text               user_statemachine.o
    0x0000321c   0x0000321c   0x000004ec   Code   RO          668    .text               modbus_comm.o
    0x00003708   0x00003708   0x00000344   Code   RO          700    .text               nxp_comm_uart.o
    0x00003a4c   0x00003a4c   0x000000bc   Code   RO          726    .text               analog_pwm_output.o
    0x00003b08   0x00003b08   0x0000010c   Code   RO          747    .text               digital_pwm_output.o
    0x00003c14   0x00003c14   0x000002b8   Code   RO          766    .text               modbus_holding_register.o
    0x00003ecc   0x00003ecc   0x0000041c   Code   RO          793    .text               application_input_register.o
    0x000042e8   0x000042e8   0x000000e8   Code   RO          825    .text               application_holding_register.o
    0x000043d0   0x000043d0   0x00000230   Code   RO          851    .text               di1_status.o
    0x00004600   0x00004600   0x000001d8   Code   RO          875    .text               ai1_sensor_status.o
    0x000047d8   0x000047d8   0x00000188   Code   RO          899    .text               pid_sensor_status.o
    0x00004960   0x00004960   0x000001d8   Code   RO          926    .text               modbus_status.o
    0x00004b38   0x00004b38   0x000004cc   Code   RO          949    .text               fault_status.o
    0x00005004   0x00005004   0x00000250   Code   RO          982    .text               flash_writing.o
    0x00005254   0x00005254   0x000000a8   Code   RO         1021    .text               relay_status.o
    0x000052fc   0x000052fc   0x000002e8   Code   RO         1034    .text               suppression_setting.o
    0x000055e4   0x000055e4   0x00000058   Code   RO         1055    .text               lvd_status.o
    0x0000563c   0x0000563c   0x00000102   Code   RO         1079    .text               c_p.l(lludiv.o)
    0x0000573e   0x0000573e   0x00000040   Code   RO         1081    .text               c_p.l(rt_memclr.o)
    0x0000577e   0x0000577e   0x000001e8   Code   RO         1083    .text               c_p.l(aeabi_sdivfast.o)
    0x00005966   0x00005966   0x00000006   Code   RO         1087    .text               c_p.l(heapauxi.o)
    0x0000596c   0x0000596c   0x00000160   Code   RO         1097    .text               fz_ps.l(fdiv.o)
    0x00005acc   0x00005acc   0x0000004c   Code   RO         1100    .text               fz_ps.l(ffixi.o)
    0x00005b18   0x00005b18   0x00000030   Code   RO         1102    .text               fz_ps.l(ffixui.o)
    0x00005b48   0x00005b48   0x0000005e   Code   RO         1104    .text               fz_ps.l(fflti.o)
    0x00005ba6   0x00005ba6   0x00000002   PAD
    0x00005ba8   0x00005ba8   0x00000064   Code   RO         1121    .text               fz_ps.l(fcmpin.o)
    0x00005c0c   0x00005c0c   0x0000002e   Code   RO         1141    .text               fz_ps.l(cmpret.o)
    0x00005c3a   0x00005c3a   0x00000002   PAD
    0x00005c3c   0x00005c3c   0x00000010   Code   RO         1143    .text               fz_ps.l(fnan2.o)
    0x00005c4c   0x00005c4c   0x0000003e   Code   RO         1145    .text               c_p.l(sys_stackheap_outer.o)
    0x00005c8a   0x00005c8a   0x00000010   Code   RO         1148    .text               c_p.l(exit.o)
    0x00005c9a   0x00005c9a   0x0000005e   Code   RO         1160    .text               fz_ps.l(retnan.o)
    0x00005cf8   0x00005cf8   0x00000008   Code   RO         1162    .text               c_p.l(libspace.o)
    0x00005d00   0x00005d00   0x0000000c   Code   RO         1219    .text               c_p.l(sys_exit.o)
    0x00005d0c   0x00005d0c   0x00000002   Code   RO         1238    .text               c_p.l(use_no_semi.o)
    0x00005d0e   0x00005d0e   0x00000000   Code   RO         1240    .text               c_p.l(indicate_semi.o)
    0x00005d0e   0x00005d0e   0x00000056   Code   RO         1294    .text               c_p.l(__dczerorl2.o)
    0x00005d64   0x00005d64   0x00000032   Code   RO          367    i.__ARM_common_ll_muluu  a31m22x_scu.o
    0x00005d96   0x00005d96   0x00000002   PAD
    0x00005d98   0x00005d98   0x0000008c   Code   RO         1091    x$fpl$fadd          fz_ps.l(faddsub.o)
    0x00005e24   0x00005e24   0x00000054   Code   RO         1106    x$fpl$fleqf         fz_ps.l(flef.o)
    0x00005e78   0x00005e78   0x000000b0   Code   RO         1108    x$fpl$fmul          fz_ps.l(fmul.o)
    0x00005f28   0x00005f28   0x00000058   Code   RO         1110    x$fpl$frleqf        fz_ps.l(frlef.o)
    0x00005f80   0x00005f80   0x00000018   Code   RO         1092    x$fpl$frsb          fz_ps.l(faddsub.o)
    0x00005f98   0x00005f98   0x000000d0   Code   RO         1093    x$fpl$fsub          fz_ps.l(faddsub.o)
    0x00006068   0x00006068   0x00000000   Code   RO         1123    x$fpl$usenofp       fz_ps.l(usenofp.o)
    0x00006068   0x00006068   0x00000003   Data   RO          275    .constdata          a31m22x_adc.o
    0x0000606b   0x0000606b   0x00000001   PAD
    0x0000606c   0x0000606c   0x00000003   Data   RO          375    .constdata          a31m22x_spi.o
    0x0000606f   0x0000606f   0x00000001   PAD
    0x00006070   0x00006070   0x00000003   Data   RO          421    .constdata          a31m22x_uart.o
    0x00006073   0x00006073   0x00000040   Data   RO         1098    .constdata          fz_ps.l(fdiv.o)
    0x000060b3   0x000060b3   0x00000001   PAD
    0x000060b4   0x000060b4   0x00000020   Data   RO         1292    Region$$Table       anon$$obj.o
    0x000060d4   0x000060d4   0x0000772c   PAD
    0x0000d800   0x0000d800   0x000000e4   Data   RO         1007    .ARM.__AT_0x0000D800  default_values.o
    0x0000d8e4   0x0000d8e4   0x0000171c   PAD
    0x0000f000   0x0000f000   0x00000200   Data   RO         1008    .ARM.__AT_0x0000F000  default_values.o
    0x0000f200   0x0000f200   0x00000200   PAD
    0x0000f400   0x0000f400   0x000002d0   Data   RO         1009    .ARM.__AT_0x0000F400  default_values.o
    0x0000f6d0   0x0000f6d0   0x00000130   PAD
    0x0000f800   0x0000f800   0x000002d4   Data   RO         1010    .ARM.__AT_0x0000F800  default_values.o
    0x0000fad4   0x0000fad4   0x0000012c   PAD
    0x0000fc00   0x0000fc00   0x000000d4   Data   RO         1011    .ARM.__AT_0x0000FC00  default_values.o
    0x0000fcd4   0x0000fcd4   0x0000012c   PAD
    0x0000fe00   0x0000fe00   0x000000d4   Data   RO         1012    .ARM.__AT_0x0000FE00  default_values.o


    Execution Region RW_IRAM1 (Exec base: 0x20000000, Load base: 0x0000fed4, Size: 0x00001670, Max: 0x00001800, ABSOLUTE, COMPRESSED[0x00000024])

    Exec Addr    Load Addr    Size         Type   Attr      Idx    E Section Name        Object

    0x20000000   COMPRESSED   0x0000000c   Data   RW          128    .data               bharat_bijleee.o
    0x2000000c   COMPRESSED   0x00000014   Data   RW          235    .data               a31m22x_system.o
    0x20000020   COMPRESSED   0x00000002   Data   RW          422    .data               a31m22x_uart.o
    0x20000022   COMPRESSED   0x00000005   Data   RW          528    .data               a31m22x_dma.o
    0x20000027   COMPRESSED   0x00000001   PAD
    0x20000028   COMPRESSED   0x00000010   Data   RW          576    .data               user_timer.o
    0x20000038   COMPRESSED   0x00000006   Data   RW          602    .data               user_statemachine.o
    0x2000003e   COMPRESSED   0x00000002   PAD
    0x20000040   COMPRESSED   0x00000014   Data   RW          672    .data               modbus_comm.o
    0x20000054   COMPRESSED   0x00000008   Data   RW          704    .data               nxp_comm_uart.o
    0x2000005c   COMPRESSED   0x00000008   Data   RW          727    .data               analog_pwm_output.o
    0x20000064   COMPRESSED   0x00000018   Data   RW          748    .data               digital_pwm_output.o
    0x2000007c   COMPRESSED   0x0000000c   Data   RW          768    .data               modbus_holding_register.o
    0x20000088   COMPRESSED   0x00000070   Data   RW          795    .data               application_input_register.o
    0x200000f8   COMPRESSED   0x00000001   Data   RW          806    .data               application_input_register.o
    0x200000f9   COMPRESSED   0x00000001   PAD
    0x200000fa   COMPRESSED   0x00000002   Data   RW          826    .data               application_holding_register.o
    0x200000fc   COMPRESSED   0x00000006   Data   RW          829    .data               application_holding_register.o
    0x20000102   COMPRESSED   0x00000002   PAD
    0x20000104   COMPRESSED   0x00000008   Data   RW          831    .data               application_holding_register.o
    0x2000010c   COMPRESSED   0x00000002   Data   RW          833    .data               application_holding_register.o
    0x2000010e   COMPRESSED   0x0000000e   Data   RW          852    .data               di1_status.o
    0x2000011c   COMPRESSED   0x00000020   Data   RW          876    .data               ai1_sensor_status.o
    0x2000013c   COMPRESSED   0x00000001   Data   RW          901    .data               pid_sensor_status.o
    0x2000013d   COMPRESSED   0x00000001   PAD
    0x2000013e   COMPRESSED   0x00000006   Data   RW          927    .data               modbus_status.o
    0x20000144   COMPRESSED   0x00000020   Data   RW          951    .data               fault_status.o
    0x20000164   COMPRESSED   0x00000010   Data   RW          983    .data               flash_writing.o
    0x20000174   COMPRESSED   0x00000018   Data   RW         1036    .data               suppression_setting.o
    0x2000018c   COMPRESSED   0x00000002   Data   RW         1056    .data               lvd_status.o
    0x2000018e   COMPRESSED   0x00000002   PAD
    0x20000190        -       0x00000020   Zero   RW          274    .bss                a31m22x_adc.o
    0x200001b0        -       0x0000000c   Zero   RW          309    .bss                a31m22x_mpwm.o
    0x200001bc        -       0x0000001c   Zero   RW          357    .bss                a31m22x_scu.o
    0x200001d8        -       0x00000028   Zero   RW          374    .bss                a31m22x_spi.o
    0x20000200        -       0x00000030   Zero   RW          402    .bss                a31m22x_timer.o
    0x20000230        -       0x00000050   Zero   RW          420    .bss                a31m22x_uart.o
    0x20000280        -       0x0000000c   Zero   RW          442    .bss                a31m22x_wdt.o
    0x2000028c        -       0x00000ca4   Zero   RW          669    .bss                modbus_comm.o
    0x20000f30        -       0x0000003c   Zero   RW          701    .bss                nxp_comm_uart.o
    0x20000f6c        -       0x00000018   Zero   RW          794    .bss                application_input_register.o
    0x20000f84        -       0x00000030   Zero   RW          900    .bss                pid_sensor_status.o
    0x20000fb4        -       0x00000034   Zero   RW          950    .bss                fault_status.o
    0x20000fe8        -       0x00000028   Zero   RW         1035    .bss                suppression_setting.o
    0x20001010        -       0x00000060   Zero   RW         1163    .bss                c_p.l(libspace.o)
    0x20001070        -       0x00000200   Zero   RW          568    HEAP                a31m22x_startup_arm.o
    0x20001270        -       0x00000400   Zero   RW          567    STACK               a31m22x_startup_arm.o


==============================================================================

Image component sizes


      Code (inc. data)   RO Data    RW Data    ZI Data      Debug   Object Name

      1900         54          3          0         32      24590   a31m22x_adc.o
       736         48          0          0          0      13476   a31m22x_cfmc.o
       272         18          0          5          0       3029   a31m22x_dma.o
       720         38          0          0          0       6330   a31m22x_initclock.o
      1368         46          0          0         12      19866   a31m22x_mpwm.o
       198          0          0          0          0      86443   a31m22x_pcu.o
      1322         72          0          0         28       7428   a31m22x_scu.o
      1526         32          3          0         40      16927   a31m22x_spi.o
        56         26        168          0       1536        780   a31m22x_startup_arm.o
       148         38          0         20          0      80996   a31m22x_system.o
       972         40          0          0         48       9900   a31m22x_timer.o
      1388         68          3          2         80       9673   a31m22x_uart.o
       232         32          0          0         12       4115   a31m22x_wdt.o
       472         38          0         32          0       3344   ai1_sensor_status.o
       188         16          0          8          0       1354   analog_pwm_output.o
       232         28          0         18          0       5973   application_holding_register.o
      1052        102          0        113         24       6863   application_input_register.o
       296         22          0         12          0       5613   bharat_bijleee.o
         0          0       2608          0          0       1044   default_values.o
       560         32          0         14          0       3589   di1_status.o
       268         20          0         24          0       2293   digital_pwm_output.o
      1228        104          0         32         52       8800   fault_status.o
       592         36          0         16          0       4896   flash_writing.o
        88         16          0          2          0       1345   lvd_status.o
        58          0          0          0          0        527   main.o
      1260        102          0         20       3236      17044   modbus_comm.o
       696         50          0         12          0       4049   modbus_holding_register.o
       472         36          0          6          0       4006   modbus_status.o
       712        126          0          0          0     103605   motordriverlayer_a31m22x.o
       836         62          0          8         60      17679   nxp_comm_uart.o
       392         40          0          1         48       2568   pid_sensor_status.o
       168         16          0          0          0       1638   relay_status.o
       744         60          0         24         40       4241   suppression_setting.o
       480         58          0          6          0       5369   user_statemachine.o
       184         24          0         16          0       2276   user_timer.o

    ----------------------------------------------------------------------
     21824       1500      40659        400       5248     491669   Object Totals
         0          0         32          0          0          0   (incl. Generated)
         8          0      37842          9          0          0   (incl. Padding)

    ----------------------------------------------------------------------

      Code (inc. data)   RO Data    RW Data    ZI Data      Debug   Library Member Name

        86          0          0          0          0          0   __dczerorl2.o
         8          0          0          0          0         68   __main.o
         0          0          0          0          0          0   __rtentry.o
        12          0          0          0          0          0   __rtentry2.o
         6          0          0          0          0          0   __rtentry4.o
        60          8          0          0          0          0   __scatter.o
        28          0          0          0          0          0   __scatter_zi.o
       488          0          0          0          0         92   aeabi_sdivfast.o
        16          0          0          0          0         68   exit.o
         6          0          0          0          0        136   heapauxi.o
         0          0          0          0          0          0   indicate_semi.o
         2          0          0          0          0          0   libinit.o
         2          0          0          0          0          0   libinit2.o
         2          0          0          0          0          0   libshutdown.o
         2          0          0          0          0          0   libshutdown2.o
         8          4          0          0         96         68   libspace.o
       258          0          0          0          0         88   lludiv.o
        64          0          0          0          0        108   rt_memclr.o
         2          0          0          0          0          0   rtexit.o
        10          0          0          0          0          0   rtexit2.o
        12          4          0          0          0         60   sys_exit.o
        62          0          0          0          0         80   sys_stackheap_outer.o
         2          0          0          0          0         68   use_no_semi.o
        46          0          0          0          0         60   cmpret.o
       372          8          0          0          0        240   faddsub.o
       100          4          0          0          0         68   fcmpin.o
       352         10         64          0          0         92   fdiv.o
        76          0          0          0          0         68   ffixi.o
        48          0          0          0          0         60   ffixui.o
        94          0          0          0          0         92   fflti.o
        84          4          0          0          0         76   flef.o
       176          4          0          0          0         80   fmul.o
        16          6          0          0          0         68   fnan2.o
        88          4          0          0          0         76   frlef.o
        94          0          0          0          0         68   retnan.o
         0          0          0          0          0          0   usenofp.o

    ----------------------------------------------------------------------
      2688         56         65          0         96       1884   Library Totals
         6          0          1          0          0          0   (incl. Padding)

    ----------------------------------------------------------------------

      Code (inc. data)   RO Data    RW Data    ZI Data      Debug   Library Name

      1136         16          0          0         96        836   c_p.l
      1546         40         64          0          0       1048   fz_ps.l

    ----------------------------------------------------------------------
      2688         56         65          0         96       1884   Library Totals

    ----------------------------------------------------------------------

==============================================================================


      Code (inc. data)   RO Data    RW Data    ZI Data      Debug   

     24512       1556      40724        400       5344     488701   Grand Totals
     24512       1556      40724         36       5344     488701   ELF Image Totals (compressed)
     24512       1556      40724         36          0          0   ROM Totals

==============================================================================

    Total RO  Size (Code + RO Data)                65236 (  63.71kB)
    Total RW  Size (RW Data + ZI Data)              5744 (   5.61kB)
    Total ROM Size (Code + RO Data + RW Data)      65272 (  63.74kB)

==============================================================================

