


ARM Macro Assembler    Page 1 


    1 00000000         ;/**
    2 00000000         ; ******************************************************
                       *************************
    3 00000000         ; * @file        a31m22x_startup.s
    4 00000000         ; * @author      ABOV R&D Division
    5 00000000         ; * @brief       
    6 00000000         ; *
    7 00000000         ; * Copyright 2023 ABOV Semiconductor Co.,Ltd. All right
                       s reserved.
    8 00000000         ; *
    9 00000000         ; * This file is licensed under terms that are found in 
                       the LICENSE file
   10 00000000         ; * located at Document directory.
   11 00000000         ; * If this file is delivered or shared without applicab
                       le license terms,
   12 00000000         ; * the terms of the BSD-3-Clause license shall be appli
                       ed.
   13 00000000         ; * Reference: https://opensource.org/licenses/BSD-3-Cla
                       use
   14 00000000         ; ******************************************************
                       ************************/
   15 00000000         
   16 00000000         ; <h> Stack Configuration
   17 00000000         ;   <o> Stack Size (in Bytes) <0x0-0xFFFFFFFF:8>
   18 00000000         ; </h>
   19 00000000         
   20 00000000 00000400 
                       Stack_Size
                               EQU              0x00000400
   21 00000000         
   22 00000000                 AREA             STACK, NOINIT, READWRITE, ALIGN
=3
   23 00000000         Stack_Mem
                               SPACE            Stack_Size
   24 00000400         __initial_sp
   25 00000400         
   26 00000400         
   27 00000400         ; <h> Heap Configuration
   28 00000400         ;   <o>  Heap Size (in Bytes) <0x0-0xFFFFFFFF:8>
   29 00000400         ; </h>
   30 00000400         
   31 00000400 00000200 
                       Heap_Size
                               EQU              0x00000200
   32 00000400         
   33 00000400                 AREA             HEAP, NOINIT, READWRITE, ALIGN=
3
   34 00000000         __heap_base
   35 00000000         Heap_Mem
                               SPACE            Heap_Size
   36 00000200         __heap_limit
   37 00000200         
   38 00000200         
   39 00000200                 PRESERVE8
   40 00000200                 THUMB
   41 00000200         
   42 00000200         
   43 00000200         ; Vector Table Mapped to Address 0 at Reset
   44 00000200         



ARM Macro Assembler    Page 2 


   45 00000200                 AREA             RESET, DATA, READONLY
   46 00000000                 EXPORT           __Vectors
   47 00000000         
   48 00000000 00000000 
                       __Vectors
                               DCD              __initial_sp ; Top of Stack
   49 00000004 00000000        DCD              Reset_Handler ; Reset Handler
   50 00000008 00000000        DCD              NMI_Handler ; NMI Handler
   51 0000000C 00000000        DCD              HardFault_Handler ; Hard Fault 
                                                            Handler
   52 00000010 00000000        DCD              0           ; Reserved
   53 00000014 00000000        DCD              0           ; Reserved
   54 00000018 00000000        DCD              0           ; Reserved
   55 0000001C 00000000        DCD              0           ; Reserved
   56 00000020 00000000        DCD              0           ; Reserved
   57 00000024 00000000        DCD              0           ; Reserved
   58 00000028 00000000        DCD              0           ; Reserved
   59 0000002C 00000000        DCD              SVC_Handler ; SVCall Handler
   60 00000030 00000000        DCD              0           ; Reserved
   61 00000034 00000000        DCD              0           ; Reserved
   62 00000038 00000000        DCD              PendSV_Handler ; PendSV Handler
                                                            
   63 0000003C 00000000        DCD              SysTick_Handler 
                                                            ; SysTick Handler
   64 00000040         
   65 00000040         ; External Interrupts
   66 00000040 00000000        DCD              LVI_IRQHandler ; IRQ0
   67 00000044 00000000        DCD              SYSCLKFAIL_IRQHandler ; IRQ1
   68 00000048 00000000        DCD              HSEFAIL_IRQHandler ; IRQ2
   69 0000004C 00000000        DCD              LSEFAIL_IRQHandler ; IRQ3
   70 00000050 00000000        DCD              WDT_IRQHandler ; IRQ4
   71 00000054 00000000        DCD              FRT_IRQHandler ; IRQ5
   72 00000058 00000000        DCD              CFMC_IRQHandler ; IRQ6
   73 0000005C 00000000        DCD              TIMER0_IRQHandler ; IRQ7
   74 00000060 00000000        DCD              TIMER1_IRQHandler ; IRQ8
   75 00000064 00000000        DCD              TIMER2_IRQHandler ; IRQ9
   76 00000068 00000000        DCD              TIMER3_IRQHandler ; IRQ10
   77 0000006C 00000000        DCD              GPIOA_IRQHandler ; IRQ11
   78 00000070 00000000        DCD              GPIOB_IRQHandler ; IRQ12
   79 00000074 00000000        DCD              GPIOC_IRQHandler ; IRQ13
   80 00000078 00000000        DCD              GPIOD_IRQHandler ; IRQ14
   81 0000007C 00000000        DCD              MPWMPROT_IRQHandler ; IRQ15
   82 00000080 00000000        DCD              MPWMOV_IRQHandler ; IRQ16
   83 00000084 00000000        DCD              MPWM_IRQHandler ; IRQ17
   84 00000088 00000000        DCD              SPI_IRQHandler ; IRQ18
   85 0000008C 00000000        DCD              I2C_IRQHandler ; IRQ19
   86 00000090 00000000        DCD              UART0_IRQHandler ; IRQ20
   87 00000094 00000000        DCD              UART1_IRQHandler ; IRQ21
   88 00000098 00000000        DCD              ADC_IRQHandler ; IRQ22
   89 0000009C 00000000        DCD              CRC_IRQHandler ; IRQ23
   90 000000A0 00000000        DCD              SRAM_IRQHandler ; IRQ24
   91 000000A4 00000000        DCD              CMP_IRQHandler ; IRQ25
   92 000000A8                 AREA             |.text|, CODE, READONLY
   93 00000000         
   94 00000000         ; Reset Handler
   95 00000000         Reset_Handler
                               PROC
   96 00000000                 EXPORT           Reset_Handler                  
 [WEAK]



ARM Macro Assembler    Page 3 


   97 00000000                 IMPORT           SystemInit
   98 00000000                 IMPORT           __main
   99 00000000 4807            LDR              R0, =SystemInit
  100 00000002 4780            BLX              R0
  101 00000004 4807            LDR              R0, =__main
  102 00000006 4700            BX               R0
  103 00000008                 ENDP
  104 00000008         ; Dummy Exception Handlers (infinite loops which can be 
                       modified)
  105 00000008         NMI_Handler
                               PROC
  106 00000008                 EXPORT           NMI_Handler                    
 [WEAK]
  107 00000008 E7FE            B                .
  108 0000000A                 ENDP
  109 0000000A         HardFault_Handler
                               PROC
  110 0000000A                 EXPORT           HardFault_Handler              
 [WEAK]
  111 0000000A E7FE            B                .
  112 0000000C                 ENDP
  113 0000000C         SVC_Handler
                               PROC
  114 0000000C                 EXPORT           SVC_Handler                    
 [WEAK]
  115 0000000C E7FE            B                .
  116 0000000E                 ENDP
  117 0000000E         PendSV_Handler
                               PROC
  118 0000000E                 EXPORT           PendSV_Handler                 
 [WEAK]
  119 0000000E E7FE            B                .
  120 00000010                 ENDP
  121 00000010         SysTick_Handler
                               PROC
  122 00000010                 EXPORT           SysTick_Handler                
 [WEAK]
  123 00000010 E7FE            B                .
  124 00000012                 ENDP
  125 00000012         
  126 00000012         ; External Interrupt Handlers
  127 00000012         NULL_IRQHandler
                               PROC
  128 00000012                 EXPORT           LVI_IRQHandler                 
 [WEAK]
  129 00000012                 EXPORT           SYSCLKFAIL_IRQHandler          
 [WEAK]
  130 00000012                 EXPORT           HSEFAIL_IRQHandler             
 [WEAK]
  131 00000012                 EXPORT           LSEFAIL_IRQHandler             
     [WEAK]
  132 00000012                 EXPORT           WDT_IRQHandler                 
 [WEAK]
  133 00000012                 EXPORT           FRT_IRQHandler                 
 [WEAK]
  134 00000012                 EXPORT           CFMC_IRQHandler                
 [WEAK]
  135 00000012                 EXPORT           TIMER0_IRQHandler              
 [WEAK]



ARM Macro Assembler    Page 4 


  136 00000012                 EXPORT           TIMER1_IRQHandler              
 [WEAK]
  137 00000012                 EXPORT           TIMER2_IRQHandler              
 [WEAK]
  138 00000012                 EXPORT           TIMER3_IRQHandler              
 [WEAK]
  139 00000012                 EXPORT           GPIOA_IRQHandler               
 [WEAK]
  140 00000012                 EXPORT           GPIOB_IRQHandler               
 [WEAK]
  141 00000012                 EXPORT           GPIOC_IRQHandler               
 [WEAK]
  142 00000012                 EXPORT           GPIOD_IRQHandler               
 [WEAK]
  143 00000012                 EXPORT           MPWMPROT_IRQHandler            
  [WEAK]
  144 00000012                 EXPORT           MPWMOV_IRQHandler              
 [WEAK]
  145 00000012                 EXPORT           MPWM_IRQHandler                
 [WEAK]
  146 00000012                 EXPORT           SPI_IRQHandler                 
 [WEAK]
  147 00000012                 EXPORT           I2C_IRQHandler                 
 [WEAK]
  148 00000012                 EXPORT           UART0_IRQHandler               
 [WEAK]
  149 00000012                 EXPORT           UART1_IRQHandler               
 [WEAK]
  150 00000012                 EXPORT           ADC_IRQHandler                 
 [WEAK]
  151 00000012                 EXPORT           CRC_IRQHandler                 
 [WEAK]
  152 00000012                 EXPORT           SRAM_IRQHandler                
 [WEAK]
  153 00000012                 EXPORT           CMP_IRQHandler                 
 [WEAK]
  154 00000012         LVI_IRQHandler                       ; IRQ0
  155 00000012         SYSCLKFAIL_IRQHandler                ; IRQ1
  156 00000012         HSEFAIL_IRQHandler                   ; IRQ2
  157 00000012         LSEFAIL_IRQHandler                   ; IRQ3
  158 00000012         WDT_IRQHandler                       ; IRQ4
  159 00000012         FRT_IRQHandler                       ; IRQ5
  160 00000012         CFMC_IRQHandler                      ; IRQ6
  161 00000012         TIMER0_IRQHandler                    ; IRQ7
  162 00000012         TIMER1_IRQHandler                    ; IRQ8
  163 00000012         TIMER2_IRQHandler                    ; IRQ9
  164 00000012         TIMER3_IRQHandler                    ; IRQ10
  165 00000012         GPIOA_IRQHandler                     ; IRQ11
  166 00000012         GPIOB_IRQHandler                     ; IRQ12
  167 00000012         GPIOC_IRQHandler                     ; IRQ13
  168 00000012         GPIOD_IRQHandler                     ; IRQ14
  169 00000012         MPWMPROT_IRQHandler                  ; IRQ15
  170 00000012         MPWMOV_IRQHandler                    ; IRQ16
  171 00000012         MPWM_IRQHandler                      ; IRQ17
  172 00000012         SPI_IRQHandler                       ; IRQ18
  173 00000012         I2C_IRQHandler                       ; IRQ19
  174 00000012         UART0_IRQHandler                     ; IRQ20
  175 00000012         UART1_IRQHandler                     ; IRQ21
  176 00000012         ADC_IRQHandler                       ; IRQ22



ARM Macro Assembler    Page 5 


  177 00000012         CRC_IRQHandler                       ; IRQ23
  178 00000012         SRAM_IRQHandler                      ; IRQ24
  179 00000012         CMP_IRQHandler                       ; IRQ25
  180 00000012 E7FE            B                .
  181 00000014                 ENDP
  182 00000014         
  183 00000014                 ALIGN
  184 00000014         ; User Initial Stack & Heap
  185 00000014                 IF               :DEF:__MICROLIB
  192 00000014         
  193 00000014                 IMPORT           __use_two_region_memory
  194 00000014                 EXPORT           __user_initial_stackheap
  195 00000014         
  196 00000014         __user_initial_stackheap
  197 00000014 4804            LDR              R0, =  Heap_Mem
  198 00000016 4905            LDR              R1, =(Stack_Mem + Stack_Size)
  199 00000018 4A05            LDR              R2, = (Heap_Mem +  Heap_Size)
  200 0000001A 4B06            LDR              R3, = Stack_Mem
  201 0000001C 4770            BX               LR
  202 0000001E         
  203 0000001E 00 00           ALIGN
  204 00000020         
  205 00000020                 ENDIF
  206 00000020         
  207 00000020         
  208 00000020                 END
              00000000 
              00000000 
              00000000 
              00000400 
              00000200 
              00000000 
Command Line: --debug --xref --diag_suppress=9931 --cpu=Cortex-M0+ --apcs=inter
work --depend=.\out\a31m22x_startup_arm.d -o.\out\a31m22x_startup_arm.o -IC:\Us
ers\tarun.kumar\AppData\Local\Arm\Packs\ARM\CMSIS\5.8.0\Device\ARM\ARMCM0plus\I
nclude --predefine="__UVISION_VERSION SETA 538" --predefine="ARMCM0P SETA 1" --
list=.\lst\a31m22x_startup_arm.lst ..\..\..\..\Core\Device\ABOV\A31M22x\source\
ARM\a31m22x_startup_arm.s



ARM Macro Assembler    Page 1 Alphabetic symbol ordering
Relocatable symbols

STACK 00000000

Symbol: STACK
   Definitions
      At line 22 in file ..\..\..\..\Core\Device\ABOV\A31M22x\source\ARM\a31m22
x_startup_arm.s
   Uses
      None
Comment: STACK unused
Stack_Mem 00000000

Symbol: Stack_Mem
   Definitions
      At line 23 in file ..\..\..\..\Core\Device\ABOV\A31M22x\source\ARM\a31m22
x_startup_arm.s
   Uses
      At line 198 in file ..\..\..\..\Core\Device\ABOV\A31M22x\source\ARM\a31m2
2x_startup_arm.s
      At line 200 in file ..\..\..\..\Core\Device\ABOV\A31M22x\source\ARM\a31m2
2x_startup_arm.s

__initial_sp 00000400

Symbol: __initial_sp
   Definitions
      At line 24 in file ..\..\..\..\Core\Device\ABOV\A31M22x\source\ARM\a31m22
x_startup_arm.s
   Uses
      At line 48 in file ..\..\..\..\Core\Device\ABOV\A31M22x\source\ARM\a31m22
x_startup_arm.s
Comment: __initial_sp used once
3 symbols



ARM Macro Assembler    Page 1 Alphabetic symbol ordering
Relocatable symbols

HEAP 00000000

Symbol: HEAP
   Definitions
      At line 33 in file ..\..\..\..\Core\Device\ABOV\A31M22x\source\ARM\a31m22
x_startup_arm.s
   Uses
      None
Comment: HEAP unused
Heap_Mem 00000000

Symbol: Heap_Mem
   Definitions
      At line 35 in file ..\..\..\..\Core\Device\ABOV\A31M22x\source\ARM\a31m22
x_startup_arm.s
   Uses
      At line 197 in file ..\..\..\..\Core\Device\ABOV\A31M22x\source\ARM\a31m2
2x_startup_arm.s
      At line 199 in file ..\..\..\..\Core\Device\ABOV\A31M22x\source\ARM\a31m2
2x_startup_arm.s

__heap_base 00000000

Symbol: __heap_base
   Definitions
      At line 34 in file ..\..\..\..\Core\Device\ABOV\A31M22x\source\ARM\a31m22
x_startup_arm.s
   Uses
      None
Comment: __heap_base unused
__heap_limit 00000200

Symbol: __heap_limit
   Definitions
      At line 36 in file ..\..\..\..\Core\Device\ABOV\A31M22x\source\ARM\a31m22
x_startup_arm.s
   Uses
      None
Comment: __heap_limit unused
4 symbols



ARM Macro Assembler    Page 1 Alphabetic symbol ordering
Relocatable symbols

RESET 00000000

Symbol: RESET
   Definitions
      At line 45 in file ..\..\..\..\Core\Device\ABOV\A31M22x\source\ARM\a31m22
x_startup_arm.s
   Uses
      None
Comment: RESET unused
__Vectors 00000000

Symbol: __Vectors
   Definitions
      At line 48 in file ..\..\..\..\Core\Device\ABOV\A31M22x\source\ARM\a31m22
x_startup_arm.s
   Uses
      At line 46 in file ..\..\..\..\Core\Device\ABOV\A31M22x\source\ARM\a31m22
x_startup_arm.s
Comment: __Vectors used once
2 symbols



ARM Macro Assembler    Page 1 Alphabetic symbol ordering
Relocatable symbols

.text 00000000

Symbol: .text
   Definitions
      At line 92 in file ..\..\..\..\Core\Device\ABOV\A31M22x\source\ARM\a31m22
x_startup_arm.s
   Uses
      None
Comment: .text unused
ADC_IRQHandler 00000012

Symbol: ADC_IRQHandler
   Definitions
      At line 176 in file ..\..\..\..\Core\Device\ABOV\A31M22x\source\ARM\a31m2
2x_startup_arm.s
   Uses
      At line 88 in file ..\..\..\..\Core\Device\ABOV\A31M22x\source\ARM\a31m22
x_startup_arm.s
      At line 150 in file ..\..\..\..\Core\Device\ABOV\A31M22x\source\ARM\a31m2
2x_startup_arm.s

CFMC_IRQHandler 00000012

Symbol: CFMC_IRQHandler
   Definitions
      At line 160 in file ..\..\..\..\Core\Device\ABOV\A31M22x\source\ARM\a31m2
2x_startup_arm.s
   Uses
      At line 72 in file ..\..\..\..\Core\Device\ABOV\A31M22x\source\ARM\a31m22
x_startup_arm.s
      At line 134 in file ..\..\..\..\Core\Device\ABOV\A31M22x\source\ARM\a31m2
2x_startup_arm.s

CMP_IRQHandler 00000012

Symbol: CMP_IRQHandler
   Definitions
      At line 179 in file ..\..\..\..\Core\Device\ABOV\A31M22x\source\ARM\a31m2
2x_startup_arm.s
   Uses
      At line 91 in file ..\..\..\..\Core\Device\ABOV\A31M22x\source\ARM\a31m22
x_startup_arm.s
      At line 153 in file ..\..\..\..\Core\Device\ABOV\A31M22x\source\ARM\a31m2
2x_startup_arm.s

CRC_IRQHandler 00000012

Symbol: CRC_IRQHandler
   Definitions
      At line 177 in file ..\..\..\..\Core\Device\ABOV\A31M22x\source\ARM\a31m2
2x_startup_arm.s
   Uses
      At line 89 in file ..\..\..\..\Core\Device\ABOV\A31M22x\source\ARM\a31m22
x_startup_arm.s
      At line 151 in file ..\..\..\..\Core\Device\ABOV\A31M22x\source\ARM\a31m2
2x_startup_arm.s

FRT_IRQHandler 00000012




ARM Macro Assembler    Page 2 Alphabetic symbol ordering
Relocatable symbols

Symbol: FRT_IRQHandler
   Definitions
      At line 159 in file ..\..\..\..\Core\Device\ABOV\A31M22x\source\ARM\a31m2
2x_startup_arm.s
   Uses
      At line 71 in file ..\..\..\..\Core\Device\ABOV\A31M22x\source\ARM\a31m22
x_startup_arm.s
      At line 133 in file ..\..\..\..\Core\Device\ABOV\A31M22x\source\ARM\a31m2
2x_startup_arm.s

GPIOA_IRQHandler 00000012

Symbol: GPIOA_IRQHandler
   Definitions
      At line 165 in file ..\..\..\..\Core\Device\ABOV\A31M22x\source\ARM\a31m2
2x_startup_arm.s
   Uses
      At line 77 in file ..\..\..\..\Core\Device\ABOV\A31M22x\source\ARM\a31m22
x_startup_arm.s
      At line 139 in file ..\..\..\..\Core\Device\ABOV\A31M22x\source\ARM\a31m2
2x_startup_arm.s

GPIOB_IRQHandler 00000012

Symbol: GPIOB_IRQHandler
   Definitions
      At line 166 in file ..\..\..\..\Core\Device\ABOV\A31M22x\source\ARM\a31m2
2x_startup_arm.s
   Uses
      At line 78 in file ..\..\..\..\Core\Device\ABOV\A31M22x\source\ARM\a31m22
x_startup_arm.s
      At line 140 in file ..\..\..\..\Core\Device\ABOV\A31M22x\source\ARM\a31m2
2x_startup_arm.s

GPIOC_IRQHandler 00000012

Symbol: GPIOC_IRQHandler
   Definitions
      At line 167 in file ..\..\..\..\Core\Device\ABOV\A31M22x\source\ARM\a31m2
2x_startup_arm.s
   Uses
      At line 79 in file ..\..\..\..\Core\Device\ABOV\A31M22x\source\ARM\a31m22
x_startup_arm.s
      At line 141 in file ..\..\..\..\Core\Device\ABOV\A31M22x\source\ARM\a31m2
2x_startup_arm.s

GPIOD_IRQHandler 00000012

Symbol: GPIOD_IRQHandler
   Definitions
      At line 168 in file ..\..\..\..\Core\Device\ABOV\A31M22x\source\ARM\a31m2
2x_startup_arm.s
   Uses
      At line 80 in file ..\..\..\..\Core\Device\ABOV\A31M22x\source\ARM\a31m22
x_startup_arm.s
      At line 142 in file ..\..\..\..\Core\Device\ABOV\A31M22x\source\ARM\a31m2
2x_startup_arm.s

HSEFAIL_IRQHandler 00000012



ARM Macro Assembler    Page 3 Alphabetic symbol ordering
Relocatable symbols


Symbol: HSEFAIL_IRQHandler
   Definitions
      At line 156 in file ..\..\..\..\Core\Device\ABOV\A31M22x\source\ARM\a31m2
2x_startup_arm.s
   Uses
      At line 68 in file ..\..\..\..\Core\Device\ABOV\A31M22x\source\ARM\a31m22
x_startup_arm.s
      At line 130 in file ..\..\..\..\Core\Device\ABOV\A31M22x\source\ARM\a31m2
2x_startup_arm.s

HardFault_Handler 0000000A

Symbol: HardFault_Handler
   Definitions
      At line 109 in file ..\..\..\..\Core\Device\ABOV\A31M22x\source\ARM\a31m2
2x_startup_arm.s
   Uses
      At line 51 in file ..\..\..\..\Core\Device\ABOV\A31M22x\source\ARM\a31m22
x_startup_arm.s
      At line 110 in file ..\..\..\..\Core\Device\ABOV\A31M22x\source\ARM\a31m2
2x_startup_arm.s

I2C_IRQHandler 00000012

Symbol: I2C_IRQHandler
   Definitions
      At line 173 in file ..\..\..\..\Core\Device\ABOV\A31M22x\source\ARM\a31m2
2x_startup_arm.s
   Uses
      At line 85 in file ..\..\..\..\Core\Device\ABOV\A31M22x\source\ARM\a31m22
x_startup_arm.s
      At line 147 in file ..\..\..\..\Core\Device\ABOV\A31M22x\source\ARM\a31m2
2x_startup_arm.s

LSEFAIL_IRQHandler 00000012

Symbol: LSEFAIL_IRQHandler
   Definitions
      At line 157 in file ..\..\..\..\Core\Device\ABOV\A31M22x\source\ARM\a31m2
2x_startup_arm.s
   Uses
      At line 69 in file ..\..\..\..\Core\Device\ABOV\A31M22x\source\ARM\a31m22
x_startup_arm.s
      At line 131 in file ..\..\..\..\Core\Device\ABOV\A31M22x\source\ARM\a31m2
2x_startup_arm.s

LVI_IRQHandler 00000012

Symbol: LVI_IRQHandler
   Definitions
      At line 154 in file ..\..\..\..\Core\Device\ABOV\A31M22x\source\ARM\a31m2
2x_startup_arm.s
   Uses
      At line 66 in file ..\..\..\..\Core\Device\ABOV\A31M22x\source\ARM\a31m22
x_startup_arm.s
      At line 128 in file ..\..\..\..\Core\Device\ABOV\A31M22x\source\ARM\a31m2
2x_startup_arm.s




ARM Macro Assembler    Page 4 Alphabetic symbol ordering
Relocatable symbols

MPWMOV_IRQHandler 00000012

Symbol: MPWMOV_IRQHandler
   Definitions
      At line 170 in file ..\..\..\..\Core\Device\ABOV\A31M22x\source\ARM\a31m2
2x_startup_arm.s
   Uses
      At line 82 in file ..\..\..\..\Core\Device\ABOV\A31M22x\source\ARM\a31m22
x_startup_arm.s
      At line 144 in file ..\..\..\..\Core\Device\ABOV\A31M22x\source\ARM\a31m2
2x_startup_arm.s

MPWMPROT_IRQHandler 00000012

Symbol: MPWMPROT_IRQHandler
   Definitions
      At line 169 in file ..\..\..\..\Core\Device\ABOV\A31M22x\source\ARM\a31m2
2x_startup_arm.s
   Uses
      At line 81 in file ..\..\..\..\Core\Device\ABOV\A31M22x\source\ARM\a31m22
x_startup_arm.s
      At line 143 in file ..\..\..\..\Core\Device\ABOV\A31M22x\source\ARM\a31m2
2x_startup_arm.s

MPWM_IRQHandler 00000012

Symbol: MPWM_IRQHandler
   Definitions
      At line 171 in file ..\..\..\..\Core\Device\ABOV\A31M22x\source\ARM\a31m2
2x_startup_arm.s
   Uses
      At line 83 in file ..\..\..\..\Core\Device\ABOV\A31M22x\source\ARM\a31m22
x_startup_arm.s
      At line 145 in file ..\..\..\..\Core\Device\ABOV\A31M22x\source\ARM\a31m2
2x_startup_arm.s

NMI_Handler 00000008

Symbol: NMI_Handler
   Definitions
      At line 105 in file ..\..\..\..\Core\Device\ABOV\A31M22x\source\ARM\a31m2
2x_startup_arm.s
   Uses
      At line 50 in file ..\..\..\..\Core\Device\ABOV\A31M22x\source\ARM\a31m22
x_startup_arm.s
      At line 106 in file ..\..\..\..\Core\Device\ABOV\A31M22x\source\ARM\a31m2
2x_startup_arm.s

NULL_IRQHandler 00000012

Symbol: NULL_IRQHandler
   Definitions
      At line 127 in file ..\..\..\..\Core\Device\ABOV\A31M22x\source\ARM\a31m2
2x_startup_arm.s
   Uses
      None
Comment: NULL_IRQHandler unused
PendSV_Handler 0000000E




ARM Macro Assembler    Page 5 Alphabetic symbol ordering
Relocatable symbols

Symbol: PendSV_Handler
   Definitions
      At line 117 in file ..\..\..\..\Core\Device\ABOV\A31M22x\source\ARM\a31m2
2x_startup_arm.s
   Uses
      At line 62 in file ..\..\..\..\Core\Device\ABOV\A31M22x\source\ARM\a31m22
x_startup_arm.s
      At line 118 in file ..\..\..\..\Core\Device\ABOV\A31M22x\source\ARM\a31m2
2x_startup_arm.s

Reset_Handler 00000000

Symbol: Reset_Handler
   Definitions
      At line 95 in file ..\..\..\..\Core\Device\ABOV\A31M22x\source\ARM\a31m22
x_startup_arm.s
   Uses
      At line 49 in file ..\..\..\..\Core\Device\ABOV\A31M22x\source\ARM\a31m22
x_startup_arm.s
      At line 96 in file ..\..\..\..\Core\Device\ABOV\A31M22x\source\ARM\a31m22
x_startup_arm.s

SPI_IRQHandler 00000012

Symbol: SPI_IRQHandler
   Definitions
      At line 172 in file ..\..\..\..\Core\Device\ABOV\A31M22x\source\ARM\a31m2
2x_startup_arm.s
   Uses
      At line 84 in file ..\..\..\..\Core\Device\ABOV\A31M22x\source\ARM\a31m22
x_startup_arm.s
      At line 146 in file ..\..\..\..\Core\Device\ABOV\A31M22x\source\ARM\a31m2
2x_startup_arm.s

SRAM_IRQHandler 00000012

Symbol: SRAM_IRQHandler
   Definitions
      At line 178 in file ..\..\..\..\Core\Device\ABOV\A31M22x\source\ARM\a31m2
2x_startup_arm.s
   Uses
      At line 90 in file ..\..\..\..\Core\Device\ABOV\A31M22x\source\ARM\a31m22
x_startup_arm.s
      At line 152 in file ..\..\..\..\Core\Device\ABOV\A31M22x\source\ARM\a31m2
2x_startup_arm.s

SVC_Handler 0000000C

Symbol: SVC_Handler
   Definitions
      At line 113 in file ..\..\..\..\Core\Device\ABOV\A31M22x\source\ARM\a31m2
2x_startup_arm.s
   Uses
      At line 59 in file ..\..\..\..\Core\Device\ABOV\A31M22x\source\ARM\a31m22
x_startup_arm.s
      At line 114 in file ..\..\..\..\Core\Device\ABOV\A31M22x\source\ARM\a31m2
2x_startup_arm.s

SYSCLKFAIL_IRQHandler 00000012



ARM Macro Assembler    Page 6 Alphabetic symbol ordering
Relocatable symbols


Symbol: SYSCLKFAIL_IRQHandler
   Definitions
      At line 155 in file ..\..\..\..\Core\Device\ABOV\A31M22x\source\ARM\a31m2
2x_startup_arm.s
   Uses
      At line 67 in file ..\..\..\..\Core\Device\ABOV\A31M22x\source\ARM\a31m22
x_startup_arm.s
      At line 129 in file ..\..\..\..\Core\Device\ABOV\A31M22x\source\ARM\a31m2
2x_startup_arm.s

SysTick_Handler 00000010

Symbol: SysTick_Handler
   Definitions
      At line 121 in file ..\..\..\..\Core\Device\ABOV\A31M22x\source\ARM\a31m2
2x_startup_arm.s
   Uses
      At line 63 in file ..\..\..\..\Core\Device\ABOV\A31M22x\source\ARM\a31m22
x_startup_arm.s
      At line 122 in file ..\..\..\..\Core\Device\ABOV\A31M22x\source\ARM\a31m2
2x_startup_arm.s

TIMER0_IRQHandler 00000012

Symbol: TIMER0_IRQHandler
   Definitions
      At line 161 in file ..\..\..\..\Core\Device\ABOV\A31M22x\source\ARM\a31m2
2x_startup_arm.s
   Uses
      At line 73 in file ..\..\..\..\Core\Device\ABOV\A31M22x\source\ARM\a31m22
x_startup_arm.s
      At line 135 in file ..\..\..\..\Core\Device\ABOV\A31M22x\source\ARM\a31m2
2x_startup_arm.s

TIMER1_IRQHandler 00000012

Symbol: TIMER1_IRQHandler
   Definitions
      At line 162 in file ..\..\..\..\Core\Device\ABOV\A31M22x\source\ARM\a31m2
2x_startup_arm.s
   Uses
      At line 74 in file ..\..\..\..\Core\Device\ABOV\A31M22x\source\ARM\a31m22
x_startup_arm.s
      At line 136 in file ..\..\..\..\Core\Device\ABOV\A31M22x\source\ARM\a31m2
2x_startup_arm.s

TIMER2_IRQHandler 00000012

Symbol: TIMER2_IRQHandler
   Definitions
      At line 163 in file ..\..\..\..\Core\Device\ABOV\A31M22x\source\ARM\a31m2
2x_startup_arm.s
   Uses
      At line 75 in file ..\..\..\..\Core\Device\ABOV\A31M22x\source\ARM\a31m22
x_startup_arm.s
      At line 137 in file ..\..\..\..\Core\Device\ABOV\A31M22x\source\ARM\a31m2
2x_startup_arm.s




ARM Macro Assembler    Page 7 Alphabetic symbol ordering
Relocatable symbols

TIMER3_IRQHandler 00000012

Symbol: TIMER3_IRQHandler
   Definitions
      At line 164 in file ..\..\..\..\Core\Device\ABOV\A31M22x\source\ARM\a31m2
2x_startup_arm.s
   Uses
      At line 76 in file ..\..\..\..\Core\Device\ABOV\A31M22x\source\ARM\a31m22
x_startup_arm.s
      At line 138 in file ..\..\..\..\Core\Device\ABOV\A31M22x\source\ARM\a31m2
2x_startup_arm.s

UART0_IRQHandler 00000012

Symbol: UART0_IRQHandler
   Definitions
      At line 174 in file ..\..\..\..\Core\Device\ABOV\A31M22x\source\ARM\a31m2
2x_startup_arm.s
   Uses
      At line 86 in file ..\..\..\..\Core\Device\ABOV\A31M22x\source\ARM\a31m22
x_startup_arm.s
      At line 148 in file ..\..\..\..\Core\Device\ABOV\A31M22x\source\ARM\a31m2
2x_startup_arm.s

UART1_IRQHandler 00000012

Symbol: UART1_IRQHandler
   Definitions
      At line 175 in file ..\..\..\..\Core\Device\ABOV\A31M22x\source\ARM\a31m2
2x_startup_arm.s
   Uses
      At line 87 in file ..\..\..\..\Core\Device\ABOV\A31M22x\source\ARM\a31m22
x_startup_arm.s
      At line 149 in file ..\..\..\..\Core\Device\ABOV\A31M22x\source\ARM\a31m2
2x_startup_arm.s

WDT_IRQHandler 00000012

Symbol: WDT_IRQHandler
   Definitions
      At line 158 in file ..\..\..\..\Core\Device\ABOV\A31M22x\source\ARM\a31m2
2x_startup_arm.s
   Uses
      At line 70 in file ..\..\..\..\Core\Device\ABOV\A31M22x\source\ARM\a31m22
x_startup_arm.s
      At line 132 in file ..\..\..\..\Core\Device\ABOV\A31M22x\source\ARM\a31m2
2x_startup_arm.s

__user_initial_stackheap 00000014

Symbol: __user_initial_stackheap
   Definitions
      At line 196 in file ..\..\..\..\Core\Device\ABOV\A31M22x\source\ARM\a31m2
2x_startup_arm.s
   Uses
      At line 194 in file ..\..\..\..\Core\Device\ABOV\A31M22x\source\ARM\a31m2
2x_startup_arm.s
Comment: __user_initial_stackheap used once
35 symbols



ARM Macro Assembler    Page 1 Alphabetic symbol ordering
Absolute symbols

Heap_Size 00000200

Symbol: Heap_Size
   Definitions
      At line 31 in file ..\..\..\..\Core\Device\ABOV\A31M22x\source\ARM\a31m22
x_startup_arm.s
   Uses
      At line 35 in file ..\..\..\..\Core\Device\ABOV\A31M22x\source\ARM\a31m22
x_startup_arm.s
      At line 199 in file ..\..\..\..\Core\Device\ABOV\A31M22x\source\ARM\a31m2
2x_startup_arm.s

Stack_Size 00000400

Symbol: Stack_Size
   Definitions
      At line 20 in file ..\..\..\..\Core\Device\ABOV\A31M22x\source\ARM\a31m22
x_startup_arm.s
   Uses
      At line 23 in file ..\..\..\..\Core\Device\ABOV\A31M22x\source\ARM\a31m22
x_startup_arm.s
      At line 198 in file ..\..\..\..\Core\Device\ABOV\A31M22x\source\ARM\a31m2
2x_startup_arm.s

2 symbols



ARM Macro Assembler    Page 1 Alphabetic symbol ordering
External symbols

SystemInit 00000000

Symbol: SystemInit
   Definitions
      At line 97 in file ..\..\..\..\Core\Device\ABOV\A31M22x\source\ARM\a31m22
x_startup_arm.s
   Uses
      At line 99 in file ..\..\..\..\Core\Device\ABOV\A31M22x\source\ARM\a31m22
x_startup_arm.s
Comment: SystemInit used once
__main 00000000

Symbol: __main
   Definitions
      At line 98 in file ..\..\..\..\Core\Device\ABOV\A31M22x\source\ARM\a31m22
x_startup_arm.s
   Uses
      At line 101 in file ..\..\..\..\Core\Device\ABOV\A31M22x\source\ARM\a31m2
2x_startup_arm.s
Comment: __main used once
__use_two_region_memory 00000000

Symbol: __use_two_region_memory
   Definitions
      At line 193 in file ..\..\..\..\Core\Device\ABOV\A31M22x\source\ARM\a31m2
2x_startup_arm.s
   Uses
      None
Comment: __use_two_region_memory unused
3 symbols
385 symbols in table
