Component: ARM Compiler 5.06 update 7 (build 960) Tool: armlink [4d3601]

==============================================================================

Section Cross References

    motordriverlayer_a31m22x.o(.text) refers to a31m22x_pcu.o(.text) for HAL_GPIO_EXTI_Config
    bharat_bijleee.o(.text) refers to user_statemachine.o(.text) for InputRegisterData
    bharat_bijleee.o(.text) refers to flash_writing.o(.text) for FlashWriting
    bharat_bijleee.o(.text) refers to fault_status.o(.text) for FaultRecovery
    bharat_bijleee.o(.text) refers to application_input_register.o(.text) for HourCounterInit
    bharat_bijleee.o(.text) refers to application_holding_register.o(.text) for NodeAddresInit
    bharat_bijleee.o(.text) refers to user_timer.o(.text) for user_delay
    bharat_bijleee.o(.text) refers to modbus_status.o(.text) for SET_TARGET_SPEED_TO_MOTOR
    bharat_bijleee.o(.text) refers to fault_status.o(.data) for Fault
    bharat_bijleee.o(.text) refers to bharat_bijleee.o(.data) for .data
    bharat_bijleee.o(.text) refers to modbus_status.o(.data) for g_target_Speed
    bharat_bijleee.o(.text) refers to flash_writing.o(.data) for g_Actal_read
    a31m22x_system.o(.text) refers to a31m22x_system.o(.data) for .data
    a31m22x_adc.o(.text) refers to a31m22x_dma.o(.text) for HAL_DMA_Init
    a31m22x_adc.o(.text) refers to a31m22x_adc.o(.bss) for .bss
    a31m22x_adc.o(.text) refers to a31m22x_adc.o(.constdata) for .constdata
    a31m22x_mpwm.o(.text) refers to a31m22x_mpwm.o(.bss) for .bss
    a31m22x_scu.o(.text) refers to aeabi_sdivfast.o(.text) for __aeabi_uidivmod
    a31m22x_scu.o(.text) refers to a31m22x_scu.o(i.__ARM_common_ll_muluu) for __ARM_common_ll_muluu
    a31m22x_scu.o(.text) refers to lludiv.o(.text) for __aeabi_uldivmod
    a31m22x_scu.o(.text) refers to a31m22x_scu.o(.bss) for .bss
    a31m22x_scu.o(.text) refers to a31m22x_system.o(.data) for SystemCoreClock
    a31m22x_spi.o(.text) refers to a31m22x_dma.o(.text) for HAL_DMA_Start
    a31m22x_spi.o(.text) refers to a31m22x_spi.o(.bss) for .bss
    a31m22x_spi.o(.text) refers to a31m22x_spi.o(.constdata) for .constdata
    a31m22x_timer.o(.text) refers to a31m22x_timer.o(.bss) for .bss
    a31m22x_uart.o(.text) refers to aeabi_sdivfast.o(.text) for __aeabi_uidivmod
    a31m22x_uart.o(.text) refers to a31m22x_dma.o(.text) for HAL_DMA_Start
    a31m22x_uart.o(.text) refers to a31m22x_uart.o(.bss) for .bss
    a31m22x_uart.o(.text) refers to a31m22x_system.o(.data) for SystemPeriClock
    a31m22x_uart.o(.text) refers to a31m22x_uart.o(.constdata) for .constdata
    a31m22x_wdt.o(.text) refers to a31m22x_wdt.o(.bss) for .bss
    a31m22x_initclock.o(.text) refers to a31m22x_cfmc.o(.text) for CFMC_WaitCmd
    a31m22x_initclock.o(.text) refers to a31m22x_system.o(.data) for SystemCoreClock
    a31m22x_dma.o(.text) refers to a31m22x_dma.o(.data) for .data
    main.o(.text) refers to a31m22x_system.o(.text) for SystemInit
    main.o(.text) refers to motordriverlayer_a31m22x.o(.text) for MDL_PCU_Init
    main.o(.text) refers to a31m22x_initclock.o(.text) for A31M22x_InitClock
    main.o(.text) refers to user_timer.o(.text) for USER_TIMER0_Init
    main.o(.text) refers to modbus_comm.o(.text) for UserRs485init
    main.o(.text) refers to nxp_comm_uart.o(.text) for UserUart0init
    main.o(.text) refers to analog_pwm_output.o(.text) for ANALOG_PWM_INIT
    main.o(.text) refers to digital_pwm_output.o(.text) for DIGITAL_PWM_INIT
    main.o(.text) refers to bharat_bijleee.o(.text) for MAL_MainLoop
    a31m22x_startup_arm.o(STACK) refers (Special) to heapauxi.o(.text) for __use_two_region_memory
    a31m22x_startup_arm.o(HEAP) refers (Special) to heapauxi.o(.text) for __use_two_region_memory
    a31m22x_startup_arm.o(RESET) refers (Special) to heapauxi.o(.text) for __use_two_region_memory
    a31m22x_startup_arm.o(RESET) refers to a31m22x_startup_arm.o(STACK) for __initial_sp
    a31m22x_startup_arm.o(RESET) refers to a31m22x_startup_arm.o(.text) for Reset_Handler
    a31m22x_startup_arm.o(RESET) refers to a31m22x_scu.o(.text) for SYSCLKFAIL_IRQHandler
    a31m22x_startup_arm.o(RESET) refers to a31m22x_wdt.o(.text) for WDT_IRQHandler
    a31m22x_startup_arm.o(RESET) refers to a31m22x_timer.o(.text) for TIMER0_IRQHandler
    a31m22x_startup_arm.o(RESET) refers to motordriverlayer_a31m22x.o(.text) for GPIOB_IRQHandler
    a31m22x_startup_arm.o(RESET) refers to a31m22x_mpwm.o(.text) for MPWMOV_IRQHandler
    a31m22x_startup_arm.o(RESET) refers to a31m22x_spi.o(.text) for SPI_IRQHandler
    a31m22x_startup_arm.o(RESET) refers to a31m22x_uart.o(.text) for UART0_IRQHandler
    a31m22x_startup_arm.o(RESET) refers to a31m22x_adc.o(.text) for ADC_IRQHandler
    a31m22x_startup_arm.o(.text) refers (Special) to heapauxi.o(.text) for __use_two_region_memory
    a31m22x_startup_arm.o(.text) refers to a31m22x_system.o(.text) for SystemInit
    a31m22x_startup_arm.o(.text) refers to __main.o(!!!main) for __main
[...]
    .ARM.Collect$$libshutdown$$00000006      0x0000010e   Section        0  libshutdown2.o(.ARM.Collect$$libshutdown$$00000006)
    .ARM.Collect$$libshutdown$$00000009      0x0000010e   Section        0  libshutdown2.o(.ARM.Collect$$libshutdown$$00000009)
    .ARM.Collect$$libshutdown$$0000000C      0x0000010e   Section        0  libshutdown2.o(.ARM.Collect$$libshutdown$$0000000C)
    .ARM.Collect$$libshutdown$$0000000E      0x0000010e   Section        0  libshutdown2.o(.ARM.Collect$$libshutdown$$0000000E)
    .ARM.Collect$$libshutdown$$00000011      0x0000010e   Section        0  libshutdown2.o(.ARM.Collect$$libshutdown$$00000011)
    .ARM.Collect$$libshutdown$$00000012      0x0000010e   Section        2  libshutdown2.o(.ARM.Collect$$libshutdown$$00000012)
    .ARM.Collect$$rtentry$$00000000          0x00000110   Section        0  __rtentry.o(.ARM.Collect$$rtentry$$00000000)
    .ARM.Collect$$rtentry$$00000002          0x00000110   Section        0  __rtentry2.o(.ARM.Collect$$rtentry$$00000002)
    .ARM.Collect$$rtentry$$00000004          0x00000110   Section        6  __rtentry4.o(.ARM.Collect$$rtentry$$00000004)
    .ARM.Collect$$rtentry$$00000009          0x00000116   Section        0  __rtentry2.o(.ARM.Collect$$rtentry$$00000009)
    .ARM.Collect$$rtentry$$0000000A          0x00000116   Section        4  __rtentry2.o(.ARM.Collect$$rtentry$$0000000A)
    .ARM.Collect$$rtentry$$0000000C          0x0000011a   Section        0  __rtentry2.o(.ARM.Collect$$rtentry$$0000000C)
    .ARM.Collect$$rtentry$$0000000D          0x0000011a   Section        8  __rtentry2.o(.ARM.Collect$$rtentry$$0000000D)
    .ARM.Collect$$rtexit$$00000000           0x00000122   Section        2  rtexit.o(.ARM.Collect$$rtexit$$00000000)
    .ARM.Collect$$rtexit$$00000002           0x00000124   Section        0  rtexit2.o(.ARM.Collect$$rtexit$$00000002)
    .ARM.Collect$$rtexit$$00000003           0x00000124   Section        4  rtexit2.o(.ARM.Collect$$rtexit$$00000003)
    .ARM.Collect$$rtexit$$00000004           0x00000128   Section        6  rtexit2.o(.ARM.Collect$$rtexit$$00000004)
    .text                                    0x00000130   Section        0  motordriverlayer_a31m22x.o(.text)
    .text                                    0x000003fc   Section        0  bharat_bijleee.o(.text)
    .text                                    0x00000524   Section        0  a31m22x_system.o(.text)
    .text                                    0x000005b8   Section        0  a31m22x_adc.o(.text)
    .text                                    0x00000d24   Section        0  a31m22x_mpwm.o(.text)
    .text                                    0x0000127c   Section        0  a31m22x_pcu.o(.text)
    .text                                    0x00001344   Section        0  a31m22x_scu.o(.text)
    .text                                    0x0000183c   Section        0  a31m22x_spi.o(.text)
    .text                                    0x00001e34   Section        0  a31m22x_timer.o(.text)
    TIMER_IRQHandler                         0x00002131   Thumb Code   158  a31m22x_timer.o(.text)
    .text                                    0x00002200   Section        0  a31m22x_uart.o(.text)
    UART_IRQHandler                          0x0000263f   Thumb Code   284  a31m22x_uart.o(.text)
    .text                                    0x0000276c   Section        0  a31m22x_wdt.o(.text)
    .text                                    0x00002854   Section        0  a31m22x_cfmc.o(.text)
    .text                                    0x00002b34   Section        0  a31m22x_initclock.o(.text)
    .text                                    0x00002e04   Section        0  a31m22x_dma.o(.text)
    .text                                    0x00002f14   Section        0  main.o(.text)
    .text                                    0x00002f50   Section       56  a31m22x_startup_arm.o(.text)
    .text                                    0x00002f88   Section        0  user_timer.o(.text)
    .text                                    0x0000301c   Section        0  user_statemachine.o(.text)
    .text                                    0x00003280   Section        0  modbus_comm.o(.text)
    .text                                    0x00003724   Section        0  nxp_comm_uart.o(.text)
    .text                                    0x00003a78   Section        0  analog_pwm_output.o(.text)
    .text                                    0x00003ab8   Section        0  digital_pwm_output.o(.text)
    .text                                    0x00003b24   Section        0  modbus_holding_register.o(.text)
    .text                                    0x00003dc4   Section        0  application_input_register.o(.text)
    .text                                    0x00003fa0   Section        0  application_holding_register.o(.text)
    .text                                    0x000040e8   Section        0  di1_status.o(.text)
    .text                                    0x000042f4   Section        0  ai1_sensor_status.o(.text)
    .text                                    0x0000446c   Section        0  pid_sensor_status.o(.text)
    ANALOG_DIFFERENTIAL_PID_MODE             0x000044c7   Thumb Code   112  pid_sensor_status.o(.text)
    .text                                    0x00004558   Section        0  modbus_status.o(.text)
    .text                                    0x000046d0   Section        0  fault_status.o(.text)
    .text                                    0x00004af0   Section        0  flash_writing.o(.text)
    .text                                    0x00004cd0   Section        0  relay_status.o(.text)
    .text                                    0x00004d78   Section        0  suppression_setting.o(.text)
    .text                                    0x000055e8   Section        0  lludiv.o(.text)
    .text                                    0x000056ea   Section        0  rt_memclr.o(.text)
    .text                                    0x0000572a   Section      488  aeabi_sdivfast.o(.text)
    .text                                    0x00005912   Section        0  heapauxi.o(.text)
    .text                                    0x00005918   Section        0  fdiv.o(.text)
    .text                                    0x00005a78   Section        0  ffixi.o(.text)
    .text                                    0x00005ac4   Section        0  ffixui.o(.text)
    .text                                    0x00005af4   Section        0  fflti.o(.text)
    .text                                    0x00005b52   Section       62  sys_stackheap_outer.o(.text)
    .text                                    0x00005b90   Section        0  exit.o(.text)
    .text                                    0x00005ba0   Section        8  libspace.o(.text)
    .text                                    0x00005ba8   Section        0  sys_exit.o(.text)
    .text                                    0x00005bb4   Section        2  use_no_semi.o(.text)
    .text                                    0x00005bb6   Section        0  indicate_semi.o(.text)
    .text                                    0x00005bb6   Section        0  __dczerorl2.o(.text)
    i.__ARM_common_ll_muluu                  0x00005c0c   Section        0  a31m22x_scu.o(i.__ARM_common_ll_muluu)
    x$fpl$fadd                               0x00005c40   Section      140  faddsub.o(x$fpl$fadd)
    _fadd1                                   0x00005c4d   Thumb Code     0  faddsub.o(x$fpl$fadd)
    x$fpl$fmul                               0x00005ccc   Section      176  fmul.o(x$fpl$fmul)
    x$fpl$fsub                               0x00005d7c   Section      208  faddsub.o(x$fpl$fsub)
    _fsub1                                   0x00005d89   Thumb Code     0  faddsub.o(x$fpl$fsub)
    .constdata                               0x00005e4c   Section        3  a31m22x_adc.o(.constdata)
    x$fpl$usenofp                            0x00005e4c   Section        0  usenofp.o(x$fpl$usenofp)
    .constdata                               0x00005e50   Section        3  a31m22x_spi.o(.constdata)
    .constdata                               0x00005e54   Section        3  a31m22x_uart.o(.constdata)
    .constdata                               0x00005e57   Section       64  fdiv.o(.constdata)
    fdiv_tab                                 0x00005e57   Data          64  fdiv.o(.constdata)
    .ARM.__AT_0x0000F000                     0x0000f000   Section      656  default_values.o(.ARM.__AT_0x0000F000)
    .ARM.__AT_0x0000F400                     0x0000f400   Section      652  default_values.o(.ARM.__AT_0x0000F400)
    .ARM.__AT_0x0000F800                     0x0000f800   Section      656  default_values.o(.ARM.__AT_0x0000F800)
    .ARM.__AT_0x0000FC00                     0x0000fc00   Section      212  default_values.o(.ARM.__AT_0x0000FC00)
    .ARM.__AT_0x0000FE00                     0x0000fe00   Section      212  default_values.o(.ARM.__AT_0x0000FE00)
    .data                                    0x20000000   Section       12  bharat_bijleee.o(.data)
    .data                                    0x2000000c   Section       20  a31m22x_system.o(.data)
    .data                                    0x20000020   Section        2  a31m22x_uart.o(.data)
    .data                                    0x20000022   Section        5  a31m22x_dma.o(.data)
    g_dma_ref_count                          0x20000022   Data           1  a31m22x_dma.o(.data)
    g_dma_setup                              0x20000023   Data           4  a31m22x_dma.o(.data)
    .data                                    0x20000028   Section       16  user_timer.o(.data)
    .data                                    0x20000038   Section       24  user_statemachine.o(.data)
    .data                                    0x20000050   Section       16  modbus_comm.o(.data)
    .data                                    0x20000060   Section        8  nxp_comm_uart.o(.data)
    .data                                    0x20000068   Section        4  digital_pwm_output.o(.data)
    .data                                    0x2000006c   Section       12  modbus_holding_register.o(.data)
    .data                                    0x20000078   Section       80  application_input_register.o(.data)
    .data                                    0x200000c8   Section       14  application_holding_register.o(.data)
    .data                                    0x200000d8   Section        8  application_holding_register.o(.data)
    .data                                    0x200000e0   Section        8  di1_status.o(.data)
    .data                                    0x200000e8   Section       44  ai1_sensor_status.o(.data)
    g_Temp_Pot_volt_factor                   0x20000104   Data           4  ai1_sensor_status.o(.data)
    .data                                    0x20000114   Section       10  pid_sensor_status.o(.data)
    .data                                    0x2000011e   Section        6  modbus_status.o(.data)
    .data                                    0x20000124   Section       26  fault_status.o(.data)
    .data                                    0x20000140   Section       20  flash_writing.o(.data)
    .data                                    0x20000154   Section        2  suppression_setting.o(.data)
    .bss                                     0x20000158   Section       32  a31m22x_adc.o(.bss)
    g_acb                                    0x20000158   Data          32  a31m22x_adc.o(.bss)
    .bss                                     0x20000178   Section       12  a31m22x_mpwm.o(.bss)
    g_mcb                                    0x20000178   Data          12  a31m22x_mpwm.o(.bss)
    .bss                                     0x20000184   Section       28  a31m22x_scu.o(.bss)
    g_scb                                    0x20000184   Data          28  a31m22x_scu.o(.bss)
    .bss                                     0x200001a0   Section       40  a31m22x_spi.o(.bss)
    g_scb                                    0x200001a0   Data          40  a31m22x_spi.o(.bss)
    .bss                                     0x200001c8   Section       48  a31m22x_timer.o(.bss)
    g_tcb                                    0x200001c8   Data          48  a31m22x_timer.o(.bss)
    .bss                                     0x200001f8   Section       80  a31m22x_uart.o(.bss)
    g_ucb                                    0x200001f8   Data          80  a31m22x_uart.o(.bss)
    .bss                                     0x20000248   Section       12  a31m22x_wdt.o(.bss)
    g_wcb                                    0x20000248   Data          12  a31m22x_wdt.o(.bss)
    .bss                                     0x20000254   Section     3116  modbus_comm.o(.bss)
    .bss                                     0x20000e80   Section       60  nxp_comm_uart.o(.bss)
    .bss                                     0x20000ebc   Section       80  fault_status.o(.bss)
    .bss                                     0x20000f0c   Section      400  flash_writing.o(.bss)
    .bss                                     0x2000109c   Section      204  suppression_setting.o(.bss)
    .bss                                     0x20001168   Section       96  libspace.o(.bss)
    HEAP                                     0x200011c8   Section      512  a31m22x_startup_arm.o(HEAP)
    Heap_Mem                                 0x200011c8   Data         512  a31m22x_startup_arm.o(HEAP)
    STACK                                    0x200013c8   Section     1024  a31m22x_startup_arm.o(STACK)
    Stack_Mem                                0x200013c8   Data        1024  a31m22x_startup_arm.o(STACK)
    __initial_sp                             0x200017c8   Data           0  a31m22x_startup_arm.o(STACK)

    Global Symbols

    Symbol Name                              Value     Ov Type        Size  Object(Section)

    BuildAttributes$$THM_ISAv3M$S$PE$A:L22$X:L11$S22$IEEE1$IW$USESV6$~STKCKD$USESV7$~SHL$OTIME$ROPI$EBA8$UX$STANDARDLIB$REQ8$PRES8$EABIv2 0x00000000   Number         0  anon$$obj.o ABSOLUTE
    __ARM_use_no_argv                        0x00000000   Number         0  main.o ABSOLUTE
    __Vectors                                0x00000000   Data           4  a31m22x_startup_arm.o(RESET)
    __ARM_exceptions_init                     - Undefined Weak Reference
    __alloca_initialize                       - Undefined Weak Reference
    __arm_fini_                               - Undefined Weak Reference
    __arm_preinit_                            - Undefined Weak Reference
    __cpp_initialize__aeabi_                  - Undefined Weak Reference
    __cxa_finalize                            - Undefined Weak Reference
    __rt_locale                               - Undefined Weak Reference
    __sigvec_lookup                           - Undefined Weak Reference
    _atexit_init                              - Undefined Weak Reference
    _call_atexit_fns                          - Undefined Weak Reference
    _clock_init                               - Undefined Weak Reference
    _fp_trap_init                             - Undefined Weak Reference
    _fp_trap_shutdown                         - Undefined Weak Reference
    _get_lc_collate                           - Undefined Weak Reference
    _get_lc_ctype                             - Undefined Weak Reference
    _get_lc_monetary                          - Undefined Weak Reference
    _get_lc_numeric                           - Undefined Weak Reference
    _get_lc_time                              - Undefined Weak Reference
    _getenv_init                              - Undefined Weak Reference
    _handle_redirection                       - Undefined Weak Reference
    _init_alloc                               - Undefined Weak Reference
    _init_user_alloc                          - Undefined Weak Reference
    _initio                                   - Undefined Weak Reference
    _rand_init                                - Undefined Weak Reference
    _signal_finish                            - Undefined Weak Reference
    _signal_init                              - Undefined Weak Reference
    _terminate_alloc                          - Undefined Weak Reference
    _terminate_user_alloc                     - Undefined Weak Reference
    _terminateio                              - Undefined Weak Reference
    __main                                   0x000000a9   Thumb Code     8  __main.o(!!!main)
    __scatterload                            0x000000b1   Thumb Code     0  __scatter.o(!!!scatter)
    __scatterload_rt2                        0x000000b1   Thumb Code    52  __scatter.o(!!!scatter)
    __scatterload_rt2_thumb_only             0x000000b1   Thumb Code     0  __scatter.o(!!!scatter)
    __scatterload_null                       0x000000c1   Thumb Code     0  __scatter.o(!!!scatter)
    __scatterload_zeroinit                   0x000000ed   Thumb Code    28  __scatter_zi.o(!!handler_zi)
    __rt_lib_init                            0x00000109   Thumb Code     0  libinit.o(.ARM.Collect$$libinit$$00000000)
    __rt_lib_init_alloca_1                   0x0000010b   Thumb Code     0  libinit2.o(.ARM.Collect$$libinit$$0000002E)
    __rt_lib_init_argv_1                     0x0000010b   Thumb Code     0  libinit2.o(.ARM.Collect$$libinit$$0000002C)
    __rt_lib_init_atexit_1                   0x0000010b   Thumb Code     0  libinit2.o(.ARM.Collect$$libinit$$0000001B)
    __rt_lib_init_clock_1                    0x0000010b   Thumb Code     0  libinit2.o(.ARM.Collect$$libinit$$00000021)
    __rt_lib_init_cpp_1                      0x0000010b   Thumb Code     0  libinit2.o(.ARM.Collect$$libinit$$00000032)
    __rt_lib_init_exceptions_1               0x0000010b   Thumb Code     0  libinit2.o(.ARM.Collect$$libinit$$00000030)
    __rt_lib_init_fp_1                       0x0000010b   Thumb Code     0  libinit2.o(.ARM.Collect$$libinit$$00000002)
    __rt_lib_init_fp_trap_1                  0x0000010b   Thumb Code     0  libinit2.o(.ARM.Collect$$libinit$$0000001F)
    __rt_lib_init_getenv_1                   0x0000010b   Thumb Code     0  libinit2.o(.ARM.Collect$$libinit$$00000023)
    __rt_lib_init_heap_1                     0x0000010b   Thumb Code     0  libinit2.o(.ARM.Collect$$libinit$$0000000A)
    __rt_lib_init_lc_collate_1               0x0000010b   Thumb Code     0  libinit2.o(.ARM.Collect$$libinit$$00000011)
    __rt_lib_init_lc_ctype_1                 0x0000010b   Thumb Code     0  libinit2.o(.ARM.Collect$$libinit$$00000013)
    __rt_lib_init_lc_monetary_1              0x0000010b   Thumb Code     0  libinit2.o(.ARM.Collect$$libinit$$00000015)
    __rt_lib_init_lc_numeric_1               0x0000010b   Thumb Code     0  libinit2.o(.ARM.Collect$$libinit$$00000017)
    __rt_lib_init_lc_time_1                  0x0000010b   Thumb Code     0  libinit2.o(.ARM.Collect$$libinit$$00000019)
    __rt_lib_init_preinit_1                  0x0000010b   Thumb Code     0  libinit2.o(.ARM.Collect$$libinit$$00000004)
    __rt_lib_init_rand_1                     0x0000010b   Thumb Code     0  libinit2.o(.ARM.Collect$$libinit$$0000000E)
    __rt_lib_init_return                     0x0000010b   Thumb Code     0  libinit2.o(.ARM.Collect$$libinit$$00000033)
    __rt_lib_init_signal_1                   0x0000010b   Thumb Code     0  libinit2.o(.ARM.Collect$$libinit$$0000001D)
    __rt_lib_init_stdio_1                    0x0000010b   Thumb Code     0  libinit2.o(.ARM.Collect$$libinit$$00000025)
    __rt_lib_init_user_alloc_1               0x0000010b   Thumb Code     0  libinit2.o(.ARM.Collect$$libinit$$0000000C)
    __rt_lib_shutdown                        0x0000010d   Thumb Code     0  libshutdown.o(.ARM.Collect$$libshutdown$$00000000)
    __rt_lib_shutdown_cpp_1                  0x0000010f   Thumb Code     0  libshutdown2.o(.ARM.Collect$$libshutdown$$00000004)
    __rt_lib_shutdown_fini_1                 0x0000010f   Thumb Code     0  libshutdown2.o(.ARM.Collect$$libshutdown$$00000002)
    __rt_lib_shutdown_fp_trap_1              0x0000010f   Thumb Code     0  libshutdown2.o(.ARM.Collect$$libshutdown$$00000009)
    __rt_lib_shutdown_heap_1                 0x0000010f   Thumb Code     0  libshutdown2.o(.ARM.Collect$$libshutdown$$00000011)
    __rt_lib_shutdown_return                 0x0000010f   Thumb Code     0  libshutdown2.o(.ARM.Collect$$libshutdown$$00000012)
    __rt_lib_shutdown_signal_1               0x0000010f   Thumb Code     0  libshutdown2.o(.ARM.Collect$$libshutdown$$0000000C)
    __rt_lib_shutdown_stdio_1                0x0000010f   Thumb Code     0  libshutdown2.o(.ARM.Collect$$libshutdown$$00000006)
    __rt_lib_shutdown_user_alloc_1           0x0000010f   Thumb Code     0  libshutdown2.o(.ARM.Collect$$libshutdown$$0000000E)
    __rt_entry                               0x00000111   Thumb Code     0  __rtentry.o(.ARM.Collect$$rtentry$$00000000)
    __rt_entry_presh_1                       0x00000111   Thumb Code     0  __rtentry2.o(.ARM.Collect$$rtentry$$00000002)
    __rt_entry_sh                            0x00000111   Thumb Code     0  __rtentry4.o(.ARM.Collect$$rtentry$$00000004)
    __rt_entry_li                            0x00000117   Thumb Code     0  __rtentry2.o(.ARM.Collect$$rtentry$$0000000A)
    __rt_entry_postsh_1                      0x00000117   Thumb Code     0  __rtentry2.o(.ARM.Collect$$rtentry$$00000009)
    __rt_entry_main                          0x0000011b   Thumb Code     0  __rtentry2.o(.ARM.Collect$$rtentry$$0000000D)
    __rt_entry_postli_1                      0x0000011b   Thumb Code     0  __rtentry2.o(.ARM.Collect$$rtentry$$0000000C)
    __rt_exit                                0x00000123   Thumb Code     0  rtexit.o(.ARM.Collect$$rtexit$$00000000)
    __rt_exit_ls                             0x00000125   Thumb Code     0  rtexit2.o(.ARM.Collect$$rtexit$$00000003)
    __rt_exit_prels_1                        0x00000125   Thumb Code     0  rtexit2.o(.ARM.Collect$$rtexit$$00000002)
    __rt_exit_exit                           0x00000129   Thumb Code     0  rtexit2.o(.ARM.Collect$$rtexit$$00000004)
    SPI_GetStatus                            0x00000131   Thumb Code     4  motordriverlayer_a31m22x.o(.text)
    GPIOB_IRQHandler                         0x00000135   Thumb Code     2  motordriverlayer_a31m22x.o(.text)
    USER_ADC_Init                            0x00000137   Thumb Code    72  motordriverlayer_a31m22x.o(.text)
    MDL_ADC_OPAMP                            0x0000017f   Thumb Code    44  motordriverlayer_a31m22x.o(.text)
    MDL_PCU_Init                             0x000001ab   Thumb Code   124  motordriverlayer_a31m22x.o(.text)
    USER_OPAMP_Init                          0x00000227   Thumb Code    38  motordriverlayer_a31m22x.o(.text)
    MDL_IPM_Fault_Setting                    0x0000024d   Thumb Code     2  motordriverlayer_a31m22x.o(.text)
    MDL_FRT_Init                             0x0000024f   Thumb Code    54  motordriverlayer_a31m22x.o(.text)
    MDL_FRT_CNT_Zero                         0x00000285   Thumb Code     8  motordriverlayer_a31m22x.o(.text)
    MDL_FRT_CNT_Read                         0x0000028d   Thumb Code     6  motordriverlayer_a31m22x.o(.text)
    MDL_DAC_Init                             0x00000293   Thumb Code     2  motordriverlayer_a31m22x.o(.text)
    MDL_DAC_SetData                          0x00000295   Thumb Code     2  motordriverlayer_a31m22x.o(.text)
    MDL_WDT_Init                             0x00000297   Thumb Code    38  motordriverlayer_a31m22x.o(.text)
    MDL_WDT_Start                            0x000002bd   Thumb Code    22  motordriverlayer_a31m22x.o(.text)
    MDL_WDT_Clear                            0x000002d3   Thumb Code     8  motordriverlayer_a31m22x.o(.text)
    SPI_Init                                 0x000002db   Thumb Code   108  motordriverlayer_a31m22x.o(.text)
    SPI_Cmd                                  0x00000347   Thumb Code    10  motordriverlayer_a31m22x.o(.text)
    SPI_DelayConfig                          0x00000351   Thumb Code    30  motordriverlayer_a31m22x.o(.text)
    SPI_SendData                             0x0000036f   Thumb Code     4  motordriverlayer_a31m22x.o(.text)
    GPIODE_IRQHandler                        0x00000373   Thumb Code     2  motordriverlayer_a31m22x.o(.text)
    DriveStateMachine                        0x000003fd   Thumb Code   138  bharat_bijleee.o(.text)
    MAL_MainLoop                             0x00000487   Thumb Code   138  bharat_bijleee.o(.text)
    SystemInit                               0x00000525   Thumb Code    92  a31m22x_system.o(.text)
    SystemDelay                              0x00000581   Thumb Code    18  a31m22x_system.o(.text)
    HAL_ADC_SetConvSamplingTime              0x000005b9   Thumb Code    50  a31m22x_adc.o(.text)
    HAL_ADC_Init                             0x000005eb   Thumb Code   362  a31m22x_adc.o(.text)
    HAL_ADC_DeInit                           0x00000755   Thumb Code    46  a31m22x_adc.o(.text)
    HAL_ADC_Calibration                      0x00000783   Thumb Code     2  a31m22x_adc.o(.text)
    HAL_ADC_SetClock                         0x00000785   Thumb Code    10  a31m22x_adc.o(.text)
    HAL_ADC_SetMR                            0x0000078f   Thumb Code    12  a31m22x_adc.o(.text)
    HAL_ADC_GetData                          0x0000079b   Thumb Code    18  a31m22x_adc.o(.text)
    HAL_ADC_GetSequenceData                  0x000007ad   Thumb Code   110  a31m22x_adc.o(.text)
    HAL_ADC_SetDMA                           0x0000081b   Thumb Code    54  a31m22x_adc.o(.text)
    HAL_ADC_StartSingle                      0x00000851   Thumb Code   120  a31m22x_adc.o(.text)
    HAL_ADC_StartBurst                       0x000008c9   Thumb Code   168  a31m22x_adc.o(.text)
    HAL_ADC_StartSequence                    0x00000971   Thumb Code   206  a31m22x_adc.o(.text)
    HAL_ADC_StartMultiple                    0x00000a3f   Thumb Code   132  a31m22x_adc.o(.text)
    HAL_ADC_Stop                             0x00000ac3   Thumb Code    14  a31m22x_adc.o(.text)
    HAL_ADC_EnterPowerdownMode               0x00000ad1   Thumb Code     6  a31m22x_adc.o(.text)
    HAL_ADC_SelectChannel                    0x00000ad7   Thumb Code    50  a31m22x_adc.o(.text)
    HAL_ADC_SelectChannel1                   0x00000b09   Thumb Code    12  a31m22x_adc.o(.text)
    HAL_ADC_SelectChannel2                   0x00000b15   Thumb Code    12  a31m22x_adc.o(.text)
    HAL_ADC_SelectTriggerTimer               0x00000b21   Thumb Code    50  a31m22x_adc.o(.text)
    HAL_ADC_SelectTriggerMPWM                0x00000b53   Thumb Code    50  a31m22x_adc.o(.text)
    HAL_ADC_GetStatus                        0x00000b85   Thumb Code    14  a31m22x_adc.o(.text)
    HAL_ADC_ClearStatus                      0x00000b93   Thumb Code    12  a31m22x_adc.o(.text)
    HAL_ADC_SetIRQ                           0x00000b9f   Thumb Code    62  a31m22x_adc.o(.text)
    ADC_IRQHandler                           0x00000bdd   Thumb Code   318  a31m22x_adc.o(.text)
    HAL_MPWM_DisablePWMOutput                0x00000d25   Thumb Code    14  a31m22x_mpwm.o(.text)
    HAL_MPWM_Init                            0x00000d33   Thumb Code   106  a31m22x_mpwm.o(.text)
    HAL_MPWM_Deinit                          0x00000d9d   Thumb Code    34  a31m22x_mpwm.o(.text)
    HAL_MPWM_SetIRQConfig                    0x00000dbf   Thumb Code   188  a31m22x_mpwm.o(.text)
    HAL_MPWM_SetPotectionInputConfig         0x00000e7b   Thumb Code    58  a31m22x_mpwm.o(.text)
    HAL_MPWM_SetProtectionOutputConfig       0x00000eb5   Thumb Code     6  a31m22x_mpwm.o(.text)
    HAL_MPWM_SetOverCurrentInputConfig       0x00000ebb   Thumb Code    38  a31m22x_mpwm.o(.text)
    HAL_MPWM_SetOverCurrentOutputConfig      0x00000ee1   Thumb Code     6  a31m22x_mpwm.o(.text)
    HAL_MPWM_SetDeadTimeConfig               0x00000ee7   Thumb Code    56  a31m22x_mpwm.o(.text)
    HAL_MPWM_SetADCTriggerConfig             0x00000f1f   Thumb Code    72  a31m22x_mpwm.o(.text)
    HAL_MPWM_SetIRQinterval                  0x00000f67   Thumb Code    22  a31m22x_mpwm.o(.text)
    HAL_MPWM_ControlPWMOutput                0x00000f7d   Thumb Code   126  a31m22x_mpwm.o(.text)
    HAL_MPWM_SetDisabledOutputLevel          0x00000ffb   Thumb Code   126  a31m22x_mpwm.o(.text)
    HAL_MPWM_SetStartOutputLevel             0x00001079   Thumb Code   122  a31m22x_mpwm.o(.text)
    HAL_MPWM_SetForceOutputLevel             0x000010f3   Thumb Code   152  a31m22x_mpwm.o(.text)
    HAL_MPWM_SetPeriod                       0x0000118b   Thumb Code    18  a31m22x_mpwm.o(.text)
    HAL_MPWM_SetDuty                         0x0000119d   Thumb Code    64  a31m22x_mpwm.o(.text)
    HAL_MPWM_Start                           0x000011dd   Thumb Code    14  a31m22x_mpwm.o(.text)
    HAL_MPWM_Stop                            0x000011eb   Thumb Code    14  a31m22x_mpwm.o(.text)
    HAL_MPWM_Halt                            0x000011f9   Thumb Code    14  a31m22x_mpwm.o(.text)
    HAL_MPWM_Resume                          0x00001207   Thumb Code    14  a31m22x_mpwm.o(.text)
    HAL_MPWM_ReadCount                       0x00001215   Thumb Code    10  a31m22x_mpwm.o(.text)
    HAL_MPWM_ReadStatus                      0x0000121f   Thumb Code    10  a31m22x_mpwm.o(.text)
    HAL_MPWM_ReadProtectionStatus            0x00001229   Thumb Code    10  a31m22x_mpwm.o(.text)
    HAL_MPWM_ReadOverCurrentStatus           0x00001233   Thumb Code    10  a31m22x_mpwm.o(.text)
    HAL_MPWM_EnablePWMOutput                 0x0000123d   Thumb Code    22  a31m22x_mpwm.o(.text)
    MPWMPRT_IRQHandler                       0x00001253   Thumb Code    16  a31m22x_mpwm.o(.text)
    MPWMOV_IRQHandler                        0x00001263   Thumb Code    16  a31m22x_mpwm.o(.text)
    HAL_GPIO_ConfigFunction                  0x0000127d   Thumb Code    46  a31m22x_pcu.o(.text)
    HAL_GPIO_ConfigOutput                    0x000012ab   Thumb Code    22  a31m22x_pcu.o(.text)
    HAL_GPIO_ConfigPullup                    0x000012c1   Thumb Code    22  a31m22x_pcu.o(.text)
    HAL_GPIO_SetDebouncePin                  0x000012d7   Thumb Code    22  a31m22x_pcu.o(.text)
    HAL_GPIO_EXTI_Config                     0x000012ed   Thumb Code    60  a31m22x_pcu.o(.text)
    HAL_GPIO_EXTI_GetStatus                  0x00001329   Thumb Code     4  a31m22x_pcu.o(.text)
    HAL_GPIO_EXTI_ClearPin                   0x0000132d   Thumb Code     4  a31m22x_pcu.o(.text)
    HAL_GPIO_SetPin                          0x00001331   Thumb Code     4  a31m22x_pcu.o(.text)
    HAL_GPIO_ClearPin                        0x00001335   Thumb Code     4  a31m22x_pcu.o(.text)
    HAL_GPIO_ReadPin                         0x00001339   Thumb Code     6  a31m22x_pcu.o(.text)
    HAL_GPIO_WritePin                        0x0000133f   Thumb Code     4  a31m22x_pcu.o(.text)
    HAL_SCU_UpdateMainClock                  0x00001345   Thumb Code   284  a31m22x_scu.o(.text)
    HAL_SCU_SetPLLPrediv                     0x00001461   Thumb Code    50  a31m22x_scu.o(.text)
    HAL_SCU_SetPLLConfig                     0x00001493   Thumb Code   272  a31m22x_scu.o(.text)
    HAL_SCU_EnableClock                      0x000015a3   Thumb Code    56  a31m22x_scu.o(.text)
    HAL_SCU_DisableClock                     0x000015db   Thumb Code    80  a31m22x_scu.o(.text)
    HAL_SCU_EnableClockMonitor               0x0000162b   Thumb Code   148  a31m22x_scu.o(.text)
    HAL_SCU_DisableClockMonitor              0x000016bf   Thumb Code    66  a31m22x_scu.o(.text)
    HAL_SCU_EnableClockOut                   0x00001701   Thumb Code   110  a31m22x_scu.o(.text)
    HAL_SCU_DisableClockOut                  0x0000176f   Thumb Code    14  a31m22x_scu.o(.text)
    HAL_SCU_EnableWakeupSource               0x0000177d   Thumb Code    14  a31m22x_scu.o(.text)
    HAL_SCU_DisableWakeupSource              0x0000178b   Thumb Code    14  a31m22x_scu.o(.text)
    HAL_SCU_EnableResetSource                0x00001799   Thumb Code    14  a31m22x_scu.o(.text)
    HAL_SCU_DisableResetSource               0x000017a7   Thumb Code    14  a31m22x_scu.o(.text)
    HAL_SCU_GetResetReason                   0x000017b5   Thumb Code    14  a31m22x_scu.o(.text)
    HAL_SCU_GetWakeupReason                  0x000017c3   Thumb Code    14  a31m22x_scu.o(.text)
    SYSCLKFAIL_IRQHandler                    0x000017d1   Thumb Code    32  a31m22x_scu.o(.text)
    HSEFAIL_IRQHandler                       0x000017f1   Thumb Code    32  a31m22x_scu.o(.text)
    LSEFAIL_IRQHandler                       0x00001811   Thumb Code    32  a31m22x_scu.o(.text)
    HAL_SPI_Deinit                           0x0000183d   Thumb Code    48  a31m22x_spi.o(.text)
    HAL_SPI_Init                             0x0000186d   Thumb Code   274  a31m22x_spi.o(.text)
    HAL_SPI_SetDelay                         0x0000197f   Thumb Code    24  a31m22x_spi.o(.text)
    HAL_SPI_SSManual                         0x00001997   Thumb Code    34  a31m22x_spi.o(.text)
    HAL_SPI_Transfer                         0x000019b9   Thumb Code   434  a31m22x_spi.o(.text)
    HAL_SPI_SetTransmitDMA                   0x00001b6b   Thumb Code    78  a31m22x_spi.o(.text)
    HAL_SPI_SetReceiveDMA                    0x00001bb9   Thumb Code    74  a31m22x_spi.o(.text)
    SPI_IRQHandler                           0x00001c03   Thumb Code   560  a31m22x_spi.o(.text)
    HAL_TIMER_Deinit                         0x00001e35   Thumb Code    46  a31m22x_timer.o(.text)
    HAL_TIMER_Init                           0x00001e63   Thumb Code   258  a31m22x_timer.o(.text)
    HAL_TIMER_GetStatus                      0x00001f65   Thumb Code    14  a31m22x_timer.o(.text)
    HAL_TIMER_Start                          0x00001f73   Thumb Code    36  a31m22x_timer.o(.text)
    HAL_TIMER_StartPWM                       0x00001f97   Thumb Code    78  a31m22x_timer.o(.text)
    HAL_TIMER_StartCapture                   0x00001fe5   Thumb Code    34  a31m22x_timer.o(.text)
    HAL_TIMER_EnableSynch                    0x00002007   Thumb Code    44  a31m22x_timer.o(.text)
    HAL_TIMER_DisableSynch                   0x00002033   Thumb Code    20  a31m22x_timer.o(.text)
    HAL_TIMER_Stop                           0x00002047   Thumb Code    18  a31m22x_timer.o(.text)
    HAL_TIMER_GetCount                       0x00002059   Thumb Code    14  a31m22x_timer.o(.text)
    HAL_TIMER_ClearCount                     0x00002067   Thumb Code    14  a31m22x_timer.o(.text)
    HAL_TIMER_GetCaptureCount                0x00002075   Thumb Code    22  a31m22x_timer.o(.text)
    HAL_TIMER_SetClock                       0x0000208b   Thumb Code    82  a31m22x_timer.o(.text)
    HAL_TIMER_SetIRQ                         0x000020dd   Thumb Code    84  a31m22x_timer.o(.text)
    TIMER0_IRQHandler                        0x000021cf   Thumb Code     4  a31m22x_timer.o(.text)
    TIMER1_IRQHandler                        0x000021d3   Thumb Code     4  a31m22x_timer.o(.text)
    TIMER2_IRQHandler                        0x000021d7   Thumb Code     4  a31m22x_timer.o(.text)
    TIMER3_IRQHandler                        0x000021db   Thumb Code     4  a31m22x_timer.o(.text)
    HAL_UART_Deinit                          0x00002201   Thumb Code    46  a31m22x_uart.o(.text)
    HAL_UART_Init                            0x0000222f   Thumb Code   376  a31m22x_uart.o(.text)
    HAL_UART_Transmit                        0x000023a7   Thumb Code   154  a31m22x_uart.o(.text)
    HAL_UART_Receive                         0x00002441   Thumb Code   174  a31m22x_uart.o(.text)
    HAL_UART_Abort                           0x000024ef   Thumb Code    44  a31m22x_uart.o(.text)
    HAL_UART_SetTransmitDMA                  0x0000251b   Thumb Code    60  a31m22x_uart.o(.text)
    HAL_UART_SetReceiveDMA                   0x00002557   Thumb Code    60  a31m22x_uart.o(.text)
    HAL_UART_GetBusyStatus                   0x00002593   Thumb Code    24  a31m22x_uart.o(.text)
    HAL_UART_GetLineStatus                   0x000025ab   Thumb Code    18  a31m22x_uart.o(.text)
    HAL_UART_SetIFDelay                      0x000025bd   Thumb Code    12  a31m22x_uart.o(.text)
    HAL_UART_SetIRQ                          0x000025c9   Thumb Code   118  a31m22x_uart.o(.text)
    UART0_IRQHandler                         0x0000275b   Thumb Code     4  a31m22x_uart.o(.text)
    UART1_IRQHandler                         0x0000275f   Thumb Code     4  a31m22x_uart.o(.text)
    WDT_AccessEnable                         0x0000276d   Thumb Code     8  a31m22x_wdt.o(.text)
    WDT_AccessDisable                        0x00002775   Thumb Code     8  a31m22x_wdt.o(.text)
    HAL_WDT_Init                             0x0000277d   Thumb Code    84  a31m22x_wdt.o(.text)
    HAL_WDT_Deinit                           0x000027d1   Thumb Code    24  a31m22x_wdt.o(.text)
    HAL_WDT_Start                            0x000027e9   Thumb Code    20  a31m22x_wdt.o(.text)
    HAL_WDT_Stop                             0x000027fd   Thumb Code    20  a31m22x_wdt.o(.text)
    HAL_WDT_Feed                             0x00002811   Thumb Code    12  a31m22x_wdt.o(.text)
    HAL_WDT_GetCounter                       0x0000281d   Thumb Code    10  a31m22x_wdt.o(.text)
    WDT_IRQHandler                           0x00002827   Thumb Code    14  a31m22x_wdt.o(.text)
    CFMC_CacheCmd                            0x00002855   Thumb Code    28  a31m22x_cfmc.o(.text)
    CFMC_BootBlockCmd                        0x00002871   Thumb Code    22  a31m22x_cfmc.o(.text)
    CFMC_WaitCmd                             0x00002887   Thumb Code    20  a31m22x_cfmc.o(.text)
    CFMC_FlashAccessCmd                      0x0000289b   Thumb Code    28  a31m22x_cfmc.o(.text)
    CFMC_INFOAccessCmd                       0x000028b7   Thumb Code    28  a31m22x_cfmc.o(.text)
    CFMC_FlashPROTCmd                        0x000028d3   Thumb Code    18  a31m22x_cfmc.o(.text)
    CFMC_FlashRPROTCmd                       0x000028e5   Thumb Code    20  a31m22x_cfmc.o(.text)
    CFMC_INFOPROTCmd                         0x000028f9   Thumb Code    18  a31m22x_cfmc.o(.text)
    CFMC_LockCmd                             0x0000290b   Thumb Code    16  a31m22x_cfmc.o(.text)
    CFMC_InterruptCmd                        0x0000291b   Thumb Code    54  a31m22x_cfmc.o(.text)
    CFMC_GetAccessStatus                     0x00002951   Thumb Code     8  a31m22x_cfmc.o(.text)
    CFMC_ClearAccessStatus                   0x00002959   Thumb Code     8  a31m22x_cfmc.o(.text)
    CFMC_FlashChecksumCmd                    0x00002961   Thumb Code    18  a31m22x_cfmc.o(.text)
    CFMC_GetChecksumData                     0x00002973   Thumb Code    10  a31m22x_cfmc.o(.text)
    CFMC_GetChecksumCmd                      0x0000297d   Thumb Code    12  a31m22x_cfmc.o(.text)
    CFMC_ChecksumAddrCmd                     0x00002989   Thumb Code    14  a31m22x_cfmc.o(.text)
    cflash_acc_status_check                  0x00002997   Thumb Code   164  a31m22x_cfmc.o(.text)
    CFMCErase                                0x00002a3b   Thumb Code    44  a31m22x_cfmc.o(.text)
    CFMC_WriteCmd                            0x00002a67   Thumb Code    22  a31m22x_cfmc.o(.text)
    CFMCProgramPage                          0x00002a7d   Thumb Code    96  a31m22x_cfmc.o(.text)
    CFMCVerify                               0x00002add   Thumb Code    40  a31m22x_cfmc.o(.text)
    HAL_SCU_MiscClockConfig                  0x00002b35   Thumb Code   172  a31m22x_initclock.o(.text)
    HAL_SCU_SystemClockChange                0x00002be1   Thumb Code    18  a31m22x_initclock.o(.text)
    HAL_SCU_PLL_ClockConfig                  0x00002bf3   Thumb Code   142  a31m22x_initclock.o(.text)
    HAL_SCU_PLLPREDIVCmd                     0x00002c81   Thumb Code    20  a31m22x_initclock.o(.text)
    HAL_SCU_PLLINCLKCmd                      0x00002c95   Thumb Code    18  a31m22x_initclock.o(.text)
    HAL_SCU_PCLKDIVCmd                       0x00002ca7   Thumb Code    20  a31m22x_initclock.o(.text)
    HAL_SCU_HCLKDIVCmd                       0x00002cbb   Thumb Code    20  a31m22x_initclock.o(.text)
    HAL_SCU_ClockSRCCmd                      0x00002ccf   Thumb Code    32  a31m22x_initclock.o(.text)
    HAL_SCU_ClockMonitoringCmd               0x00002cef   Thumb Code    16  a31m22x_initclock.o(.text)
    HAL_SCU_ClockOutput                      0x00002cff   Thumb Code    22  a31m22x_initclock.o(.text)
    A31M22x_InitClock                        0x00002d15   Thumb Code   210  a31m22x_initclock.o(.text)
    HAL_DMA_Init                             0x00002e05   Thumb Code    64  a31m22x_dma.o(.text)
    HAL_DMA_Deinit                           0x00002e45   Thumb Code    48  a31m22x_dma.o(.text)
    HAL_DMA_Setup                            0x00002e75   Thumb Code    60  a31m22x_dma.o(.text)
    HAL_DMA_Clear                            0x00002eb1   Thumb Code    10  a31m22x_dma.o(.text)
    HAL_DMA_Start                            0x00002ebb   Thumb Code    54  a31m22x_dma.o(.text)
    HAL_DMA_Stop                             0x00002ef1   Thumb Code    18  a31m22x_dma.o(.text)
    main                                     0x00002f15   Thumb Code    58  main.o(.text)
    Reset_Handler                            0x00002f51   Thumb Code     8  a31m22x_startup_arm.o(.text)
    NMI_Handler                              0x00002f59   Thumb Code     2  a31m22x_startup_arm.o(.text)
    HardFault_Handler                        0x00002f5b   Thumb Code     2  a31m22x_startup_arm.o(.text)
    SVC_Handler                              0x00002f5d   Thumb Code     2  a31m22x_startup_arm.o(.text)
    PendSV_Handler                           0x00002f5f   Thumb Code     2  a31m22x_startup_arm.o(.text)
    SysTick_Handler                          0x00002f61   Thumb Code     2  a31m22x_startup_arm.o(.text)
    CFMC_IRQHandler                          0x00002f63   Thumb Code     0  a31m22x_startup_arm.o(.text)
    CMP_IRQHandler                           0x00002f63   Thumb Code     0  a31m22x_startup_arm.o(.text)
    CRC_IRQHandler                           0x00002f63   Thumb Code     0  a31m22x_startup_arm.o(.text)
    FRT_IRQHandler                           0x00002f63   Thumb Code     0  a31m22x_startup_arm.o(.text)
    GPIOA_IRQHandler                         0x00002f63   Thumb Code     0  a31m22x_startup_arm.o(.text)
    GPIOC_IRQHandler                         0x00002f63   Thumb Code     0  a31m22x_startup_arm.o(.text)
    GPIOD_IRQHandler                         0x00002f63   Thumb Code     0  a31m22x_startup_arm.o(.text)
    I2C_IRQHandler                           0x00002f63   Thumb Code     0  a31m22x_startup_arm.o(.text)
    LVI_IRQHandler                           0x00002f63   Thumb Code     0  a31m22x_startup_arm.o(.text)
    MPWMPROT_IRQHandler                      0x00002f63   Thumb Code     0  a31m22x_startup_arm.o(.text)
    MPWM_IRQHandler                          0x00002f63   Thumb Code     0  a31m22x_startup_arm.o(.text)
    SRAM_IRQHandler                          0x00002f63   Thumb Code     0  a31m22x_startup_arm.o(.text)
    __user_initial_stackheap                 0x00002f65   Thumb Code     0  a31m22x_startup_arm.o(.text)
    app_timer_irq_handler                    0x00002f89   Thumb Code    44  user_timer.o(.text)
    USER_TIMER0_Init                         0x00002fb5   Thumb Code    50  user_timer.o(.text)
    get_system_time_ms                       0x00002fe7   Thumb Code     8  user_timer.o(.text)
    user_delay                               0x00002fef   Thumb Code    34  user_timer.o(.text)
    LoadPercentage                           0x0000301d   Thumb Code    46  user_statemachine.o(.text)
    MotorStatusCheck                         0x0000304b   Thumb Code    28  user_statemachine.o(.text)
    EVENT_OCCUR_1_MS                         0x00003067   Thumb Code   150  user_statemachine.o(.text)
    FAULT_EVENT                              0x000030fd   Thumb Code    44  user_statemachine.o(.text)
    InputRegisterData                        0x00003129   Thumb Code   266  user_statemachine.o(.text)
    uart_irq_handler                         0x00003281   Thumb Code    58  modbus_comm.o(.text)
    TransmitData                             0x000032bb   Thumb Code    32  modbus_comm.o(.text)
    CheckTransmitValidData                   0x000032db   Thumb Code   112  modbus_comm.o(.text)
    ModbusRxDataDecode                       0x0000334b   Thumb Code   200  modbus_comm.o(.text)
    DataReceivedValid                        0x00003413   Thumb Code   134  modbus_comm.o(.text)
    ModbusDataValidCheck                     0x00003499   Thumb Code    12  modbus_comm.o(.text)
    ModbusStateMachine                       0x000034a5   Thumb Code   388  modbus_comm.o(.text)
    NodeValid                                0x00003629   Thumb Code     2  modbus_comm.o(.text)
    Modbus_CRC16                             0x0000362b   Thumb Code    46  modbus_comm.o(.text)
    UserRs485init                            0x00003659   Thumb Code   156  modbus_comm.o(.text)
    ReDeModbus                               0x000036f5   Thumb Code    34  modbus_comm.o(.text)
    uart_irq_handler_uart0                   0x00003725   Thumb Code    50  nxp_comm_uart.o(.text)
    ReceiveParameter                         0x00003757   Thumb Code   280  nxp_comm_uart.o(.text)
    calculate_checksum                       0x0000386f   Thumb Code    82  nxp_comm_uart.o(.text)
    TransmitParameter                        0x000038c1   Thumb Code   238  nxp_comm_uart.o(.text)
    MotorUartStatemachine                    0x000039af   Thumb Code   102  nxp_comm_uart.o(.text)
    UserUart0init                            0x00003a15   Thumb Code    74  nxp_comm_uart.o(.text)
    Set_duty_period_Analog_PWM               0x00003a79   Thumb Code     2  analog_pwm_output.o(.text)
    ANALOG_PWM_INIT                          0x00003a7b   Thumb Code    52  analog_pwm_output.o(.text)
    DIGITAL_PWM                              0x00003ab9   Thumb Code    28  digital_pwm_output.o(.text)
    MY_HANDLER                               0x00003ad5   Thumb Code     2  digital_pwm_output.o(.text)
    DIGITAL_PWM_INIT                         0x00003ad7   Thumb Code    64  digital_pwm_output.o(.text)
    HOLDING_REG_AND_INPUT_REG_DATA           0x00003b25   Thumb Code   594  modbus_holding_register.o(.text)
    DUMMBY_DATA                              0x00003d77   Thumb Code    32  modbus_holding_register.o(.text)
    HourCounterInit                          0x00003dc5   Thumb Code    40  application_input_register.o(.text)
    HourCounterCheck                         0x00003ded   Thumb Code   106  application_input_register.o(.text)
    FlashHourSetting                         0x00003e57   Thumb Code    76  application_input_register.o(.text)
    SystemHourStatus                         0x00003ea3   Thumb Code   176  application_input_register.o(.text)
    Power_Filter                             0x00003f53   Thumb Code    30  application_input_register.o(.text)
    Current_Filt                             0x00003f71   Thumb Code    24  application_input_register.o(.text)
    SET_SPEED_MODBUS_SIGNAL_LOSS_MODE        0x00003fa1   Thumb Code     6  application_holding_register.o(.text)
    MAXIMUM_SPEED                            0x00003fa7   Thumb Code     6  application_holding_register.o(.text)
    MINIMUM_SPEED                            0x00003fad   Thumb Code     6  application_holding_register.o(.text)
    FAN_ROTATION                             0x00003fb3   Thumb Code    18  application_holding_register.o(.text)
    SWITCHING_FREQUENCY                      0x00003fc5   Thumb Code    10  application_holding_register.o(.text)
    SET_INTERNAL_RPM_1                       0x00003fcf   Thumb Code     6  application_holding_register.o(.text)
    SET_INTERNAL_RPM_2                       0x00003fd5   Thumb Code     6  application_holding_register.o(.text)
    SET_INTERNAL_RPM_3                       0x00003fdb   Thumb Code     6  application_holding_register.o(.text)
    ContorlBitSystem                         0x00003fe1   Thumb Code    92  application_holding_register.o(.text)
    LED_MODE_INDICATION                      0x0000403d   Thumb Code    20  application_holding_register.o(.text)
    FailSafeControl                          0x00004051   Thumb Code    68  application_holding_register.o(.text)
    NodeAddresInit                           0x00004095   Thumb Code    44  application_holding_register.o(.text)
    DI1_SWITCH_RPM_ENABLE                    0x000040e9   Thumb Code     8  di1_status.o(.text)
    FIRE_STATUS                              0x000040f1   Thumb Code    46  di1_status.o(.text)
    DI2_ENABLE                               0x0000411f   Thumb Code    72  di1_status.o(.text)
    DI1_ENABLE                               0x00004167   Thumb Code    90  di1_status.o(.text)
    DI1_MOTOR_STATUS                         0x000041c1   Thumb Code    12  di1_status.o(.text)
    MODE_SELECTION                           0x000041cd   Thumb Code   260  di1_status.o(.text)
    Volts_10                                 0x000042f5   Thumb Code    22  ai1_sensor_status.o(.text)
    ANALOG_CONTROL_MODE                      0x0000430b   Thumb Code   258  ai1_sensor_status.o(.text)
    ANALOG_CONTORL_RPM_ENABLE                0x0000440d   Thumb Code    62  ai1_sensor_status.o(.text)
    PID_SENSOR_EVENT_OCCURANCE               0x0000446d   Thumb Code    90  pid_sensor_status.o(.text)
    SET_TARGET_RPM_FROM_MODBUS               0x00004559   Thumb Code    72  modbus_status.o(.text)
    READ_RPM_SET_STATUS                      0x000045a1   Thumb Code    36  modbus_status.o(.text)
    MODBUS_EVENT_OCCURANCE                   0x000045c5   Thumb Code   122  modbus_status.o(.text)
    ControlModeOperation                     0x0000463f   Thumb Code    36  modbus_status.o(.text)
    CONTROL_MODE_SELECT                      0x00004663   Thumb Code    76  modbus_status.o(.text)
    SET_TARGET_SPEED_TO_MOTOR                0x000046af   Thumb Code    10  modbus_status.o(.text)
    FaultRecieve                             0x000046d1   Thumb Code   230  fault_status.o(.text)
    FaultDetection                           0x000047b7   Thumb Code   310  fault_status.o(.text)
    FaultRecovery                            0x000048ed   Thumb Code   348  fault_status.o(.text)
    SEND_RECOVERY_FAULT_STATUS               0x00004a49   Thumb Code     2  fault_status.o(.text)
    FaultIndication                          0x00004a4b   Thumb Code    68  fault_status.o(.text)
    Data_write_to_flash                      0x00004af1   Thumb Code    72  flash_writing.o(.text)
    FlashWriting                             0x00004b39   Thumb Code   378  flash_writing.o(.text)
    Read_Flash_U32                           0x00004cb3   Thumb Code     4  flash_writing.o(.text)
    RelayControl                             0x00004cd1   Thumb Code    28  relay_status.o(.text)
    K1FunctionSetting                        0x00004ced   Thumb Code    50  relay_status.o(.text)
    RelayOperation                           0x00004d1f   Thumb Code    74  relay_status.o(.text)
    AmbientTemperature                       0x00004d79   Thumb Code    12  suppression_setting.o(.text)
    IPMTemperatureDegrating                  0x00004d85   Thumb Code   206  suppression_setting.o(.text)
    WindingTemperatureDegrating              0x00004e53   Thumb Code   206  suppression_setting.o(.text)
    DC_Filter                                0x00004f21   Thumb Code    26  suppression_setting.o(.text)
    VoltageDegrating                         0x00004f3b   Thumb Code   226  suppression_setting.o(.text)
    LowerVoltageDegrating                    0x0000501d   Thumb Code   222  suppression_setting.o(.text)
    CurrentDegrating                         0x000050fb   Thumb Code   264  suppression_setting.o(.text)
    OverPowerDegrating                       0x00005203   Thumb Code   206  suppression_setting.o(.text)
    UpperAmbientTemperatureDegrating         0x000052d1   Thumb Code   222  suppression_setting.o(.text)
    LowerAmbientTemperatureDegrating         0x000053af   Thumb Code   172  suppression_setting.o(.text)
    SuppressionSelection                     0x0000545b   Thumb Code   306  suppression_setting.o(.text)
    Suppression                              0x0000558d   Thumb Code    92  suppression_setting.o(.text)
    __aeabi_uldivmod                         0x000055e9   Thumb Code   258  lludiv.o(.text)
    _ll_udiv                                 0x000055e9   Thumb Code     0  lludiv.o(.text)
    _memset_w                                0x000056eb   Thumb Code    26  rt_memclr.o(.text)
    _memset                                  0x00005705   Thumb Code    30  rt_memclr.o(.text)
    __aeabi_memclr                           0x00005723   Thumb Code     4  rt_memclr.o(.text)
    __rt_memclr                              0x00005723   Thumb Code     0  rt_memclr.o(.text)
    __aeabi_memclr4                          0x00005727   Thumb Code     0  rt_memclr.o(.text)
    __aeabi_memclr8                          0x00005727   Thumb Code     0  rt_memclr.o(.text)
    __rt_memclr_w                            0x00005727   Thumb Code     4  rt_memclr.o(.text)
    __aeabi_uidiv                            0x0000572b   Thumb Code     0  aeabi_sdivfast.o(.text)
    __aeabi_uidivmod                         0x0000572b   Thumb Code    28  aeabi_sdivfast.o(.text)
    __aeabi_idiv                             0x00005747   Thumb Code     0  aeabi_sdivfast.o(.text)
    __aeabi_idivmod                          0x00005747   Thumb Code   460  aeabi_sdivfast.o(.text)
    __use_two_region_memory                  0x00005913   Thumb Code     2  heapauxi.o(.text)
    __rt_heap_escrow$2region                 0x00005915   Thumb Code     2  heapauxi.o(.text)
    __rt_heap_expand$2region                 0x00005917   Thumb Code     2  heapauxi.o(.text)
    __aeabi_fdiv                             0x00005919   Thumb Code     0  fdiv.o(.text)
    _fdiv                                    0x00005919   Thumb Code   334  fdiv.o(.text)
    _frdiv                                   0x00005a67   Thumb Code     8  fdiv.o(.text)
    __aeabi_f2iz                             0x00005a79   Thumb Code     0  ffixi.o(.text)
    _ffix                                    0x00005a79   Thumb Code    76  ffixi.o(.text)
    __aeabi_f2uiz                            0x00005ac5   Thumb Code     0  ffixui.o(.text)
    _ffixu                                   0x00005ac5   Thumb Code    48  ffixui.o(.text)
    __aeabi_i2f_normalise                    0x00005af5   Thumb Code    72  fflti.o(.text)
    __aeabi_i2f                              0x00005b3d   Thumb Code    16  fflti.o(.text)
    _fflt                                    0x00005b3d   Thumb Code     0  fflti.o(.text)
    __aeabi_ui2f                             0x00005b4d   Thumb Code     6  fflti.o(.text)
    _ffltu                                   0x00005b4d   Thumb Code     0  fflti.o(.text)
    __user_setup_stackheap                   0x00005b53   Thumb Code    62  sys_stackheap_outer.o(.text)
    exit                                     0x00005b91   Thumb Code    16  exit.o(.text)
    __user_libspace                          0x00005ba1   Thumb Code     8  libspace.o(.text)
    __user_perproc_libspace                  0x00005ba1   Thumb Code     0  libspace.o(.text)
    __user_perthread_libspace                0x00005ba1   Thumb Code     0  libspace.o(.text)
    _sys_exit                                0x00005ba9   Thumb Code     8  sys_exit.o(.text)
    __I$use$semihosting                      0x00005bb5   Thumb Code     0  use_no_semi.o(.text)
    __use_no_semihosting_swi                 0x00005bb5   Thumb Code     2  use_no_semi.o(.text)
    __decompress                             0x00005bb7   Thumb Code     0  __dczerorl2.o(.text)
    __decompress1                            0x00005bb7   Thumb Code    86  __dczerorl2.o(.text)
    __semihosting_library_function           0x00005bb7   Thumb Code     0  indicate_semi.o(.text)
    __ARM_common_ll_muluu                    0x00005c0d   Thumb Code    50  a31m22x_scu.o(i.__ARM_common_ll_muluu)
    __aeabi_fadd                             0x00005c41   Thumb Code     0  faddsub.o(x$fpl$fadd)
    _fadd                                    0x00005c41   Thumb Code   134  faddsub.o(x$fpl$fadd)
    __aeabi_fmul                             0x00005ccd   Thumb Code     0  fmul.o(x$fpl$fmul)
    _fmul                                    0x00005ccd   Thumb Code   172  fmul.o(x$fpl$fmul)
    __aeabi_fsub                             0x00005d7d   Thumb Code     0  faddsub.o(x$fpl$fsub)
    _fsub                                    0x00005d7d   Thumb Code   204  faddsub.o(x$fpl$fsub)
    __I$use$fp                               0x00005e4c   Number         0  usenofp.o(x$fpl$usenofp)
    Region$$Table$$Base                      0x00005e98   Number         0  anon$$obj.o(Region$$Table)
    Region$$Table$$Limit                     0x00005eb8   Number         0  anon$$obj.o(Region$$Table)
    Holding_Reg_Default_Start_Addr           0x0000f000   Data         656  default_values.o(.ARM.__AT_0x0000F000)
    Holding_Reg_Max_Start_Addr               0x0000f400   Data         652  default_values.o(.ARM.__AT_0x0000F400)
    Holding_Reg_Min_Start_Addr               0x0000f800   Data         656  default_values.o(.ARM.__AT_0x0000F800)
    Input_Reg_Max_Start_Addr                 0x0000fc00   Data         212  default_values.o(.ARM.__AT_0x0000FC00)
    Input_Reg_Min_Start_Addr                 0x0000fe00   Data         212  default_values.o(.ARM.__AT_0x0000FE00)
    DRIVESTATEMACHINE                        0x20000000   Data           1  bharat_bijleee.o(.data)
    Wait_flash_control_counter               0x20000004   Data           4  bharat_bijleee.o(.data)
    g_read_NodeAddress                       0x20000008   Data           4  bharat_bijleee.o(.data)
    SystemMainClock                          0x2000000c   Data           4  a31m22x_system.o(.data)
    SystemCoreClock                          0x20000010   Data           4  a31m22x_system.o(.data)
    SystemPeriClock                          0x20000014   Data           4  a31m22x_system.o(.data)
    SystemDelayCount                         0x20000018   Data           4  a31m22x_system.o(.data)
    reg_val                                  0x2000001c   Data           4  a31m22x_system.o(.data)
    g_Tx_count_check                         0x20000020   Data           2  a31m22x_uart.o(.data)
    ms_elapsed                               0x20000028   Data           1  user_timer.o(.data)
    sys_counter                              0x20000030   Data           8  user_timer.o(.data)
    g_Power                                  0x20000038   Data           2  user_statemachine.o(.data)
    g_Total_Load                             0x2000003a   Data           2  user_statemachine.o(.data)
    Motor_status                             0x2000003c   Data           2  user_statemachine.o(.data)
    SYSTEM_DRIVE_EVENT                       0x2000003e   Data           2  user_statemachine.o(.data)
    g_Load_percentage                        0x20000040   Data           2  user_statemachine.o(.data)
    g_ambienttemperature                     0x20000042   Data           2  user_statemachine.o(.data)
    g_Fault_Clear_Check                      0x20000044   Data           2  user_statemachine.o(.data)
    g_Load_per                               0x20000048   Data           4  user_statemachine.o(.data)
    g_IPM_Temp                               0x2000004c   Data           4  user_statemachine.o(.data)
    g_data_rx                                0x20000050   Data           1  modbus_comm.o(.data)
    Modbus_state                             0x20000051   Data           1  modbus_comm.o(.data)
    MODBUS_FAULT_OCCUR                       0x20000052   Data           1  modbus_comm.o(.data)
    g_Recieve_Flag                           0x20000054   Data           2  modbus_comm.o(.data)
    g_Uart_idle_line_counter                 0x20000056   Data           2  modbus_comm.o(.data)
    g_Rx_rec_len                             0x20000058   Data           2  modbus_comm.o(.data)
    modbus_fault_counter                     0x2000005a   Data           2  modbus_comm.o(.data)
    g_tramit_counter_1                       0x2000005c   Data           4  modbus_comm.o(.data)
    Motor_Uart                               0x20000060   Data           1  nxp_comm_uart.o(.data)
    g_Index_Parameter_counter                0x20000061   Data           1  nxp_comm_uart.o(.data)
    g_Transmit_Complete                      0x20000062   Data           2  nxp_comm_uart.o(.data)
    g_Transmit_Timer                         0x20000064   Data           2  nxp_comm_uart.o(.data)
    g_Idle_line_counter                      0x20000066   Data           2  nxp_comm_uart.o(.data)
    duty                                     0x20000068   Data           2  digital_pwm_output.o(.data)
    period                                   0x2000006a   Data           2  digital_pwm_output.o(.data)
    g_Holding_Crc_Data_Size                  0x2000006c   Data           2  modbus_holding_register.o(.data)
    g_Holding_Calculate_Crc_Txn              0x2000006e   Data           2  modbus_holding_register.o(.data)
    g_Calculate_Crc                          0x20000070   Data           2  modbus_holding_register.o(.data)
    INPUT_CRC_DATA_SIZE                      0x20000072   Data           2  modbus_holding_register.o(.data)
    INPUT_CALCULATE_CRC_TXN                  0x20000074   Data           2  modbus_holding_register.o(.data)
    TX_DATA_LEN                              0x20000076   Data           2  modbus_holding_register.o(.data)
    flash_Hourflag                           0x20000078   Data           1  application_input_register.o(.data)
    g_Power_Filt                             0x2000007a   Data           2  application_input_register.o(.data)
    g_currentFilt                            0x2000007c   Data           2  application_input_register.o(.data)
    g_Power_factor                           0x20000080   Data           4  application_input_register.o(.data)
    g_Current_factor                         0x20000084   Data           4  application_input_register.o(.data)
    g_milliseconscounter                     0x20000088   Data           8  application_input_register.o(.data)
    g_secondcounter                          0x20000090   Data           8  application_input_register.o(.data)
    g_runhourcounter                         0x20000098   Data           8  application_input_register.o(.data)
    g_powerrunhourcounter                    0x200000a0   Data           8  application_input_register.o(.data)
    g_runhourcountercur                      0x200000a8   Data           8  application_input_register.o(.data)
    g_powerrunhourcountercurr                0x200000b0   Data           8  application_input_register.o(.data)
    run_hours_flash                          0x200000b8   Data           8  application_input_register.o(.data)
    power_on_hours_flash                     0x200000c0   Data           8  application_input_register.o(.data)
    g_BYPASS_TMP_IGBT                        0x200000c8   Data           1  application_holding_register.o(.data)
    g_BYPASS_TMP_WINDING                     0x200000c9   Data           1  application_holding_register.o(.data)
    g_Nodeaddress_Read                       0x200000cc   Data           4  application_holding_register.o(.data)
    controlmode                              0x200000d0   Data           6  application_holding_register.o(.data)
    vdcfilt                                  0x200000d8   Data           8  application_holding_register.o(.data)
    DI1_STATUS_CHECK                         0x200000e0   Data           1  di1_status.o(.data)
    DI2_STATUS_CHECK                         0x200000e1   Data           1  di1_status.o(.data)
    DI2_STATUS_ENABLE                        0x200000e2   Data           1  di1_status.o(.data)
    DI1_counter                              0x200000e4   Data           2  di1_status.o(.data)
    DI2_counter                              0x200000e6   Data           2  di1_status.o(.data)
    g_AI1_Volts_Value                        0x200000e8   Data           2  ai1_sensor_status.o(.data)
    g_Pot_voltage_filt_Percentage            0x200000ea   Data           2  ai1_sensor_status.o(.data)
    g_Fail_safe_status                       0x200000ec   Data           2  ai1_sensor_status.o(.data)
    g_AI1_MIN_temp                           0x200000ee   Data           2  ai1_sensor_status.o(.data)
    g_AI1_MAX_temp                           0x200000f0   Data           2  ai1_sensor_status.o(.data)
    g_AI1_Calculated_RPM                     0x200000f2   Data           2  ai1_sensor_status.o(.data)
    g_AI1_MIN_SPEED                          0x200000f4   Data           2  ai1_sensor_status.o(.data)
    g_AI1_MAX_SPEED                          0x200000f6   Data           2  ai1_sensor_status.o(.data)
    g_analog_temp                            0x200000f8   Data           2  ai1_sensor_status.o(.data)
    g_AI1_MIN_temp_percent                   0x200000fa   Data           2  ai1_sensor_status.o(.data)
    g_AI1_MAX_temp_percent                   0x200000fc   Data           2  ai1_sensor_status.o(.data)
    g_Ai1MinimumRunningSpeed                 0x200000fe   Data           2  ai1_sensor_status.o(.data)
    g_Analog_input_10Volt                    0x20000100   Data           2  ai1_sensor_status.o(.data)
    g_Pot_voltage_filt                       0x20000102   Data           2  ai1_sensor_status.o(.data)
    g_SLOPE                                  0x20000108   Data           4  ai1_sensor_status.o(.data)
    g_INTERCEPT                              0x2000010c   Data           4  ai1_sensor_status.o(.data)
    g_AI1_Calculated_RPM_Temp                0x20000110   Data           4  ai1_sensor_status.o(.data)
    PID_Calculated_RPM                       0x20000114   Data           2  pid_sensor_status.o(.data)
    Analog_input_20Curr                      0x20000116   Data           2  pid_sensor_status.o(.data)
    Pid_sensor_rpm                           0x20000118   Data           2  pid_sensor_status.o(.data)
    Analog_4_20_ma_factor                    0x2000011a   Data           2  pid_sensor_status.o(.data)
    Analog_4_20_ma_filt                      0x2000011c   Data           2  pid_sensor_status.o(.data)
    motor_comm_mode                          0x2000011e   Data           1  modbus_status.o(.data)
    Control_mode                             0x20000120   Data           2  modbus_status.o(.data)
    g_target_Speed                           0x20000122   Data           2  modbus_status.o(.data)
    g_Fault_Clear                            0x20000124   Data           2  fault_status.o(.data)
    g_roto_counter                           0x20000126   Data           2  fault_status.o(.data)
    g_CurrentFault                           0x20000128   Data           2  fault_status.o(.data)
    g_PerviousFault                          0x2000012a   Data           2  fault_status.o(.data)
    Fault                                    0x2000012c   Data           2  fault_status.o(.data)
    g_previous_rotolock                      0x2000012e   Data           2  fault_status.o(.data)
    g_Retry_flag                             0x20000130   Data           2  fault_status.o(.data)
    Fault_count                              0x20000132   Data           2  fault_status.o(.data)
    g_index                                  0x20000134   Data           2  fault_status.o(.data)
    g_arr                                    0x20000136   Data           8  fault_status.o(.data)
    FLASHSTATE                               0x20000140   Data           1  flash_writing.o(.data)
    g_Default_Write                          0x20000142   Data           2  flash_writing.o(.data)
    Total_Size_Holding_Reg                   0x20000144   Data           2  flash_writing.o(.data)
    g_Flash_Write                            0x20000146   Data           2  flash_writing.o(.data)
    g_Actal_value_status                     0x20000148   Data           2  flash_writing.o(.data)
    save_Parameter_Counter                   0x2000014c   Data           4  flash_writing.o(.data)
    g_Actal_read                             0x20000150   Data           4  flash_writing.o(.data)
    g_Degrating_Target_Rpm                   0x20000154   Data           2  suppression_setting.o(.data)
    data_logger                              0x20000254   Data         776  modbus_comm.o(.bss)
    MODBUS_INPUT_REGISTERS                   0x2000055c   Data         318  modbus_comm.o(.bss)
    MODBUS_HOLDING_REGISTERS                 0x2000069a   Data         978  modbus_comm.o(.bss)
    Modbus_Decode_Data                       0x20000a6c   Data        1044  modbus_comm.o(.bss)
    uart_comm                                0x20000e80   Data          18  nxp_comm_uart.o(.bss)
    modbus_parameter                         0x20000e92   Data          42  nxp_comm_uart.o(.bss)
    delay_counter                            0x20000ebc   Data          80  fault_status.o(.bss)
    Actual_Vaule                             0x20000f0c   Data         400  flash_writing.o(.bss)
    SuppressionSet                           0x2000109c   Data           9  suppression_setting.o(.bss)
    degrating                                0x200010a8   Data         192  suppression_setting.o(.bss)
    __libspace_start                         0x20001168   Data          96  libspace.o(.bss)
    __temporary_stack_top$libspace           0x200011c8   Data           0  libspace.o(.bss)



==============================================================================

Memory Map of the image

  Image Entry point : 0x000000a9

  Load Region LR_IROM1 (Base: 0x00000000, Size: 0x0001002c, Max: 0x00010000, ABSOLUTE, COMPRESSED[0x0000feec])

    Execution Region ER_IROM1 (Exec base: 0x00000000, Load base: 0x00000000, Size: 0x0000fed4, Max: 0x00010000, ABSOLUTE)

    Exec Addr    Load Addr    Size         Type   Attr      Idx    E Section Name        Object

    0x00000000   0x00000000   0x000000a8   Data   RO          553    RESET               a31m22x_startup_arm.o
    0x000000a8   0x000000a8   0x00000008   Code   RO         1032  * !!!main             c_p.l(__main.o)
    0x000000b0   0x000000b0   0x0000003c   Code   RO         1227    !!!scatter          c_p.l(__scatter.o)
    0x000000ec   0x000000ec   0x0000001c   Code   RO         1229    !!handler_zi        c_p.l(__scatter_zi.o)
    0x00000108   0x00000108   0x00000002   Code   RO         1092    .ARM.Collect$$libinit$$00000000  c_p.l(libinit.o)
    0x0000010a   0x0000010a   0x00000000   Code   RO         1106    .ARM.Collect$$libinit$$00000002  c_p.l(libinit2.o)
    0x0000010a   0x0000010a   0x00000000   Code   RO         1108    .ARM.Collect$$libinit$$00000004  c_p.l(libinit2.o)
    0x0000010a   0x0000010a   0x00000000   Code   RO         1111    .ARM.Collect$$libinit$$0000000A  c_p.l(libinit2.o)
    0x0000010a   0x0000010a   0x00000000   Code   RO         1113    .ARM.Collect$$libinit$$0000000C  c_p.l(libinit2.o)
    0x0000010a   0x0000010a   0x00000000   Code   RO         1115    .ARM.Collect$$libinit$$0000000E  c_p.l(libinit2.o)
    0x0000010a   0x0000010a   0x00000000   Code   RO         1118    .ARM.Collect$$libinit$$00000011  c_p.l(libinit2.o)
    0x0000010a   0x0000010a   0x00000000   Code   RO         1120    .ARM.Collect$$libinit$$00000013  c_p.l(libinit2.o)
    0x0000010a   0x0000010a   0x00000000   Code   RO         1122    .ARM.Collect$$libinit$$00000015  c_p.l(libinit2.o)
    0x0000010a   0x0000010a   0x00000000   Code   RO         1124    .ARM.Collect$$libinit$$00000017  c_p.l(libinit2.o)
    0x0000010a   0x0000010a   0x00000000   Code   RO         1126    .ARM.Collect$$libinit$$00000019  c_p.l(libinit2.o)
    0x0000010a   0x0000010a   0x00000000   Code   RO         1128    .ARM.Collect$$libinit$$0000001B  c_p.l(libinit2.o)
    0x0000010a   0x0000010a   0x00000000   Code   RO         1130    .ARM.Collect$$libinit$$0000001D  c_p.l(libinit2.o)
    0x0000010a   0x0000010a   0x00000000   Code   RO         1132    .ARM.Collect$$libinit$$0000001F  c_p.l(libinit2.o)
    0x0000010a   0x0000010a   0x00000000   Code   RO         1134    .ARM.Collect$$libinit$$00000021  c_p.l(libinit2.o)
    0x0000010a   0x0000010a   0x00000000   Code   RO         1136    .ARM.Collect$$libinit$$00000023  c_p.l(libinit2.o)
    0x0000010a   0x0000010a   0x00000000   Code   RO         1138    .ARM.Collect$$libinit$$00000025  c_p.l(libinit2.o)
    0x0000010a   0x0000010a   0x00000000   Code   RO         1142    .ARM.Collect$$libinit$$0000002C  c_p.l(libinit2.o)
    0x0000010a   0x0000010a   0x00000000   Code   RO         1144    .ARM.Collect$$libinit$$0000002E  c_p.l(libinit2.o)
    0x0000010a   0x0000010a   0x00000000   Code   RO         1146    .ARM.Collect$$libinit$$00000030  c_p.l(libinit2.o)
    0x0000010a   0x0000010a   0x00000000   Code   RO         1148    .ARM.Collect$$libinit$$00000032  c_p.l(libinit2.o)
    0x0000010a   0x0000010a   0x00000002   Code   RO         1149    .ARM.Collect$$libinit$$00000033  c_p.l(libinit2.o)
    0x0000010c   0x0000010c   0x00000002   Code   RO         1180    .ARM.Collect$$libshutdown$$00000000  c_p.l(libshutdown.o)
    0x0000010e   0x0000010e   0x00000000   Code   RO         1206    .ARM.Collect$$libshutdown$$00000002  c_p.l(libshutdown2.o)
    0x0000010e   0x0000010e   0x00000000   Code   RO         1208    .ARM.Collect$$libshutdown$$00000004  c_p.l(libshutdown2.o)
    0x0000010e   0x0000010e   0x00000000   Code   RO         1210    .ARM.Collect$$libshutdown$$00000006  c_p.l(libshutdown2.o)
    0x0000010e   0x0000010e   0x00000000   Code   RO         1213    .ARM.Collect$$libshutdown$$00000009  c_p.l(libshutdown2.o)
    0x0000010e   0x0000010e   0x00000000   Code   RO         1216    .ARM.Collect$$libshutdown$$0000000C  c_p.l(libshutdown2.o)
    0x0000010e   0x0000010e   0x00000000   Code   RO         1218    .ARM.Collect$$libshutdown$$0000000E  c_p.l(libshutdown2.o)
    0x0000010e   0x0000010e   0x00000000   Code   RO         1221    .ARM.Collect$$libshutdown$$00000011  c_p.l(libshutdown2.o)
    0x0000010e   0x0000010e   0x00000002   Code   RO         1222    .ARM.Collect$$libshutdown$$00000012  c_p.l(libshutdown2.o)
    0x00000110   0x00000110   0x00000000   Code   RO         1051    .ARM.Collect$$rtentry$$00000000  c_p.l(__rtentry.o)
    0x00000110   0x00000110   0x00000000   Code   RO         1062    .ARM.Collect$$rtentry$$00000002  c_p.l(__rtentry2.o)
    0x00000110   0x00000110   0x00000006   Code   RO         1074    .ARM.Collect$$rtentry$$00000004  c_p.l(__rtentry4.o)
    0x00000116   0x00000116   0x00000000   Code   RO         1064    .ARM.Collect$$rtentry$$00000009  c_p.l(__rtentry2.o)
    0x00000116   0x00000116   0x00000004   Code   RO         1065    .ARM.Collect$$rtentry$$0000000A  c_p.l(__rtentry2.o)
    0x0000011a   0x0000011a   0x00000000   Code   RO         1067    .ARM.Collect$$rtentry$$0000000C  c_p.l(__rtentry2.o)
    0x0000011a   0x0000011a   0x00000008   Code   RO         1068    .ARM.Collect$$rtentry$$0000000D  c_p.l(__rtentry2.o)
    0x00000122   0x00000122   0x00000002   Code   RO         1097    .ARM.Collect$$rtexit$$00000000  c_p.l(rtexit.o)
    0x00000124   0x00000124   0x00000000   Code   RO         1153    .ARM.Collect$$rtexit$$00000002  c_p.l(rtexit2.o)
    0x00000124   0x00000124   0x00000004   Code   RO         1154    .ARM.Collect$$rtexit$$00000003  c_p.l(rtexit2.o)
    0x00000128   0x00000128   0x00000006   Code   RO         1155    .ARM.Collect$$rtexit$$00000004  c_p.l(rtexit2.o)
    0x0000012e   0x0000012e   0x00000002   PAD
    0x00000130   0x00000130   0x000002cc   Code   RO            1    .text               motordriverlayer_a31m22x.o
    0x000003fc   0x000003fc   0x00000128   Code   RO          127    .text               bharat_bijleee.o
    0x00000524   0x00000524   0x00000094   Code   RO          217    .text               a31m22x_system.o
    0x000005b8   0x000005b8   0x0000076c   Code   RO          256    .text               a31m22x_adc.o
    0x00000d24   0x00000d24   0x00000558   Code   RO          291    .text               a31m22x_mpwm.o
    0x0000127c   0x0000127c   0x000000c6   Code   RO          318    .text               a31m22x_pcu.o
    0x00001342   0x00001342   0x00000002   PAD
    0x00001344   0x00001344   0x000004f8   Code   RO          339    .text               a31m22x_scu.o
    0x0000183c   0x0000183c   0x000005f6   Code   RO          356    .text               a31m22x_spi.o
    0x00001e32   0x00001e32   0x00000002   PAD
    0x00001e34   0x00001e34   0x000003cc   Code   RO          384    .text               a31m22x_timer.o
    0x00002200   0x00002200   0x0000056c   Code   RO          402    .text               a31m22x_uart.o
    0x0000276c   0x0000276c   0x000000e8   Code   RO          424    .text               a31m22x_wdt.o
    0x00002854   0x00002854   0x000002e0   Code   RO          441    .text               a31m22x_cfmc.o
    0x00002b34   0x00002b34   0x000002d0   Code   RO          473    .text               a31m22x_initclock.o
    0x00002e04   0x00002e04   0x00000110   Code   RO          510    .text               a31m22x_dma.o
    0x00002f14   0x00002f14   0x0000003a   Code   RO          524    .text               main.o
    0x00002f4e   0x00002f4e   0x00000002   PAD
    0x00002f50   0x00002f50   0x00000038   Code   RO          554    .text               a31m22x_startup_arm.o
    0x00002f88   0x00002f88   0x00000094   Code   RO          559    .text               user_timer.o
    0x0000301c   0x0000301c   0x00000264   Code   RO          579    .text               user_statemachine.o
    0x00003280   0x00003280   0x000004a4   Code   RO          659    .text               modbus_comm.o
    0x00003724   0x00003724   0x00000354   Code   RO          691    .text               nxp_comm_uart.o
    0x00003a78   0x00003a78   0x00000040   Code   RO          717    .text               analog_pwm_output.o
    0x00003ab8   0x00003ab8   0x0000006c   Code   RO          732    .text               digital_pwm_output.o
    0x00003b24   0x00003b24   0x000002a0   Code   RO          750    .text               modbus_holding_register.o
    0x00003dc4   0x00003dc4   0x000001dc   Code   RO          777    .text               application_input_register.o
    0x00003fa0   0x00003fa0   0x00000148   Code   RO          796    .text               application_holding_register.o
    0x000040e8   0x000040e8   0x0000020c   Code   RO          827    .text               di1_status.o
    0x000042f4   0x000042f4   0x00000178   Code   RO          844    .text               ai1_sensor_status.o
    0x0000446c   0x0000446c   0x000000ec   Code   RO          868    .text               pid_sensor_status.o
    0x00004558   0x00004558   0x00000178   Code   RO          890    .text               modbus_status.o
    0x000046d0   0x000046d0   0x00000420   Code   RO          909    .text               fault_status.o
    0x00004af0   0x00004af0   0x000001e0   Code   RO          951    .text               flash_writing.o
    0x00004cd0   0x00004cd0   0x000000a8   Code   RO          987    .text               relay_status.o
    0x00004d78   0x00004d78   0x00000870   Code   RO         1000    .text               suppression_setting.o
    0x000055e8   0x000055e8   0x00000102   Code   RO         1022    .text               c_p.l(lludiv.o)
    0x000056ea   0x000056ea   0x00000040   Code   RO         1024    .text               c_p.l(rt_memclr.o)
    0x0000572a   0x0000572a   0x000001e8   Code   RO         1026    .text               c_p.l(aeabi_sdivfast.o)
    0x00005912   0x00005912   0x00000006   Code   RO         1030    .text               c_p.l(heapauxi.o)
    0x00005918   0x00005918   0x00000160   Code   RO         1040    .text               fz_ps.l(fdiv.o)
    0x00005a78   0x00005a78   0x0000004c   Code   RO         1043    .text               fz_ps.l(ffixi.o)
    0x00005ac4   0x00005ac4   0x00000030   Code   RO         1045    .text               fz_ps.l(ffixui.o)
    0x00005af4   0x00005af4   0x0000005e   Code   RO         1047    .text               fz_ps.l(fflti.o)
    0x00005b52   0x00005b52   0x0000003e   Code   RO         1078    .text               c_p.l(sys_stackheap_outer.o)
    0x00005b90   0x00005b90   0x00000010   Code   RO         1081    .text               c_p.l(exit.o)
    0x00005ba0   0x00005ba0   0x00000008   Code   RO         1093    .text               c_p.l(libspace.o)
    0x00005ba8   0x00005ba8   0x0000000c   Code   RO         1150    .text               c_p.l(sys_exit.o)
    0x00005bb4   0x00005bb4   0x00000002   Code   RO         1169    .text               c_p.l(use_no_semi.o)
    0x00005bb6   0x00005bb6   0x00000000   Code   RO         1171    .text               c_p.l(indicate_semi.o)
    0x00005bb6   0x00005bb6   0x00000056   Code   RO         1225    .text               c_p.l(__dczerorl2.o)
    0x00005c0c   0x00005c0c   0x00000032   Code   RO          350    i.__ARM_common_ll_muluu  a31m22x_scu.o
    0x00005c3e   0x00005c3e   0x00000002   PAD
    0x00005c40   0x00005c40   0x0000008c   Code   RO         1034    x$fpl$fadd          fz_ps.l(faddsub.o)
    0x00005ccc   0x00005ccc   0x000000b0   Code   RO         1049    x$fpl$fmul          fz_ps.l(fmul.o)
    0x00005d7c   0x00005d7c   0x000000d0   Code   RO         1036    x$fpl$fsub          fz_ps.l(faddsub.o)
    0x00005e4c   0x00005e4c   0x00000000   Code   RO         1060    x$fpl$usenofp       fz_ps.l(usenofp.o)
    0x00005e4c   0x00005e4c   0x00000003   Data   RO          258    .constdata          a31m22x_adc.o
    0x00005e4f   0x00005e4f   0x00000001   PAD
    0x00005e50   0x00005e50   0x00000003   Data   RO          358    .constdata          a31m22x_spi.o
    0x00005e53   0x00005e53   0x00000001   PAD
    0x00005e54   0x00005e54   0x00000003   Data   RO          404    .constdata          a31m22x_uart.o
    0x00005e57   0x00005e57   0x00000040   Data   RO         1041    .constdata          fz_ps.l(fdiv.o)
    0x00005e97   0x00005e97   0x00000001   PAD
    0x00005e98   0x00005e98   0x00000020   Data   RO         1223    Region$$Table       anon$$obj.o
    0x00005eb8   0x00005eb8   0x00009148   PAD
    0x0000f000   0x0000f000   0x00000290   Data   RO          974    .ARM.__AT_0x0000F000  default_values.o
    0x0000f290   0x0000f290   0x00000170   PAD
    0x0000f400   0x0000f400   0x0000028c   Data   RO          975    .ARM.__AT_0x0000F400  default_values.o
    0x0000f68c   0x0000f68c   0x00000174   PAD
    0x0000f800   0x0000f800   0x00000290   Data   RO          976    .ARM.__AT_0x0000F800  default_values.o
    0x0000fa90   0x0000fa90   0x00000170   PAD
    0x0000fc00   0x0000fc00   0x000000d4   Data   RO          977    .ARM.__AT_0x0000FC00  default_values.o
    0x0000fcd4   0x0000fcd4   0x0000012c   PAD
    0x0000fe00   0x0000fe00   0x000000d4   Data   RO          978    .ARM.__AT_0x0000FE00  default_values.o


    Execution Region RW_IRAM1 (Exec base: 0x20000000, Load base: 0x0000fed4, Size: 0x000017c8, Max: 0x00001800, ABSOLUTE, COMPRESSED[0x00000018])

    Exec Addr    Load Addr    Size         Type   Attr      Idx    E Section Name        Object

    0x20000000   COMPRESSED   0x0000000c   Data   RW          128    .data               bharat_bijleee.o
    0x2000000c   COMPRESSED   0x00000014   Data   RW          218    .data               a31m22x_system.o
    0x20000020   COMPRESSED   0x00000002   Data   RW          405    .data               a31m22x_uart.o
    0x20000022   COMPRESSED   0x00000005   Data   RW          511    .data               a31m22x_dma.o
    0x20000027   COMPRESSED   0x00000001   PAD
    0x20000028   COMPRESSED   0x00000010   Data   RW          560    .data               user_timer.o
    0x20000038   COMPRESSED   0x00000018   Data   RW          581    .data               user_statemachine.o
    0x20000050   COMPRESSED   0x00000010   Data   RW          663    .data               modbus_comm.o
    0x20000060   COMPRESSED   0x00000008   Data   RW          695    .data               nxp_comm_uart.o
    0x20000068   COMPRESSED   0x00000004   Data   RW          733    .data               digital_pwm_output.o
    0x2000006c   COMPRESSED   0x0000000c   Data   RW          752    .data               modbus_holding_register.o
    0x20000078   COMPRESSED   0x00000050   Data   RW          778    .data               application_input_register.o
    0x200000c8   COMPRESSED   0x0000000e   Data   RW          797    .data               application_holding_register.o
    0x200000d6   COMPRESSED   0x00000002   PAD
    0x200000d8   COMPRESSED   0x00000008   Data   RW          799    .data               application_holding_register.o
    0x200000e0   COMPRESSED   0x00000008   Data   RW          828    .data               di1_status.o
    0x200000e8   COMPRESSED   0x0000002c   Data   RW          845    .data               ai1_sensor_status.o
    0x20000114   COMPRESSED   0x0000000a   Data   RW          869    .data               pid_sensor_status.o
    0x2000011e   COMPRESSED   0x00000006   Data   RW          891    .data               modbus_status.o
    0x20000124   COMPRESSED   0x0000001a   Data   RW          912    .data               fault_status.o
    0x2000013e   COMPRESSED   0x00000002   PAD
    0x20000140   COMPRESSED   0x00000014   Data   RW          953    .data               flash_writing.o
    0x20000154   COMPRESSED   0x00000002   Data   RW         1002    .data               suppression_setting.o
    0x20000156   COMPRESSED   0x00000002   PAD
    0x20000158        -       0x00000020   Zero   RW          257    .bss                a31m22x_adc.o
    0x20000178        -       0x0000000c   Zero   RW          292    .bss                a31m22x_mpwm.o
    0x20000184        -       0x0000001c   Zero   RW          340    .bss                a31m22x_scu.o
    0x200001a0        -       0x00000028   Zero   RW          357    .bss                a31m22x_spi.o
    0x200001c8        -       0x00000030   Zero   RW          385    .bss                a31m22x_timer.o
    0x200001f8        -       0x00000050   Zero   RW          403    .bss                a31m22x_uart.o
    0x20000248        -       0x0000000c   Zero   RW          425    .bss                a31m22x_wdt.o
    0x20000254        -       0x00000c2c   Zero   RW          660    .bss                modbus_comm.o
    0x20000e80        -       0x0000003c   Zero   RW          692    .bss                nxp_comm_uart.o
    0x20000ebc        -       0x00000050   Zero   RW          910    .bss                fault_status.o
    0x20000f0c        -       0x00000190   Zero   RW          952    .bss                flash_writing.o
    0x2000109c        -       0x000000cc   Zero   RW         1001    .bss                suppression_setting.o
    0x20001168        -       0x00000060   Zero   RW         1094    .bss                c_p.l(libspace.o)
    0x200011c8        -       0x00000200   Zero   RW          552    HEAP                a31m22x_startup_arm.o
    0x200013c8        -       0x00000400   Zero   RW          551    STACK               a31m22x_startup_arm.o


==============================================================================

Image component sizes


      Code (inc. data)   RO Data    RW Data    ZI Data      Debug   Object Name

      1900         54          3          0         32      24478   a31m22x_adc.o
       736         48          0          0          0      13412   a31m22x_cfmc.o
       272         18          0          5          0       2981   a31m22x_dma.o
       720         38          0          0          0       6282   a31m22x_initclock.o
      1368         46          0          0         12      19786   a31m22x_mpwm.o
       198          0          0          0          0      86379   a31m22x_pcu.o
      1322         72          0          0         28       7380   a31m22x_scu.o
      1526         32          3          0         40      16831   a31m22x_spi.o
        56         26        168          0       1536        764   a31m22x_startup_arm.o
       148         38          0         20          0      80932   a31m22x_system.o
       972         40          0          0         48       9836   a31m22x_timer.o
      1388         68          3          2         80       9609   a31m22x_uart.o
       232         32          0          0         12       4051   a31m22x_wdt.o
       376         34          0         44          0       3054   ai1_sensor_status.o
        64         10          0          0          0        677   analog_pwm_output.o
       328         40          0         22          0       6231   application_holding_register.o
       476         24          0         80          0       2832   application_input_register.o
       296         20          0         12          0      12563   bharat_bijleee.o
         0          0       2388          0          0        949   default_values.o
       524         36          0          8          0       3564   di1_status.o
       108         14          0          4          0       1160   digital_pwm_output.o
      1056        112          0         26         80       8745   fault_status.o
       480         26          0         20        400       4486   flash_writing.o
        58          0          0          0          0        527   main.o
      1188         96          0         16       3116      16947   modbus_comm.o
       672         46          0         12          0       4045   modbus_holding_register.o
       376         24          0          6          0       3819   modbus_status.o
       716        136          0          0          0     100841   motordriverlayer_a31m22x.o
       852         62          0          8         60      17391   nxp_comm_uart.o
       236         34          0         10          0       2421   pid_sensor_status.o
       168         16          0          0          0       1638   relay_status.o
      2160         92          0          2        204       8381   suppression_setting.o
       612         78          0         24          0       6127   user_statemachine.o
       148         12          0         16          0       2275   user_timer.o

    ----------------------------------------------------------------------
     21740       1424      41199        344       5648     491394   Object Totals
         0          0         32          0          0          0   (incl. Generated)
         8          0      38602          7          0          0   (incl. Padding)

    ----------------------------------------------------------------------

      Code (inc. data)   RO Data    RW Data    ZI Data      Debug   Library Member Name

        86          0          0          0          0          0   __dczerorl2.o
         8          0          0          0          0         68   __main.o
         0          0          0          0          0          0   __rtentry.o
        12          0          0          0          0          0   __rtentry2.o
         6          0          0          0          0          0   __rtentry4.o
        60          8          0          0          0          0   __scatter.o
        28          0          0          0          0          0   __scatter_zi.o
       488          0          0          0          0         92   aeabi_sdivfast.o
        16          0          0          0          0         68   exit.o
         6          0          0          0          0        136   heapauxi.o
         0          0          0          0          0          0   indicate_semi.o
         2          0          0          0          0          0   libinit.o
         2          0          0          0          0          0   libinit2.o
         2          0          0          0          0          0   libshutdown.o
         2          0          0          0          0          0   libshutdown2.o
         8          4          0          0         96         68   libspace.o
       258          0          0          0          0         88   lludiv.o
        64          0          0          0          0        108   rt_memclr.o
         2          0          0          0          0          0   rtexit.o
        10          0          0          0          0          0   rtexit2.o
        12          4          0          0          0         60   sys_exit.o
        62          0          0          0          0         80   sys_stackheap_outer.o
         2          0          0          0          0         68   use_no_semi.o
       348          8          0          0          0        160   faddsub.o
       352         10         64          0          0         92   fdiv.o
        76          0          0          0          0         68   ffixi.o
        48          0          0          0          0         60   ffixui.o
        94          0          0          0          0         92   fflti.o
       176          4          0          0          0         80   fmul.o
         0          0          0          0          0          0   usenofp.o

    ----------------------------------------------------------------------
      2232         38         65          0         96       1388   Library Totals
         2          0          1          0          0          0   (incl. Padding)

    ----------------------------------------------------------------------

      Code (inc. data)   RO Data    RW Data    ZI Data      Debug   Library Name

      1136         16          0          0         96        836   c_p.l
      1094         22         64          0          0        552   fz_ps.l

    ----------------------------------------------------------------------
      2232         38         65          0         96       1388   Library Totals

    ----------------------------------------------------------------------

==============================================================================


      Code (inc. data)   RO Data    RW Data    ZI Data      Debug   

     23972       1462      41264        344       5744     488394   Grand Totals
     23972       1462      41264         24       5744     488394   ELF Image Totals (compressed)
     23972       1462      41264         24          0          0   ROM Totals

==============================================================================

    Total RO  Size (Code + RO Data)                65236 (  63.71kB)
    Total RW  Size (RW Data + ZI Data)              6088 (   5.95kB)
    Total ROM Size (Code + RO Data + RW Data)      65260 (  63.73kB)

==============================================================================

